04-18 13:53:54.726   828  7785 I [CT]    : VIPER: Mode=Vega,Status=6DoF,TRACKING,KF=-1,Inl=254,Pts=0,Mem=56.9,Jit=0.1mm,Issues(Cam/min=0.0,IMU/min=0.7),Exp=(4.4ms,g=2.0,I=74,Ir=8507.1)(1.3ms,g=1.0,I=74,Ir=55190.6)(4.4ms,g=2.0,I=77,Ir=8893.1)(5.1ms,g=1.0,I=75,Ir=14633.6)
04-18 13:53:54.935  3301  3408 D xrstreaming: receive ping: org 0 recv 0 xmt 245529654988500 (received at 3999460495244), offset divergence -5860
04-18 13:53:55.884   828  6777 I [CT]    : VIPER: InternalAnchorHealthMonitor: Anchors: 1 | Persistent anchors: 1 | Anchors never observed: 0
04-18 13:53:55.884   828  6777 I [CT]    :   (min/avg/max) Anchor landmarks: (27|27.0|27) | Covisible keyframes: (45|45.0|45) | Times since observation: (0.0|0.0|0.0)
04-18 13:53:55.945  3301  3408 D xrstreaming: receive ping: org 0 recv 0 xmt 245530665566100 (received at 4000471056858), offset divergence -5860
04-18 13:53:56.008  1508  2772 I [CT]    : MIXEDREALITY: MrServiceView: renderIteration: (every 10 seconds), screen is: ON, PT is: OFF, ID is: OFF
04-18 13:53:56.008  1508  2772 I [CT]    : MIXEDREALITY: MrServiceModel: commitLayerState: (every 10 seconds), ImagesAndCompute: false, ImagesOnly: false, NoRequirement: true.
04-18 13:53:56.332   828  7785 I [CT]    : VIPER:MAP_MANAGER: State: TrackingPersistent, UUID=45b9b569-7edd-c4f9-026b-eee8a448615e, Num. Persistent maps = 3,  Persistent maps:d29636d4-dc34-e0ce-153c-c97c1f3cba6a,45b9b569-7edd-c4f9-026b-eee8a448615e,9d3b66b5-88f7-7370-9f9f-9f33a95d19d9,
04-18 13:53:56.468  2534  2675 W OsSdk   : failed to extrapolate controller tracking state.
04-18 13:53:56.638   720  3465 D audio_hw_primary: adev_get_parameters:snd_device_in
04-18 13:53:56.638   720  3465 D audio_hw_extn: audio_extn_snd_device_in_get_parameters: Current input sound device: 
04-18 13:53:56.638   720  3465 D audio_hw_extn: audio_extn_get_parameters: returns snd_device_in=
04-18 13:53:56.639   720  3465 D audio_hw_primary: adev_get_parameters: exit: returns - snd_device_in=
04-18 13:53:56.639   720  3465 D audio_hw_primary: adev_get_parameters:snd_device_out
04-18 13:53:56.639   720  3465 D audio_hw_extn: audio_extn_snd_device_out_get_parameters: Current output sound device: voice-speaker-2
04-18 13:53:56.639   720  3465 D audio_hw_extn: audio_extn_get_parameters: returns snd_device_out=voice-speaker-2
04-18 13:53:56.640   720  3465 D audio_hw_primary: adev_get_parameters: exit: returns - snd_device_out=voice-speaker-2
04-18 13:53:56.946  3301  3408 D xrstreaming: receive ping: org 0 recv 0 xmt 245531665846000 (received at 4001471385139), offset divergence -5860
04-18 13:53:56.989  2534  2937 I Telemetry: App memory usage: PSS=32MB DalvikPSS=1 MB
04-18 13:53:57.886  3301  3418 I xrstreamingclient: AudioPlayer: NetworkMetrics: [0.289,19.134]9.875
04-18 13:53:57.935  3301  3421 V xrstreamingclient: batteryPercent = 99
04-18 13:53:57.959  3301  3408 D xrstreaming: receive ping: org 0 recv 0 xmt 245532674237400 (received at 4002484790451), offset divergence -5860
04-18 13:53:58.164   828  6762 I [CT]    : boltlib: DSP utilization: 20.45 % (1024 / 5010 ms)
04-18 13:53:58.330   828  7785 I [CT]    : VIPER: Mode=Vega,Status=6DoF,TRACKING,KF=-1,Inl=273,Pts=0,Mem=57.1,Jit=0.1mm,Issues(Cam/min=0.0,IMU/min=0.7),Exp=(3.8ms,g=2.0,I=80,Ir=10688.1)(1.3ms,g=1.0,I=74,Ir=55198.0)(3.8ms,g=2.0,I=69,Ir=9157.6)(5.1ms,g=1.0,I=75,Ir=14658.2)
04-18 13:53:58.473  2534  2675 W OsSdk   : failed to extrapolate controller tracking state.
04-18 13:53:58.602   736  6779 E SensorService: HMD IMU samples delayed: 4.202ms between sample arrivals (expected 1.000ms)
04-18 13:53:58.648   720  3465 D audio_hw_primary: adev_get_parameters:snd_device_in
04-18 13:53:58.648   720  3465 D audio_hw_extn: audio_extn_snd_device_in_get_parameters: Current input sound device: 
04-18 13:53:58.648   720  3465 D audio_hw_extn: audio_extn_get_parameters: returns snd_device_in=
04-18 13:53:58.648   720  3465 D audio_hw_primary: adev_get_parameters: exit: returns - snd_device_in=
04-18 13:53:58.648   720  3465 D audio_hw_primary: adev_get_parameters:snd_device_out
04-18 13:53:58.649   720  3465 D audio_hw_extn: audio_extn_snd_device_out_get_parameters: Current output sound device: voice-speaker-2
04-18 13:53:58.649   720  3465 D audio_hw_extn: audio_extn_get_parameters: returns snd_device_out=voice-speaker-2
04-18 13:53:58.649   720  3465 D audio_hw_primary: adev_get_parameters: exit: returns - snd_device_out=voice-speaker-2
04-18 13:53:58.955  3301  3408 D xrstreaming: receive ping: org 0 recv 0 xmt 245533674790600 (received at 4003480344044), offset divergence -5860
04-18 13:53:59.429   828  6790 I [CT]    : CONSTELLATION:IMU_STATUS: 6674f2ac28c0b27f (R): [FusionTracked=1.000, OutputTracked=1.000, OutputValid=1.000] [AccelSat=0.000, GyroSat=0.000] 
04-18 13:53:59.438   736  6779 W SensorService: Unknown packet type (20) received
04-18 13:53:59.940   736  7767 E FrameSetDispatcher: [HEADSET] Client pid=828 (828): Failed to read from receive FMQ for 2 packets in 5000ms.
04-18 13:53:59.940   736  7767 E FrameSetDispatcher: This probably means this client is taking more than 33 ms to process the frame.
04-18 13:53:59.940   736  7767 E FrameSetDispatcher: Retrying.
04-18 13:53:59.951   828  7785 W [CT]    : VIPER: Frame Tracking [0.041112812 [sec]s] exceeded camera sampling time [0.033333333 [sec]s].
04-18 13:53:59.951   828  7785 I [CT]    : VIPER:MAP_MANAGER: State: TrackingPersistent, UUID=45b9b569-7edd-c4f9-026b-eee8a448615e, Num. Persistent maps = 3,  Persistent maps:d29636d4-dc34-e0ce-153c-c97c1f3cba6a,45b9b569-7edd-c4f9-026b-eee8a448615e,9d3b66b5-88f7-7370-9f9f-9f33a95d19d9,
04-18 13:53:59.955  3301  3408 D xrstreaming: receive ping: org 0 recv 0 xmt 245534675300200 (received at 4004481010085), offset divergence -5860
04-18 13:54:00.479  2534  2675 W OsSdk   : failed to extrapolate controller tracking state.
04-18 13:54:00.662   720  3465 D audio_hw_primary: adev_get_parameters:snd_device_in
04-18 13:54:00.662   720  3465 D audio_hw_extn: audio_extn_snd_device_in_get_parameters: Current input sound device: 
04-18 13:54:00.663   720  3465 D audio_hw_extn: audio_extn_get_parameters: returns snd_device_in=
04-18 13:54:00.663   720  3465 D audio_hw_primary: adev_get_parameters: exit: returns - snd_device_in=
04-18 13:54:00.664   720  3465 D audio_hw_primary: adev_get_parameters:snd_device_out
04-18 13:54:00.664   720  3465 D audio_hw_extn: audio_extn_snd_device_out_get_parameters: Current output sound device: voice-speaker-2
04-18 13:54:00.664   720  3465 D audio_hw_extn: audio_extn_get_parameters: returns snd_device_out=voice-speaker-2
04-18 13:54:00.664   720  3465 D audio_hw_primary: adev_get_parameters: exit: returns - snd_device_out=voice-speaker-2
04-18 13:54:00.707  1935  2401 I chatty  : uid=10028(com.oculus.systemdriver) ClientRequest expire 6 lines
04-18 13:54:00.707  1935  7803 I chatty  : uid=10028(com.oculus.systemdriver) OVR::Clocks expire 24 lines
04-18 13:54:00.970  3301  3408 D xrstreaming: receive ping: org 0 recv 0 xmt 245535686046600 (received at 4005495996960), offset divergence -5860
04-18 13:54:01.470   828  7785 W [CT]    : VIPER: Frame Tracking [0.041865625 [sec]s] exceeded camera sampling time [0.033333333 [sec]s].
04-18 13:54:01.856  2534  2675 I GuardianInput: RightTrigger down
04-18 13:54:01.929   828  7785 I [CT]    : VIPER: Mode=Vega,Status=6DoF,TRACKING,KF=-1,Inl=316,Pts=0,Mem=52.2,Jit=0.1mm,Issues(Cam/min=0.0,IMU/min=0.7),Exp=(3.9ms,g=2.0,I=86,Ir=11153.6)(1.5ms,g=1.0,I=75,Ir=51313.0)(3.9ms,g=2.0,I=63,Ir=8240.4)(2.8ms,g=2.0,I=73,Ir=13282.9)
04-18 13:54:01.966  3301  3408 D xrstreaming: receive ping: org 0 recv 0 xmt 245536686175100 (received at 4006491744251), offset divergence -5860
04-18 13:54:02.093  2534  2675 I GuardianInput: RightTrigger up
04-18 13:54:02.194  1694  2078 W DeviceConfigUtil: Try to get config param "oculus_shared_social:oculus_messenger_reauth_removal" before Device Config has subscribed to the service.
04-18 13:54:02.483  2534  2675 W OsSdk   : failed to extrapolate controller tracking state.
04-18 13:54:02.671   720  3465 D audio_hw_primary: adev_get_parameters:snd_device_in
04-18 13:54:02.671   720  3465 D audio_hw_extn: audio_extn_snd_device_in_get_parameters: Current input sound device: 
04-18 13:54:02.671   720  3465 D audio_hw_extn: audio_extn_get_parameters: returns snd_device_in=
04-18 13:54:02.671   720  3465 D audio_hw_primary: adev_get_parameters: exit: returns - snd_device_in=
04-18 13:54:02.672   720  3465 D audio_hw_primary: adev_get_parameters:snd_device_out
04-18 13:54:02.672   720  3465 D audio_hw_extn: audio_extn_snd_device_out_get_parameters: Current output sound device: voice-speaker-2
04-18 13:54:02.672   720  3465 D audio_hw_extn: audio_extn_get_parameters: returns snd_device_out=voice-speaker-2
04-18 13:54:02.672   720  3465 D audio_hw_primary: adev_get_parameters: exit: returns - snd_device_out=voice-speaker-2
04-18 13:54:02.828   736  6779 E SensorService: HMD IMU samples delayed: 4.047ms between sample arrivals (expected 1.000ms)
04-18 13:54:02.888  3301  3418 I xrstreamingclient: AudioPlayer: NetworkMetrics: [0.317,28.321]9.881
04-18 13:54:02.975  3301  3408 D xrstreaming: receive ping: org 0 recv 0 xmt 245537695534600 (received at 4007501114563), offset divergence -5860
04-18 13:54:03.190   828  6762 I [CT]    : boltlib: DSP utilization: 20.86 % (1048 / 5026 ms)
04-18 13:54:03.535   828  7785 I [CT]    : VIPER:MAP_MANAGER: State: TrackingPersistent, UUID=45b9b569-7edd-c4f9-026b-eee8a448615e, Num. Persistent maps = 3,  Persistent maps:d29636d4-dc34-e0ce-153c-c97c1f3cba6a,45b9b569-7edd-c4f9-026b-eee8a448615e,9d3b66b5-88f7-7370-9f9f-9f33a95d19d9,
04-18 13:54:03.976  3301  3408 D xrstreaming: receive ping: org 0 recv 0 xmt 245538695614900 (received at 4008501200813), offset divergence -5860
04-18 13:54:04.135   828  7795 I [CT]    : CONSTELLATION:VISION_STATUS: 6674f2ac28c0b27f (R): BlobDetection:[#BlobsDetected=(16.35, 2.13)]Matching:[MatchSuccess=1.000, MatchCost=(0.00180, 0.00000), #MatchedBlobs=(12.81, 1.90), #MatchedLeds=(6.91, 0.24), RematchM=0.000, SkipRefine=0.000] MatchMethod:[Prox=1.000, ConstBrute=0.000, UnconstBrute=0.000] MatchResets[AnomBlobSize=0.000, SharedMatch=0.000, DenseReacq=0.000] | Fusion:[FusionError=0.000, ImuFromCamMs=(10.185, 2.958), RematchF=0.000] FusionUpdates:[Successful=1.000, Reliable=1.000, TightFusion=1.000, FullPose=0.000, StaticPrior=0.000, StaticForHandTrans=0.120, PoseUpdateMD=(0.0000, 0.0000)] FusionResets[6DoFReset=0.000, ResetSuccess=0.000] FusionStatus[HasPosition=1.000, HasVelocity=1.000] 
04-18 13:54:04.158  1935  7458 I chatty  : uid=10028(com.oculus.systemdriver) com.oculus.vrruntimeservice expire 3 lines
04-18 13:54:04.439   736  6779 W SensorService: Unknown packet type (20) received
04-18 13:54:04.485  2534  2675 W OsSdk   : failed to extrapolate controller tracking state.
04-18 13:54:04.511  1935  7800 I chatty  : uid=10028(com.oculus.systemdriver) OVR::TimeWarp expire 15 lines
04-18 13:54:04.684   720  3465 D audio_hw_primary: adev_get_parameters:snd_device_in
04-18 13:54:04.684   720  3465 D audio_hw_extn: audio_extn_snd_device_in_get_parameters: Current input sound device: 
04-18 13:54:04.684   720  3465 D audio_hw_extn: audio_extn_get_parameters: returns snd_device_in=
04-18 13:54:04.685   720  3465 D audio_hw_primary: adev_get_parameters: exit: returns - snd_device_in=
04-18 13:54:04.687   720  3465 D audio_hw_primary: adev_get_parameters:snd_device_out
04-18 13:54:04.687   720  3465 D audio_hw_extn: audio_extn_snd_device_out_get_parameters: Current output sound device: voice-speaker-2
04-18 13:54:04.687   720  3465 D audio_hw_extn: audio_extn_get_parameters: returns snd_device_out=voice-speaker-2
04-18 13:54:04.687   720  3465 D audio_hw_primary: adev_get_parameters: exit: returns - snd_device_out=voice-speaker-2
04-18 13:54:04.883  1935  2401 I chatty  : uid=10028(com.oculus.systemdriver) ClientRequest expire 1 line
04-18 13:54:04.884  1935  7803 I chatty  : uid=10028(com.oculus.systemdriver) OVR::Clocks expire 7 lines
04-18 13:54:04.987  3301  3408 D xrstreaming: receive ping: org 0 recv 0 xmt 245539706178000 (received at 4009512030031), offset divergence -5860
04-18 13:54:05.384  1935  2401 I chatty  : uid=10028(com.oculus.systemdriver) ClientRequest expire 1 line
04-18 13:54:05.385  1935  7803 I chatty  : uid=10028(com.oculus.systemdriver) OVR::Clocks expire 5 lines
04-18 13:54:05.536   828  7785 I [CT]    : VIPER: Mode=Vega,Status=6DoF,TRACKING,KF=-1,Inl=303,Pts=0,Mem=52.2,Jit=0.1mm,Issues(Cam/min=0.0,IMU/min=0.7),Exp=(3.6ms,g=2.0,I=85,Ir=11840.9)(1.5ms,g=1.0,I=75,Ir=51110.8)(3.6ms,g=2.0,I=63,Ir=8783.4)(2.7ms,g=2.0,I=75,Ir=13808.7)
04-18 13:54:05.913  1935  2401 I chatty  : uid=10028(com.oculus.systemdriver) ClientRequest expire 4 lines
04-18 13:54:06.010  3301  3408 D xrstreaming: receive ping: org 0 recv 0 xmt 245540715443000 (received at 4010535569406), offset divergence -5860
04-18 13:54:06.026  1508  2772 I [CT]    : MIXEDREALITY: MrServiceView: renderIteration: (every 10 seconds), screen is: ON, PT is: OFF, ID is: OFF
04-18 13:54:06.026  1508  2772 I [CT]    : MIXEDREALITY: MrServiceModel: commitLayerState: (every 10 seconds), ImagesAndCompute: false, ImagesOnly: false, NoRequirement: true.
04-18 13:54:06.492  2534  2675 W OsSdk   : failed to extrapolate controller tracking state.
04-18 13:54:06.693   720  3465 D audio_hw_primary: adev_get_parameters:snd_device_in
04-18 13:54:06.693   720  3465 D audio_hw_extn: audio_extn_snd_device_in_get_parameters: Current input sound device: 
04-18 13:54:06.693   720  3465 D audio_hw_extn: audio_extn_get_parameters: returns snd_device_in=
04-18 13:54:06.693   720  3465 D audio_hw_primary: adev_get_parameters: exit: returns - snd_device_in=
04-18 13:54:06.695   720  3465 D audio_hw_primary: adev_get_parameters:snd_device_out
04-18 13:54:06.695   720  3465 D audio_hw_extn: audio_extn_snd_device_out_get_parameters: Current output sound device: voice-speaker-2
04-18 13:54:06.695   720  3465 D audio_hw_extn: audio_extn_get_parameters: returns snd_device_out=voice-speaker-2
04-18 13:54:06.695   720  3465 D audio_hw_primary: adev_get_parameters: exit: returns - snd_device_out=voice-speaker-2
04-18 13:54:06.713  7351  7912 I chatty  : uid=10087(com.YourCompany.IDLT) expire 12 lines
04-18 13:54:06.949   811   930 I crash-uploader: [Crash Reporter Rate Limiting] reset data
04-18 13:54:06.998  3301  3408 D xrstreaming: receive ping: org 0 recv 0 xmt 245541716470000 (received at 4011523328156), offset divergence -5860
04-18 13:54:07.127   828  7785 I [CT]    : VIPER:MAP_MANAGER: State: TrackingPersistent, UUID=45b9b569-7edd-c4f9-026b-eee8a448615e, Num. Persistent maps = 3,  Persistent maps:d29636d4-dc34-e0ce-153c-c97c1f3cba6a,45b9b569-7edd-c4f9-026b-eee8a448615e,9d3b66b5-88f7-7370-9f9f-9f33a95d19d9,
04-18 13:54:07.887  3301  3418 I xrstreamingclient: AudioPlayer: NetworkMetrics: [0.302,26.292]9.873
04-18 13:54:07.987   828  7785 I [CT]    : BrightnessPredictor: [Throttled count=375] Current irradiance: 24507.5 (samples: 4).
04-18 13:54:08.005  3301  3408 D xrstreaming: receive ping: org 0 recv 0 xmt 245542725306200 (received at 4012530987062), offset divergence -5860
04-18 13:54:08.193   828  6762 I [CT]    : boltlib: DSP utilization: 21.11 % (1056 / 5003 ms)
04-18 13:54:08.498  2534  2675 W OsSdk   : failed to extrapolate controller tracking state.
04-18 13:54:09.006  3301  3408 D xrstreaming: receive ping: org 0 recv 0 xmt 245543725512300 (received at 4013531548936), offset divergence -5860
04-18 13:54:09.026  1508  2905 I VrRuntimeDeviceConfigClient: GetBoolean: oculus_mobile_disable_non_hands_app_hands_usage 0
04-18 13:54:09.026  1508  2905 I VrRuntimeDeviceConfigClient: GetBoolean: oculus_keyboard_telemetry 0
04-18 13:54:09.123   828  7785 I [CT]    : VIPER: Mode=Vega,Status=6DoF,TRACKING,KF=-1,Inl=308,Pts=0,Mem=52.1,Jit=0.1mm,Issues(Cam/min=0.0,IMU/min=0.7),Exp=(3.8ms,g=2.0,I=84,Ir=11236.5)(1.4ms,g=1.0,I=74,Ir=51749.7)(3.8ms,g=2.0,I=64,Ir=8510.1)(2.7ms,g=2.0,I=75,Ir=13810.4)
04-18 13:54:09.432   828  6790 I [CT]    : CONSTELLATION:IMU_STATUS: 6674f2ac28c0b27f (R): [FusionTracked=1.000, OutputTracked=1.000, OutputValid=1.000] [AccelSat=0.000, GyroSat=0.000] 
04-18 13:54:09.441   736  6779 W SensorService: Unknown packet type (20) received
04-18 13:54:09.895   736  6779 E SensorService: HMD IMU samples delayed: 4.668ms between sample arrivals (expected 1.000ms)
04-18 13:54:10.015  3301  3408 D xrstreaming: receive ping: org 0 recv 0 xmt 245544735054100 (received at 4014540761332), offset divergence -5860
04-18 13:54:10.503  2534  2675 W OsSdk   : failed to extrapolate controller tracking state.
04-18 13:54:10.718   720  3465 D audio_hw_primary: adev_get_parameters:snd_device_in
04-18 13:54:10.718   720  3465 D audio_hw_extn: audio_extn_snd_device_in_get_parameters: Current input sound device: 
04-18 13:54:10.718   720  3465 D audio_hw_extn: audio_extn_get_parameters: returns snd_device_in=
04-18 13:54:10.718   720  3465 D audio_hw_primary: adev_get_parameters: exit: returns - snd_device_in=
04-18 13:54:10.719   720  3465 D audio_hw_primary: adev_get_parameters:snd_device_out
04-18 13:54:10.719   720  3465 D audio_hw_extn: audio_extn_snd_device_out_get_parameters: Current output sound device: voice-speaker-2
04-18 13:54:10.719   720  3465 D audio_hw_extn: audio_extn_get_parameters: returns snd_device_out=voice-speaker-2
04-18 13:54:10.719   720  3465 D audio_hw_primary: adev_get_parameters: exit: returns - snd_device_out=voice-speaker-2
04-18 13:54:10.723   828  7785 I [CT]    : VIPER:MAP_MANAGER: State: TrackingPersistent, UUID=45b9b569-7edd-c4f9-026b-eee8a448615e, Num. Persistent maps = 3,  Persistent maps:d29636d4-dc34-e0ce-153c-c97c1f3cba6a,45b9b569-7edd-c4f9-026b-eee8a448615e,9d3b66b5-88f7-7370-9f9f-9f33a95d19d9,
04-18 13:54:11.003  2534  2937 I VrRuntimeDeviceConfigClient: GetBoolean: oculus_mobile_disable_non_hands_app_hands_usage 0
04-18 13:54:11.003  2534  2937 I VrRuntimeDeviceConfigClient: GetBoolean: oculus_keyboard_telemetry 0
04-18 13:54:11.007   828  6777 I [CT]    : VIPER: InternalAnchorHealthMonitor: Anchors: 1 | Persistent anchors: 1 | Anchors never observed: 0
04-18 13:54:11.007   828  6777 I [CT]    :   (min/avg/max) Anchor landmarks: (27|27.0|27) | Covisible keyframes: (45|45.0|45) | Times since observation: (0.0|0.0|0.0)
04-18 13:54:11.015  3301  3408 D xrstreaming: receive ping: org 0 recv 0 xmt 245545735330700 (received at 4015540983519), offset divergence -5860
04-18 13:54:12.016  3301  3408 D xrstreaming: receive ping: org 0 recv 0 xmt 245546735874300 (received at 4016541547841), offset divergence -5860
04-18 13:54:12.295   736  6779 E SensorService: HMD IMU samples delayed: 7.873ms between sample arrivals (expected 1.000ms)
04-18 13:54:12.295   828  6781 W [CT]    : VisionInterface: [Throttled count=1] Delayed IMU measurements detected! Capture Time: 4016.811676352 [sec], Arrival Time: 4016.820481643 [sec], Time Delta: 0.008805291 [sec]
04-18 13:54:12.508  2534  2675 W OsSdk   : failed to extrapolate controller tracking state.
04-18 13:54:12.721  7351  7471 I chatty  : uid=10087(com.YourCompany.IDLT) expire 95 lines
04-18 13:54:12.725   720  3465 D audio_hw_primary: adev_get_parameters:snd_device_in
04-18 13:54:12.725   720  3465 D audio_hw_extn: audio_extn_snd_device_in_get_parameters: Current input sound device: 
04-18 13:54:12.725   720  3465 D audio_hw_extn: audio_extn_get_parameters: returns snd_device_in=
04-18 13:54:12.725   720  3465 D audio_hw_primary: adev_get_parameters: exit: returns - snd_device_in=
04-18 13:54:12.726   720  3465 D audio_hw_primary: adev_get_parameters:snd_device_out
04-18 13:54:12.726   720  3465 D audio_hw_extn: audio_extn_snd_device_out_get_parameters: Current output sound device: voice-speaker-2
04-18 13:54:12.726   720  3465 D audio_hw_extn: audio_extn_get_parameters: returns snd_device_out=voice-speaker-2
04-18 13:54:12.726   720  3465 D audio_hw_primary: adev_get_parameters: exit: returns - snd_device_out=voice-speaker-2
04-18 13:54:12.733   828  7785 I [CT]    : VIPER: Mode=Vega,Status=6DoF,TRACKING,KF=-1,Inl=274,Pts=0,Mem=52.1,Jit=0.5mm,Issues(Cam/min=0.0,IMU/min=0.7),Exp=(3.5ms,g=2.0,I=95,Ir=13504.6)(1.4ms,g=1.0,I=74,Ir=54796.5)(3.5ms,g=2.0,I=54,Ir=7750.3)(2.8ms,g=2.0,I=74,Ir=13198.8)
04-18 13:54:12.895  3301  3418 I xrstreamingclient: AudioPlayer: NetworkMetrics: [0.316,20.493]9.890
04-18 13:54:13.026  3301  3408 D xrstreaming: receive ping: org 0 recv 0 xmt 245547745339000 (received at 4017551353778), offset divergence -5860
04-18 13:54:13.027  1508  2905 I Telemetry: App memory usage: PSS=24MB DalvikPSS=7 MB
04-18 13:54:13.194   828  6762 I [CT]    : boltlib: DSP utilization: 20.16 % (1008 / 5000 ms)
04-18 13:54:13.334   736   885 I SyncBossHAL: [info   ] syncboss_hal_powerstate.c(63): Reporting powerstate event: prox_off
04-18 13:54:13.337  1694  2078 W DeviceConfigUtil: Try to get config param "oculus_shared_social:oculus_messenger_reauth_removal" before Device Config has subscribed to the service.
04-18 13:54:13.342  1029  1029 D VrPowerManagerService: processing message: sensor changed
04-18 13:54:13.343  1029  1029 I VrPowerManagerService: transition from HEADSET_MOUNTED to HEADSET_UNMOUNTED
04-18 13:54:13.348  1935  1935 I chatty  : uid=10028(com.oculus.systemdriver) com.oculus.vrruntimeservice expire 3 lines
04-18 13:54:13.348  2107  2107 I chatty  : uid=10031(com.oculus.vrshell) ShellOverlayMai expire 45 lines
04-18 13:54:13.348   828  1199 D SensorClientUtils: Received transition request to STANDBY current is RUNNING
04-18 13:54:13.349   828  1199 D SensorClientUtils: Executing transition from RUNNING to STANDBY
04-18 13:54:13.349  2107  2603 I chatty  : uid=10031(com.oculus.vrshell) ShellOverlayVR expire 193 lines
04-18 13:54:13.352  1775  1775 I chatty  : uid=10031(com.oculus.vrshell) ShellMain expire 22 lines
04-18 13:54:13.352  1694  1694 W VRLifecycleSessionManager: No apps were active so skipping session.
04-18 13:54:13.352  1694  1694 W VRLifecycleManager: onHeadsetUnmounted
04-18 13:54:13.353  1896  1896 V DeviceLifecycleManager: Mount state changed: isMounted = false
04-18 13:54:13.353  1437  3045 D VrPowerManagerClient: Headset state: 2
04-18 13:54:13.359  1437  3045 V ControllerNotifications: Handling unmount notification
04-18 13:54:13.361  1935  2401 I chatty  : uid=10028(com.oculus.systemdriver) ClientRequest expire 1 line
04-18 13:54:13.364  1508  1508 I [CT]    : MIXEDREALITY: MrService: MountStateChanged: false
04-18 13:54:13.366  7351  7396 I chatty  : uid=10087(com.YourCompany.IDLT) expire 2 lines
04-18 13:54:13.372   720  3465 D audio_hw_primary: adev_set_mic_mute state 0
04-18 13:54:13.374  1029  5810 E AudioSystem-JNI: Command failed for android_media_AudioSystem_muteMicrophone: -38
04-18 13:54:13.377  2534  2675 I GuardianSystem: Headset was unmounted
04-18 13:54:13.378  2534  2891 I VrRuntimeClient: UpdateEvents: HMT was UNmounted
04-18 13:54:13.379  2534  2675 W GuardianOpenXrMgr: @@@ wait frame retry=10 dtWait=0.000001 dtFrame=0.033868 submittedFrameIndex=115557
04-18 13:54:13.418  1029  1414 E ActivityManager: Sending non-protected broadcast com.oculus.systemactivities.CAPTURE_STATE_UPDATE from system 1694:com.oculus.horizon/u0a53 pkg com.oculus.horizon
04-18 13:54:13.418  1029  1414 E ActivityManager: java.lang.Throwable
04-18 13:54:13.418  1029  1414 E ActivityManager: 	at com.android.server.am.ActivityManagerService.checkBroadcastFromSystem(ActivityManagerService.java:15005)
04-18 13:54:13.418  1029  1414 E ActivityManager: 	at com.android.server.am.ActivityManagerService.broadcastIntentLocked(ActivityManagerService.java:15562)
04-18 13:54:13.418  1029  1414 E ActivityManager: 	at com.android.server.am.ActivityManagerService.broadcastIntentLocked(ActivityManagerService.java:15022)
04-18 13:54:13.418  1029  1414 E ActivityManager: 	at com.android.server.am.ActivityManagerService.broadcastIntent(ActivityManagerService.java:15798)
04-18 13:54:13.418  1029  1414 E ActivityManager: 	at android.app.IActivityManager$Stub.onTransact(IActivityManager.java:1964)
04-18 13:54:13.418  1029  1414 E ActivityManager: 	at com.android.server.am.ActivityManagerService.onTransact(ActivityManagerService.java:2769)
04-18 13:54:13.418  1029  1414 E ActivityManager: 	at android.os.Binder.execTransactInternal(Binder.java:1021)
04-18 13:54:13.418  1029  1414 E ActivityManager: 	at android.os.Binder.execTransact(Binder.java:994)
04-18 13:54:13.420  1029  1414 I DropBoxManagerService: add tag=system_server_wtf isTagEnabled=true flags=0x2
04-18 13:54:13.433  1029  1397 E ActivityManager: Sending non-protected broadcast com.oculus.systemactivities.CAPTURE_STATE_UPDATE from system 1694:com.oculus.horizon/u0a53 pkg com.oculus.horizon
04-18 13:54:13.433  1029  1397 E ActivityManager: java.lang.Throwable
04-18 13:54:13.433  1029  1397 E ActivityManager: 	at com.android.server.am.ActivityManagerService.checkBroadcastFromSystem(ActivityManagerService.java:15005)
04-18 13:54:13.433  1029  1397 E ActivityManager: 	at com.android.server.am.ActivityManagerService.broadcastIntentLocked(ActivityManagerService.java:15656)
04-18 13:54:13.433  1029  1397 E ActivityManager: 	at com.android.server.am.ActivityManagerService.broadcastIntentLocked(ActivityManagerService.java:15022)
04-18 13:54:13.433  1029  1397 E ActivityManager: 	at com.android.server.am.ActivityManagerService.broadcastIntent(ActivityManagerService.java:15798)
04-18 13:54:13.433  1029  1397 E ActivityManager: 	at android.app.IActivityManager$Stub.onTransact(IActivityManager.java:1964)
04-18 13:54:13.433  1029  1397 E ActivityManager: 	at com.android.server.am.ActivityManagerService.onTransact(ActivityManagerService.java:2769)
04-18 13:54:13.433  1029  1397 E ActivityManager: 	at android.os.Binder.execTransactInternal(Binder.java:1021)
04-18 13:54:13.433  1029  1397 E ActivityManager: 	at android.os.Binder.execTransact(Binder.java:994)
04-18 13:54:13.439  1029  1397 I DropBoxManagerService: add tag=system_server_wtf isTagEnabled=true flags=0x2
04-18 13:54:13.445  1694  1694 I OVRPlatform: [AudioManager] SetHeadsetMounted: false
04-18 13:54:13.445  1694  1694 I OVRPlatform: [AudioManager] Current headsetMounted_ false
04-18 13:54:13.445  1694  1694 I OVRPlatform: [AudioManager] Current headphoneStatus_: DISCONNECTED
04-18 13:54:13.537  2507  2592 I WM-WorkerWrapper: Worker result SUCCESS for Work [ id=7b35242d-255f-4978-8071-c6534f215b47, tags={ com.oculus.identitymanagement.service.workers.MVanScreenTimeWorker } ]
04-18 13:54:13.600   736  6779 W SensorService: Arrival timestamp too late
04-18 13:54:13.627   736   885 I SyncBossHAL: [info   ] syncboss_hal_powerstate.c(63): Reporting powerstate event: prox_on
04-18 13:54:13.627  1029  1029 D VrPowerManagerService: processing message: sensor changed
04-18 13:54:13.627  1029  1029 I VrPowerManagerService: transition from HEADSET_UNMOUNTED to HEADSET_MOUNTED
04-18 13:54:13.630   828  1199 D SensorClientUtils: Received transition request to RUNNING current is STANDBY
04-18 13:54:13.631   828  1199 D SensorClientUtils: Executing transition from STANDBY to RUNNING
04-18 13:54:13.631  1437  1487 D VrPowerManagerClient: Headset state: 1
04-18 13:54:13.631  1437  1487 V ControllerNotifications: Headset was mounted, requesting that notifications are enabled
04-18 13:54:13.631  1437  1487 V ControllerNotifications: Queueing enable of notifications in 5000ms
04-18 13:54:13.633  2534  2675 I GuardianSystem: Headset was mounted
04-18 13:54:13.633  2534  2675 I GuardianSystem: Start pushing black after mount.
04-18 13:54:13.634  2534  2891 I VrRuntimeClient: UpdateEvents: HMT was mounted
04-18 13:54:13.634  1935  2674 I chatty  : uid=10028(com.oculus.systemdriver) Thread-12 expire 1 line
04-18 13:54:13.635  2534  2675 I GuardianSystem: UpdateGuardianSystemState: Flags changed: 532480, 524288, SYSTEM_GUARDIAN_VISIBLE,SYSTEM_GUARDIAN_VALID to SYSTEM_GUARDIAN_VALID
04-18 13:54:13.635  2534  2675 I GuardianSystem: UpdateGuardianSystemState: Flags2 changed: 3, 51, SYSTEM_2_DIRECTIONAL_PASSTHROUGH_ENABLED,SYSTEM_2_STATIONARY_GUARDIAN_V2_ENABLED to SYSTEM_2_DIRECTIONAL_PASSTHROUGH_ENABLED,SYSTEM_2_STATIONARY_GUARDIAN_V2_ENABLED,SYSTEM_2_LOADING_DOTS,SYSTEM_2_SHOULD_PUSH_BLACK
04-18 13:54:13.637   736  6779 W SensorService: Arrival timestamp too early
04-18 13:54:13.638  1935  1935 I chatty  : uid=10028(com.oculus.systemdriver) com.oculus.vrruntimeservice expire 3 lines
04-18 13:54:13.639  1896  1896 V DeviceLifecycleManager: Mount state changed: isMounted = true
04-18 13:54:13.639  1508  1508 I [CT]    : MIXEDREALITY: MrService: MountStateChanged: true
04-18 13:54:13.645   720  3465 D audio_hw_primary: adev_set_mic_mute state 0
04-18 13:54:13.645  1935  2401 I chatty  : uid=10028(com.oculus.systemdriver) ClientRequest expire 3 lines
04-18 13:54:13.651  1029  5810 E AudioSystem-JNI: Command failed for android_media_AudioSystem_muteMicrophone: -38
04-18 13:54:13.655  1694  1694 W VRLifecycleManager: onHeadsetMounted
04-18 13:54:13.657  1694  1694 I OVRPlatform: [AudioManager] SetHeadsetMounted: true
04-18 13:54:13.657  1694  1694 I OVRPlatform: [AudioManager] Current headsetMounted_ true
04-18 13:54:13.657  1694  1694 I OVRPlatform: [AudioManager] Current headphoneStatus_: DISCONNECTED
04-18 13:54:13.797  2117  2243 W LibraryProvider: Cannot find entitlement for com.YourCompany.IDLT
04-18 13:54:13.797  2507  2759 W OVRLibrary: null cursor received for query content://com.oculus.ocms.library/apps/com.YourCompany.IDLT
04-18 13:54:13.804  1935  7800 I chatty  : uid=10028(com.oculus.systemdriver) OVR::TimeWarp expire 3 lines
04-18 13:54:13.809  2507  2644 I WM-WorkerWrapper: Worker result SUCCESS for Work [ id=55534d93-b133-41c7-bfa2-b922ac8827df, tags={ com.oculus.identitymanagement.service.workers.MVanScreenTimeWorker } ]
04-18 13:54:13.934  1935  2401 I chatty  : uid=10028(com.oculus.systemdriver) ClientRequest expire 2 lines
04-18 13:54:13.976  1935  7803 I chatty  : uid=10028(com.oculus.systemdriver) OVR::Clocks expire 6 lines
04-18 13:54:14.000  2534  2675 W OsSdk   : Requested historical tracking state too far in the past; oldest: 4018.269215s, requested: 4018.238322s
04-18 13:54:14.026  3301  3408 D xrstreaming: receive ping: org 0 recv 0 xmt 245548745414600 (received at 4018551156851), offset divergence -5860
04-18 13:54:14.133   828  7795 I [CT]    : CONSTELLATION:VISION_STATUS: 6674f2ac28c0b27f (R): BlobDetection:[#BlobsDetected=(15.57, 5.28)]Matching:[MatchSuccess=1.000, MatchCost=(0.00131, 0.00000), #MatchedBlobs=(12.28, 3.85), #MatchedLeds=(6.42, 0.70), RematchM=0.000, SkipRefine=0.000] MatchMethod:[Prox=1.000, ConstBrute=0.000, UnconstBrute=0.000] MatchResets[AnomBlobSize=0.000, SharedMatch=0.000, DenseReacq=0.000] | Fusion:[FusionError=0.000, ImuFromCamMs=(9.989, 1.754), RematchF=0.000] FusionUpdates:[Successful=1.000, Reliable=1.000, TightFusion=1.000, FullPose=0.000, StaticPrior=0.000, StaticForHandTrans=0.000, PoseUpdateMD=(0.0000, 0.0000)] FusionResets[6DoFReset=0.000, ResetSuccess=0.000] FusionStatus[HasPosition=1.000, HasVelocity=1.000] 
04-18 13:54:14.327   828  7785 I [CT]    : VIPER:MAP_MANAGER: State: TrackingPersistent, UUID=45b9b569-7edd-c4f9-026b-eee8a448615e, Num. Persistent maps = 3,  Persistent maps:d29636d4-dc34-e0ce-153c-c97c1f3cba6a,45b9b569-7edd-c4f9-026b-eee8a448615e,9d3b66b5-88f7-7370-9f9f-9f33a95d19d9,
04-18 13:54:14.441   736  6779 W SensorService: Unknown packet type (20) received
04-18 13:54:14.518  2534  2675 W OsSdk   : failed to extrapolate controller tracking state.
04-18 13:54:14.520  1232  1232 V AvrcpMediaPlayerList: mPackageChangedBroadcastReceiver: action: android.intent.action.PACKAGE_CHANGED
04-18 13:54:14.520  1232  1232 D AvrcpMediaPlayerList: Name of package changed: com.oculus.identitymanagement.service
04-18 13:54:14.523  1029  1115 I InputReader: Reconfiguring input devices.  changes=0x00000010
04-18 13:54:14.525  1029  1055 W Searchables: No global search activity found
04-18 13:54:14.531  1029  1055 W VoiceInteractionManagerService: no available voice interaction services found for user 0
04-18 13:54:14.732   720  3465 D audio_hw_primary: adev_get_parameters:snd_device_in
04-18 13:54:14.732   720  3465 D audio_hw_extn: audio_extn_snd_device_in_get_parameters: Current input sound device: 
04-18 13:54:14.732   720  3465 D audio_hw_extn: audio_extn_get_parameters: returns snd_device_in=
04-18 13:54:14.732   720  3465 D audio_hw_primary: adev_get_parameters: exit: returns - snd_device_in=
04-18 13:54:14.733   720  3465 D audio_hw_primary: adev_get_parameters:snd_device_out
04-18 13:54:14.733   720  3465 D audio_hw_extn: audio_extn_snd_device_out_get_parameters: Current output sound device: voice-speaker-2
04-18 13:54:14.733   720  3465 D audio_hw_extn: audio_extn_get_parameters: returns snd_device_out=voice-speaker-2
04-18 13:54:14.733   720  3465 D audio_hw_primary: adev_get_parameters: exit: returns - snd_device_out=voice-speaker-2
04-18 13:54:15.041  3301  3408 D xrstreaming: receive ping: org 0 recv 0 xmt 245549755935900 (received at 4019566683361), offset divergence -5860
04-18 13:54:15.161  2534  2675 I GuardianSystem: ForceShowGuardian: false, 3.00
04-18 13:54:15.161  2534  2675 I GuardianSystem: ForceShowGuardian: Soft fade out: 1.00
04-18 13:54:15.161  2534  2675 I GuardianSystem: Stop pushing black after mount. Show Guardian.
04-18 13:54:15.161  2534  2675 I GuardianSystem: Stop showing dots after not pushing black.
04-18 13:54:15.163  1935  2674 I chatty  : uid=10028(com.oculus.systemdriver) Thread-12 expire 1 line
04-18 13:54:15.163  2534  2675 I GuardianSystem: UpdateGuardianSystemState: Flags changed: 524288, 532480, SYSTEM_GUARDIAN_VALID to SYSTEM_GUARDIAN_VISIBLE,SYSTEM_GUARDIAN_VALID
04-18 13:54:15.163  2534  2675 I GuardianSystem: UpdateGuardianSystemState: Flags2 changed: 51, 3, SYSTEM_2_DIRECTIONAL_PASSTHROUGH_ENABLED,SYSTEM_2_STATIONARY_GUARDIAN_V2_ENABLED,SYSTEM_2_LOADING_DOTS,SYSTEM_2_SHOULD_PUSH_BLACK to SYSTEM_2_DIRECTIONAL_PASSTHROUGH_ENABLED,SYSTEM_2_STATIONARY_GUARDIAN_V2_ENABLED
04-18 13:54:15.171  2534  2675 W GuardianOpenXrMgr: @@@ wait frame retry=10 dtWait=0.000001 dtFrame=1.495140 submittedFrameIndex=115579
04-18 13:54:15.173  1935  2401 I chatty  : uid=10028(com.oculus.systemdriver) ClientRequest expire 4 lines
04-18 13:54:15.182  1935  7800 I chatty  : uid=10028(com.oculus.systemdriver) OVR::TimeWarp expire 3 lines
04-18 13:54:15.215  1935  2401 I chatty  : uid=10028(com.oculus.systemdriver) ClientRequest expire 1 line
04-18 13:54:15.215  1935  7803 I Clocks  : ReleaseClocks - start
04-18 13:54:15.215  1935  7803 I Clocks  : ReleaseClocks - end (0.3 ms)
04-18 13:54:15.215  1935  7803 I Clocks  : LockClocks( cpu=4, gpu=5 ) - start
04-18 13:54:15.215  1935  7803 I Clocks  : CPU levels [0, 4]
04-18 13:54:15.215  1935  7803 I Clocks  : GPU levels [0, 5]
04-18 13:54:15.216  1935  7803 I Clocks  : LockClocks( cpu=4, gpu=5 ) - end (1.0 ms)
04-18 13:54:15.405  7351  7372 I chatty  : uid=10087(com.YourCompany.IDLT) expire 1 line
04-18 13:54:15.409  7351  8514 I chatty  : uid=10087(com.YourCompany.IDLT) expire 3 lines
04-18 13:54:15.939  1935  2401 W OsSdk   : failed to extrapolate controller tracking state.
04-18 13:54:16.046  1508  2772 I [CT]    : MIXEDREALITY: MrServiceView: renderIteration: (every 10 seconds), screen is: ON, PT is: OFF, ID is: OFF
04-18 13:54:16.046  1508  2772 I [CT]    : MIXEDREALITY: MrServiceModel: commitLayerState: (every 10 seconds), ImagesAndCompute: false, ImagesOnly: false, NoRequirement: true.
04-18 13:54:16.050  3301  3408 D xrstreaming: receive ping: org 0 recv 0 xmt 245550769982000 (received at 4020575828465), offset divergence -5860
04-18 13:54:16.326   828  7785 I [CT]    : VIPER: Mode=Vega,Status=6DoF,TRACKING,KF=-1,Inl=252,Pts=0,Mem=52.1,Jit=0.2mm,Issues(Cam/min=0.0,IMU/min=0.7),Exp=(3.2ms,g=2.0,I=89,Ir=13836.7)(1.1ms,g=1.0,I=74,Ir=68907.6)(3.2ms,g=2.0,I=76,Ir=11809.9)(4.6ms,g=1.0,I=74,Ir=16306.3)
04-18 13:54:16.532  2534  2675 W OsSdk   : failed to extrapolate controller tracking state.
04-18 13:54:16.738   720  3465 D audio_hw_primary: adev_get_parameters:snd_device_in
04-18 13:54:16.738   720  3465 D audio_hw_extn: audio_extn_snd_device_in_get_parameters: Current input sound device: 
04-18 13:54:16.738   720  3465 D audio_hw_extn: audio_extn_get_parameters: returns snd_device_in=
04-18 13:54:16.738   720  3465 D audio_hw_primary: adev_get_parameters: exit: returns - snd_device_in=
04-18 13:54:16.739   720  3465 D audio_hw_primary: adev_get_parameters:snd_device_out
04-18 13:54:16.739   720  3465 D audio_hw_extn: audio_extn_snd_device_out_get_parameters: Current output sound device: voice-speaker-2
04-18 13:54:16.739   720  3465 D audio_hw_extn: audio_extn_get_parameters: returns snd_device_out=voice-speaker-2
04-18 13:54:16.739   720  3465 D audio_hw_primary: adev_get_parameters: exit: returns - snd_device_out=voice-speaker-2
04-18 13:54:16.993  2534  2937 I Telemetry: App memory usage: PSS=32MB DalvikPSS=1 MB
04-18 13:54:17.055  3301  3408 D xrstreaming: receive ping: org 0 recv 0 xmt 245551774576800 (received at 4021580385496), offset divergence -5860
04-18 13:54:17.205  7351  7471 I chatty  : uid=10087(com.YourCompany.IDLT) expire 12 lines
04-18 13:54:17.714  7351  7912 I chatty  : uid=10087(com.YourCompany.IDLT) expire 1 line
04-18 13:54:17.762  7351  7471 I chatty  : uid=10087(com.YourCompany.IDLT) expire 6 lines
04-18 13:54:17.886  3301  3418 I xrstreamingclient: AudioPlayer: NetworkMetrics: [0.303,24.258]9.853
04-18 13:54:17.936   828  7785 I [CT]    : VIPER:MAP_MANAGER: State: TrackingPersistent, UUID=45b9b569-7edd-c4f9-026b-eee8a448615e, Num. Persistent maps = 3,  Persistent maps:d29636d4-dc34-e0ce-153c-c97c1f3cba6a,45b9b569-7edd-c4f9-026b-eee8a448615e,9d3b66b5-88f7-7370-9f9f-9f33a95d19d9,
04-18 13:54:17.944  1935  2401 W OsSdk   : failed to extrapolate controller tracking state.
04-18 13:54:17.976  3301  3421 V xrstreamingclient: batteryPercent = 99
04-18 13:54:18.038  7351  7400 I chatty  : uid=10087(com.YourCompany.IDLT) expire 1 line
04-18 13:54:18.040  7351  7471 I chatty  : uid=10087(com.YourCompany.IDLT) expire 8 lines
04-18 13:54:18.056  3301  3408 D xrstreaming: receive ping: org 0 recv 0 xmt 245552776265500 (received at 4022582012579), offset divergence -5860
04-18 13:54:18.195   828  6762 I [CT]    : boltlib: DSP utilization: 18.91 % (945 / 5001 ms)
04-18 13:54:18.319  7351  7922 I chatty  : uid=10087(com.YourCompany.IDLT) expire 1 line
04-18 13:54:18.398  7351  7372 I chatty  : uid=10087(com.YourCompany.IDLT) expire 1 line
04-18 13:54:18.402  7351  7471 I chatty  : uid=10087(com.YourCompany.IDLT) expire 1 line
04-18 13:54:18.405  7351  8521 I chatty  : uid=10087(com.YourCompany.IDLT) expire 2 lines
04-18 13:54:18.458  7351  7471 I chatty  : uid=10087(com.YourCompany.IDLT) expire 2 lines
04-18 13:54:18.470  7351  8521 I chatty  : uid=10087(com.YourCompany.IDLT) expire 1 line
04-18 13:54:18.537  2534  2675 W OsSdk   : failed to extrapolate controller tracking state.
04-18 13:54:18.569  7351  7471 I chatty  : uid=10087(com.YourCompany.IDLT) expire 3 lines
04-18 13:54:18.640  1935  2401 I ServiceInputManager: system button SetHomeButtonDownState 4023.17
04-18 13:54:18.640  1935  2401 I ServiceInputManager: system button down, should reset recenter timer
04-18 13:54:18.640  1935  2401 I ServiceInputManager: HOME BUTTON shared state changed:  hardware ID 7382792510399099519  UpdateCount: 5 
04-18 13:54:18.640  1935  2401 I RecenterTimer: UpdateTimerData(4023.67 4024.17)
04-18 13:54:18.642  1437  1437 D ControllerNotifications: Enabling notifications
04-18 13:54:18.646  1437  1437 I ControllerNotifications: Updating input notifications based on state ConnectedBatteryNormal
04-18 13:54:18.714  7351  7912 I chatty  : uid=10087(com.YourCompany.IDLT) expire 1 line
04-18 13:54:18.736  7351  7471 I chatty  : uid=10087(com.YourCompany.IDLT) expire 11 lines
04-18 13:54:18.743   720  3465 D audio_hw_primary: adev_get_parameters:snd_device_in
04-18 13:54:18.743   720  3465 D audio_hw_extn: audio_extn_snd_device_in_get_parameters: Current input sound device: 
04-18 13:54:18.743   720  3465 D audio_hw_extn: audio_extn_get_parameters: returns snd_device_in=
04-18 13:54:18.743   720  3465 D audio_hw_primary: adev_get_parameters: exit: returns - snd_device_in=
04-18 13:54:18.744   720  3465 D audio_hw_primary: adev_get_parameters:snd_device_out
04-18 13:54:18.744   720  3465 D audio_hw_extn: audio_extn_snd_device_out_get_parameters: Current output sound device: voice-speaker-2
04-18 13:54:18.744   720  3465 D audio_hw_extn: audio_extn_get_parameters: returns snd_device_out=voice-speaker-2
04-18 13:54:18.744   720  3465 D audio_hw_primary: adev_get_parameters: exit: returns - snd_device_out=voice-speaker-2
04-18 13:54:18.835  1935  2401 I ServiceInputManager: system button SetHomeButtonUpState 4023.36
04-18 13:54:18.835  1935  2401 I ServiceInputManager: HOME BUTTON shared state changed:  hardware ID 7382792510399099519  UpdateCount: 6 
04-18 13:54:18.835  1935  2401 I RecenterTimer: UpdateTimerData(-1.00 -1.00)
04-18 13:54:19.065  3301  3408 D xrstreaming: receive ping: org 0 recv 0 xmt 245553785117400 (received at 4023590859870), offset divergence -5860
04-18 13:54:19.085  1935  2401 I ServiceInputManager: short system button press 4023.610956
04-18 13:54:19.085  1935  2401 I ServiceInputManager: system event from short press 4023.610956
04-18 13:54:19.085  1935  2401 I ServiceInputManager: ServiceInputManager::FireSystemButtonEvent queueing launch intent from service
04-18 13:54:19.085  1935  2401 I ServiceInputManager: ServiceInputManager::FireSystemButtonEvent 'com.YourCompany.IDLT' Transition Type: 1
04-18 13:54:19.085  1935  2401 I RecenterTimer: UpdateTimerData(-1.00 -1.00)
04-18 13:54:19.099  1935  2401 I ServiceInputManager: ServiceInputManager::ProcessSystemButtonEvent launching intent from service 'com.YourCompany.IDLT' 1
04-18 13:54:19.099  1935  2401 I ServiceInputManager: ServiceInputManager::ProcessSystemButtonEvent transitioning with a memory of the app name
04-18 13:54:19.099  1935  2401 I SystemUtils_Internal: ovrSystemUtils::StartAnytimeUI: confirmQuit
04-18 13:54:19.100  1935  2401 D SystemUtils: sendBroadcastIntent - action: 'com.oculus.vrshell.intent.action.LAUNCH' data: 'systemux://dialog/exit'intent_pkg: com.YourCompany.IDLT
04-18 13:54:19.101  1935  2401 D SystemUtils: VR Shell isn't running.
04-18 13:54:19.103  1935  2401 I ServiceInputManager: ServiceInputManager::ProcessSystemButtonEvent transition result is 1, AppHadSwitchTransition is 0
04-18 13:54:19.137  1029  1048 D OLOLO   : Message:29 vlpb=2
04-18 13:54:19.143  1775  1806 I chatty  : uid=10031(com.oculus.vrshell) expire 8 lines
04-18 13:54:19.201  1029  1397 E WindowManager: App trying to use insecure INPUT_FEATURE_NO_INPUT_CHANNEL flag. Ignoring
04-18 13:54:19.212  1935  1935 I ClientMgr: FocusedWindowChanged: found matching overlay client: 1180387435
04-18 13:54:19.212  1935  1935 I ClientMgr: FocusedClient changed.
04-18 13:54:19.212  1935  1935 I ClientMgr: ClientMgr::SetFocusedClient: 2107:com.oculus.vrshell type 1
04-18 13:54:19.212  1935  1935 I ClientMgr: SetFocusedPackageName - packageName com.oculus.vrshell processName com.oculus.vrshell:Overlay clientId 1180387435 clientPid 2107
04-18 13:54:19.212  1935  1935 I VrRuntimeService: RuntimeIPC: SendFocusChangeEventToAllClients: PostClientEvent SUCCESS: com.YourCompany.IDLT:com.YourCompany.IDLT:7351, com.oculus.vrshell, com.oculus.vrshell:Overlay
04-18 13:54:19.212  1935  1935 I VrRuntimeService: RuntimeIPC: SendFocusChangeEventToAllClients: PostClientEvent SUCCESS: com.oculus.xrstreamingclient:com.oculus.xrstreamingclient:3301, com.oculus.vrshell, com.oculus.vrshell:Overlay
04-18 13:54:19.212  1935  1935 I VrRuntimeService: RuntimeIPC: SendFocusChangeEventToAllClients: PostClientEvent SUCCESS: com.oculus.mrservice:com.oculus.mrservice:1508, com.oculus.vrshell, com.oculus.vrshell:Overlay
04-18 13:54:19.212  1935  1935 I VrRuntimeService: RuntimeIPC: SendFocusChangeEventToAllClients: PostClientEvent SUCCESS: com.oculus.guardian:com.oculus.vrguardianservice:2534, com.oculus.vrshell, com.oculus.vrshell:Overlay
04-18 13:54:19.212  1935  1935 I VrRuntimeService: RuntimeIPC: SendFocusChangeEventToAllClients: PostClientEvent SUCCESS: com.oculus.vrshell:com.oculus.vrshell:Overlay:2107, com.oculus.vrshell, com.oculus.vrshell:Overlay
04-18 13:54:19.212  1935  1935 I VrRuntimeService: RuntimeIPC: SendFocusChangeEventToAllClients: PostClientEvent SUCCESS: com.oculus.shellenv:com.oculus.shellenv:1716, com.oculus.vrshell, com.oculus.vrshell:Overlay
04-18 13:54:19.212  1935  1935 I VrRuntimeService: RuntimeIPC: SendFocusChangeEventToAllClients: PostClientEvent SUCCESS: com.oculus.vrshell:com.oculus.vrshell:1775, com.oculus.vrshell, com.oculus.vrshell:Overlay
04-18 13:54:19.214  1029  1397 W ActivityManager: Package for pid 826: no process record found
04-18 13:54:19.233  7351  7922 I chatty  : uid=10087(com.YourCompany.IDLT) expire 1 line
04-18 13:54:19.235   828  1199 E TrackingService: attachClient: found client in attached list
04-18 13:54:19.236   828  1199 D TrackingService: getSharedMemory: com.oculus.guardian, Controller
04-18 13:54:19.238  1935  2503 I VrRuntimeService: RuntimeServiceSDKServer::EnableRendering: 0x0, 0, com.oculus.vrshell:Overlay
04-18 13:54:19.238  1935  2503 I ClientMgr: EnableRendering2: invalid clientWindow, testing uid/pid
04-18 13:54:19.238  1935  2503 I ClientMgr: EnableRendering2: matched uid: 10031 and pid: 2107 
04-18 13:54:19.238  1935  2503 I ClientMgr: EnableRendering2: Calling SetFocusedClient: 1180387435
04-18 13:54:19.238  1935  2503 I ClientMgr: ClientMgr::SetFocusedClient: 2107:com.oculus.vrshell type 1
04-18 13:54:19.238  1935  2503 I ClientMgr: SetFocusedPackageName - packageName com.oculus.vrshell processName com.oculus.vrshell:Overlay clientId 1180387435 clientPid 2107
04-18 13:54:19.238  1935  2503 I ClientMgr: ClientMgr::EnableRendering 2107:com.oculus.vrshell : type 1 comp-id 6: enable
04-18 13:54:19.238  1935  2503 I TimeWarpClientMgr: Enable client 6
04-18 13:54:19.238  1935  2503 I VrRuntimeServer: EnableCompositorClient client(6): layer placement(2147483647) flags(0) sm(0x72380cc010)
04-18 13:54:19.238  1935  2503 I TimeWarp: CheckDebuggerConnected: debugger 0
04-18 13:54:19.238  1935  2503 I VrRuntimeServer: SysProp debug mode is disabled on Server side
04-18 13:54:19.244  1935  2503 I UnifiedTelemetryWrapper: Started UT session render:com.oculus.vrshell:Overlay
04-18 13:54:19.245   828  1199 E TrackingService: attachClient: found client in attached list
04-18 13:54:19.246   828  1199 D TrackingService: getSharedMemory: com.oculus.systemdriver, Controller
04-18 13:54:19.248   736   736 W sensors@1.0-ser: type=1400 audit(0.0:15232): avc: denied { getattr } for path="/proc/826" dev="proc" ino=192242 scontext=u:r:hal_oculus_sensors_default:s0 tcontext=u:r:mrsystemservice:s0 tclass=dir permissive=0
04-18 13:54:19.249  2117  2243 W LibraryProvider: Cannot find entitlement for com.YourCompany.IDLT
04-18 13:54:19.249  1694  1694 W OVRLibrary: null cursor received for query content://com.oculus.ocms.library/apps/com.YourCompany.IDLT
04-18 13:54:19.249  1508  3152 I [CT]    : MIXEDREALITY: MrFeatureStatus: Client status changed from Paused to Started.
04-18 13:54:19.249  1508  3152 I [CT]    : MIXEDREALITY: MrFeatureStatus: Target status Started, CurrentStatus: Paused
04-18 13:54:19.251  1508  3152 I [CT]    : MIXEDREALITY: MrFeatureStatus: Operation chain: Start
04-18 13:54:19.251  1508  3152 I [CT]    : MIXEDREALITY: MrFeatureStatus: Global status changed from Paused to Started.
04-18 13:54:19.251  1508  3152 I [CT]    : MIXEDREALITY: MrServiceController: Queuing command linked to operation Start for feature 0
04-18 13:54:19.251  1508  2772 I [CT]    : MIXEDREALITY: MrServiceController: Executing passthroughStart on model
04-18 13:54:19.251  1508  2772 I [CT]    : MIXEDREALITY: MrServiceModel: passthroughStart()
04-18 13:54:19.251  1508  2772 I [CT]    : MIXEDREALITY: MrServiceModel: passthroughStart: Started Passthrough
04-18 13:54:19.251  1508  2772 I [CT]    : MIXEDREALITY: MrServiceView: renderIteration: Rendering resuming.
04-18 13:54:19.252  1508  2772 I [CT]    : MIXEDREALITY: MrRuntimeImpl: onResume: Starting telemetry. Target device 0.
04-18 13:54:19.252  1935  2401 I ServiceInputManager: InhibitHandleHomeKey has changed on the service. New value: 1
04-18 13:54:19.259   736   736 E libosutils: failed to get real path of file /proc/826/cmdline, err: Permission denied
04-18 13:54:19.259  2117  2252 W LibraryProvider: Cannot find entitlement for com.YourCompany.IDLT
04-18 13:54:19.259  1694  1694 W OVRLibrary: null cursor received for query content://com.oculus.ocms.library/apps/com.YourCompany.IDLT
04-18 13:54:19.260   720  3465 D audio_hw_primary: adev_get_parameters:vr_audio_mode_on
04-18 13:54:19.260   720  3465 I audio_hw_primary: getting vr mode to 0
04-18 13:54:19.260   720  3465 D audio_hw_primary: adev_get_parameters: exit: returns - vr_audio_mode_on=false
04-18 13:54:19.261   602  3451 I AudioPolicyManagerCustom: VR mode is 0, switch to primary output if request is for fast|raw
04-18 13:54:19.263   736   736 I FrameSetDispatcher: [HEADSET] Client thread started
04-18 13:54:19.263  2107  8525 I chatty  : uid=10031(com.oculus.vrshell) ShellOverlayMai expire 6 lines
04-18 13:54:19.263   736   736 I CameraClientManager: [HEADSET] Added client - started clients: 3
04-18 13:54:19.264   826  2911 I [CT]    : MIXEDREALITY: MrRuntimeCompute: onResume: Starting telemetry. Target device 0.
04-18 13:54:19.264   826  2911 I [CT]    : MIXEDREALITY: MrRuntimeCompute: onResume: Resuming Stereo Pipeline.
04-18 13:54:19.264   826  2911 I [CT]    : BOLTDEPTH: MotionVectorDisparityPipeline: onResume: No-op for MV disparity pipeline
04-18 13:54:19.264  1508  2772 I [CT]    : MIXEDREALITY: MrRuntimeImpl: setSessionInitTime: Session initialization timer was set to 4023.789385963 ns.
