04-18 13:54:24.040  1935  1935 I ClientMgr: ClientMgr::SetFocusedClient: 7351:com.YourCompany.IDLT type 0
04-18 13:54:24.040  1935  1935 I ClientMgr: SetFocusedPackageName - packageName com.YourCompany.IDLT processName com.YourCompany.IDLT clientId 3718479077 clientPid 7351
04-18 13:54:24.040  1935  1935 I VrRuntimeService: RuntimeIPC: SendFocusChangeEventToAllClients: PostClientEvent SUCCESS: com.YourCompany.IDLT:com.YourCompany.IDLT:7351, com.YourCompany.IDLT, com.YourCompany.IDLT
04-18 13:54:24.040  1935  1935 I VrRuntimeService: RuntimeIPC: SendFocusChangeEventToAllClients: PostClientEvent SUCCESS: com.oculus.xrstreamingclient:com.oculus.xrstreamingclient:3301, com.YourCompany.IDLT, com.YourCompany.IDLT
04-18 13:54:24.040  1935  1935 I VrRuntimeService: RuntimeIPC: SendFocusChangeEventToAllClients: PostClientEvent SUCCESS: com.oculus.mrservice:com.oculus.mrservice:1508, com.YourCompany.IDLT, com.YourCompany.IDLT
04-18 13:54:24.040  1935  1935 I VrRuntimeService: RuntimeIPC: SendFocusChangeEventToAllClients: PostClientEvent SUCCESS: com.oculus.guardian:com.oculus.vrguardianservice:2534, com.YourCompany.IDLT, com.YourCompany.IDLT
04-18 13:54:24.040  1935  1935 I VrRuntimeService: RuntimeIPC: SendFocusChangeEventToAllClients: PostClientEvent SUCCESS: com.oculus.vrshell:com.oculus.vrshell:Overlay:2107, com.YourCompany.IDLT, com.YourCompany.IDLT
04-18 13:54:24.040  1935  1935 I VrRuntimeService: RuntimeIPC: SendFocusChangeEventToAllClients: PostClientEvent SUCCESS: com.oculus.shellenv:com.oculus.shellenv:1716, com.YourCompany.IDLT, com.YourCompany.IDLT
04-18 13:54:24.040  1935  1935 I VrRuntimeService: RuntimeIPC: SendFocusChangeEventToAllClients: PostClientEvent SUCCESS: com.oculus.vrshell:com.oculus.vrshell:1775, com.YourCompany.IDLT, com.YourCompany.IDLT
04-18 13:54:24.046  7351  7910 I InputDevice_TrackedRemote: REMOTE: Hand=1 IndexAnalog=0.00 GripAnalog=0.00 Buttons=0x00000000
04-18 13:54:24.046  7351  7910 I InputDevice_TrackedRemote: REMOTE: Hand=2 IndexAnalog=0.00 GripAnalog=0.00 Buttons=0x00000000
04-18 13:54:24.061  2117  2252 W LibraryProvider: Cannot find entitlement for com.YourCompany.IDLT
04-18 13:54:24.062  1694  1694 W OVRLibrary: null cursor received for query content://com.oculus.ocms.library/apps/com.YourCompany.IDLT
04-18 13:54:24.069  7351  7471 W VrApi   : FrameIndex = 26032, RetiredClientFrameIndex = 26029, waited for 25 msec for frame to retire
04-18 13:54:24.080  1935  2503 I VrRuntimeService: RuntimeServiceSDKServer::EnableRendering: 0x0, 0, com.oculus.vrshell:Overlay
04-18 13:54:24.080  1935  2503 I ClientMgr: ClientMgr::EnableRendering 2107:com.oculus.vrshell : type 1 comp-id 6: disable
04-18 13:54:24.080  1935  2503 I VrRuntimeServer: DisableCompositorClient: 6
04-18 13:54:24.080  1935  2503 I TimeWarpClientMgr: Disable client 6
04-18 13:54:24.080  1935  2503 I TimeWarpClientMgr: DisableClient: frame flush required: 1
04-18 13:54:24.083  2117  2252 W LibraryProvider: Cannot find entitlement for com.YourCompany.IDLT
04-18 13:54:24.083  1694  1694 W OVRLibrary: null cursor received for query content://com.oculus.ocms.library/apps/com.YourCompany.IDLT
04-18 13:54:24.085  3301  3408 D xrstreaming: receive ping: org 0 recv 0 xmt 245558804829500 (received at 4028610627993), offset divergence -5860
04-18 13:54:24.090   828  6790 I [CT]    : INPUT_TRACKING:ControllerMotionModel: not initialized: waiting for reliable pose
04-18 13:54:24.091  7351  7922 I VrRuntimeClient: Client has gained focus.
04-18 13:54:24.091   828   828 E TrackingService: attachClient: found client in attached list
04-18 13:54:24.093   828   828 D TrackingService: getSharedMemory: com.YourCompany.IDLT, Controller
04-18 13:54:24.095  7351  7922 W OsSdk   : failed to extrapolate controller tracking state.
04-18 13:54:24.100  1935  2503 I UnifiedTelemetryWrapper: Stopped UT session render:com.oculus.vrshell:Overlay
04-18 13:54:24.101  1935  7458 I VrRuntimeService: RuntimeServiceSDKServer::SetPerformanceIdealFeatureState
04-18 13:54:24.121  1935  7800 I TimeWarp: SetSchedFifo( tid=2772, pol=2, pri=0 ) succeeded
04-18 13:54:24.127  7351  7471 W VrApi   : FrameIndex = 26033, RetiredClientFrameIndex = 26030, waited for 25 msec for frame to retire
04-18 13:54:24.134  2107  8527 I chatty  : uid=10031(com.oculus.vrshell) ShellOverlayMai expire 6 lines
04-18 13:54:24.135   828  7795 I [CT]    : CONSTELLATION:VISION_STATUS: 6674f2ac28c0b27f (R): BlobDetection:[#BlobsDetected=(15.14, 1.83)]Matching:[MatchSuccess=1.000, MatchCost=(0.00141, 0.00000), #MatchedBlobs=(12.26, 1.11), #MatchedLeds=(6.52, 0.35), RematchM=0.000, SkipRefine=0.000] MatchMethod:[Prox=1.000, ConstBrute=0.000, UnconstBrute=0.000] MatchResets[AnomBlobSize=0.000, SharedMatch=0.000, DenseReacq=0.000] | Fusion:[FusionError=0.000, ImuFromCamMs=(10.050, 1.624), RematchF=0.000] FusionUpdates:[Successful=1.000, Reliable=1.000, TightFusion=1.000, FullPose=0.000, StaticPrior=0.000, StaticForHandTrans=0.032, PoseUpdateMD=(0.0000, 0.0000)] FusionResets[6DoFReset=0.000, ResetSuccess=0.000] FusionStatus[HasPosition=1.000, HasVelocity=1.000] 
04-18 13:54:24.143  2200  2806 W REFLECT : RuntimeIPC: !IsClientValid: MarkerPoint
04-18 13:54:24.143  2200  2806 E QplClient: (com.oculus.socialplatform) MarkerPoint failed!
04-18 13:54:24.143  1694  1694 E OVRMediaServiceManager: LivestreamingManager Not initialized
04-18 13:54:24.144  2200  2200 W com.oculus.processhelper.ProcessHelper: Current process name is: com.oculus.socialplatform
04-18 13:54:24.155  2117  2252 W LibraryProvider: Cannot find entitlement for com.YourCompany.IDLT
04-18 13:54:24.156  1694  1694 W OVRLibrary: null cursor received for query content://com.oculus.ocms.library/apps/com.YourCompany.IDLT
04-18 13:54:24.167  7351  7471 W VrApi   : FrameIndex = 26034, RetiredClientFrameIndex = 26031, waited for 25 msec for frame to retire
04-18 13:54:24.184  1232  1232 V AvrcpMediaPlayerList: onPlaybackConfigChanged(): Configs list size=8
04-18 13:54:24.185  1232  1232 V AvrcpMediaPlayerList: onPlaybackConfigChanged(): Configs list size=7
04-18 13:54:24.192  2200  2806 W REFLECT : RuntimeIPC: !IsClientValid: MarkerPoint
04-18 13:54:24.192  2200  2806 E QplClient: (com.oculus.socialplatform) MarkerPoint failed!
04-18 13:54:24.193  2200  2200 W VRLifecycleManager: onHeadsetMounted
04-18 13:54:24.193  2200  2806 W REFLECT : RuntimeIPC: !IsClientValid: MarkerPoint
04-18 13:54:24.193  2200  2806 E QplClient: (com.oculus.socialplatform) MarkerPoint failed!
04-18 13:54:24.208  7351  7471 W VrApi   : FrameIndex = 26035, RetiredClientFrameIndex = 26032, waited for 25 msec for frame to retire
04-18 13:54:24.228  1694  1706 I .oculus.horizo: Background young concurrent copying GC freed 244760(16MB) AllocSpace objects, 162(4448KB) LOS objects, 55% free, 16MB/37MB, paused 119us total 138.316ms
04-18 13:54:24.250  7351  7471 W VrApi   : FrameIndex = 26036, RetiredClientFrameIndex = 26033, waited for 25 msec for frame to retire
04-18 13:54:24.306  7351  7471 W VrApi   : FrameIndex = 26037, RetiredClientFrameIndex = 26034, waited for 25 msec for frame to retire
04-18 13:54:24.341  2200  2806 W REFLECT : RuntimeIPC: !IsClientValid: MarkerAnnotation
04-18 13:54:24.341  2200  2806 E QplClient: (com.oculus.socialplatform) MarkerAnnotation failed!
04-18 13:54:24.341  2200  2806 W REFLECT : RuntimeIPC: !IsClientValid: MarkerEnd
04-18 13:54:24.341  2200  2806 E QplClient: (com.oculus.socialplatform) MarkerEnd failed!
04-18 13:54:24.341  2200  2806 W REFLECT : RuntimeIPC: !IsClientValid: MarkerEnd
04-18 13:54:24.341  2200  2806 E QplClient: (com.oculus.socialplatform) MarkerEnd failed!
04-18 13:54:24.341  2200  2806 W REFLECT : RuntimeIPC: !IsClientValid: MarkerStart
04-18 13:54:24.341  2200  2806 E QplClient: (com.oculus.socialplatform) MarkerStart failed!
04-18 13:54:24.341  2200  2806 W REFLECT : RuntimeIPC: !IsClientValid: MarkerAnnotation
04-18 13:54:24.341  2200  2806 E QplClient: (com.oculus.socialplatform) MarkerAnnotation failed!
04-18 13:54:24.341  2200  2806 W REFLECT : RuntimeIPC: !IsClientValid: MarkerAnnotation
04-18 13:54:24.341  2200  2806 E QplClient: (com.oculus.socialplatform) MarkerAnnotation failed!
04-18 13:54:24.341  2200  2806 W REFLECT : RuntimeIPC: !IsClientValid: MarkerAnnotation
04-18 13:54:24.341  2200  2806 E QplClient: (com.oculus.socialplatform) MarkerAnnotation failed!
04-18 13:54:24.341  2200  2806 W REFLECT : RuntimeIPC: !IsClientValid: MarkerAnnotation
04-18 13:54:24.341  2200  2806 E QplClient: (com.oculus.socialplatform) MarkerAnnotation failed!
04-18 13:54:24.345  2200  2200 W PartyNativeModuleManager: Calling nativeTearDown but native code wasn't initialized. Noop.
04-18 13:54:24.360  2200  2806 W REFLECT : RuntimeIPC: !IsClientValid: MarkerAnnotation
04-18 13:54:24.360  2200  2806 E QplClient: (com.oculus.socialplatform) MarkerAnnotation failed!
04-18 13:54:24.360  2200  2806 W REFLECT : RuntimeIPC: !IsClientValid: MarkerEnd
04-18 13:54:24.360  2200  2806 E QplClient: (com.oculus.socialplatform) MarkerEnd failed!
04-18 13:54:24.360  2200  2806 W REFLECT : RuntimeIPC: !IsClientValid: MarkerEnd
04-18 13:54:24.360  2200  2806 E QplClient: (com.oculus.socialplatform) MarkerEnd failed!
04-18 13:54:24.360  2200  2806 W REFLECT : RuntimeIPC: !IsClientValid: MarkerStart
04-18 13:54:24.360  2200  2200 W PartyNativeModuleManager: Calling nativeTearDown but native code wasn't initialized. Noop.
04-18 13:54:24.360  2200  2806 E QplClient: (com.oculus.socialplatform) MarkerStart failed!
04-18 13:54:24.360  2200  2806 W REFLECT : RuntimeIPC: !IsClientValid: MarkerAnnotation
04-18 13:54:24.360  2200  2806 E QplClient: (com.oculus.socialplatform) MarkerAnnotation failed!
04-18 13:54:24.360  2200  2806 W REFLECT : RuntimeIPC: !IsClientValid: MarkerAnnotation
04-18 13:54:24.360  2200  2806 E QplClient: (com.oculus.socialplatform) MarkerAnnotation failed!
04-18 13:54:24.360  2200  2806 W REFLECT : RuntimeIPC: !IsClientValid: MarkerAnnotation
04-18 13:54:24.360  2200  2806 E QplClient: (com.oculus.socialplatform) MarkerAnnotation failed!
04-18 13:54:24.360  2200  2806 W REFLECT : RuntimeIPC: !IsClientValid: MarkerAnnotation
04-18 13:54:24.360  2200  2806 E QplClient: (com.oculus.socialplatform) MarkerAnnotation failed!
04-18 13:54:24.376  7351  7471 W VrApi   : FrameIndex = 26039, RetiredClientFrameIndex = 26036, waited for 25 msec for frame to retire
04-18 13:54:24.417  7351  7471 W VrApi   : FrameIndex = 26040, RetiredClientFrameIndex = 26037, waited for 25 msec for frame to retire
04-18 13:54:24.435  7351  7372 V UE4     : [NetworkChangedManager] Network Capabilities changed, has Internet: true
04-18 13:54:24.436  7351  8581 V UE4     : [NetworkChangedManager] Verifying internet connection with host: https://google.com/
04-18 13:54:24.442   736  6779 W SensorService: Unknown packet type (20) received
04-18 13:54:24.493  7351  8581 V UE4     : [NetworkChangedManager] Connectivity hasn't changed. Current state: CONNECTION_AVAILABLE
04-18 13:54:24.494  7351  8581 V UE4     : [NetworkChangedManager] Full network check complete. State: CONNECTION_AVAILABLE
04-18 13:54:24.515  7351  7471 W VrApi   : FrameIndex = 26043, RetiredClientFrameIndex = 26040, waited for 25 msec for frame to retire
04-18 13:54:24.567  2534  2675 W OsSdk   : failed to extrapolate controller tracking state.
04-18 13:54:24.617  1694  2078 W DeviceConfigUtil: Try to get config param "oculus_shared_social:oculus_messenger_reauth_removal" before Device Config has subscribed to the service.
04-18 13:54:24.654  7351  7471 W VrApi   : FrameIndex = 26047, RetiredClientFrameIndex = 26044, waited for 25 msec for frame to retire
04-18 13:54:24.715  7351  7912 I VrApi   : FPS=20/72,Prd=54ms,Tear=0,Early=0,Stale=72,VSnc=1,Lat=1,Fov=0,CPU4/GPU=4/5,2304/710MHz,OC=FF,TA=0/E0/E0,SP=N/F/F,Mem=1804MHz,Free=593MB,PLS=0,Temp=35.0C/0.0C,TW=2.95ms,App=40.36ms,GD=0.16ms,CPU&GPU=116.10ms,LCnt=2,GPU%=0.92,CPU%=0.21(W0.27),DSF=1.00
04-18 13:54:24.724  7351  7471 W VrApi   : FrameIndex = 26049, RetiredClientFrameIndex = 26046, waited for 25 msec for frame to retire
04-18 13:54:24.765  7351  7471 W VrApi   : FrameIndex = 26050, RetiredClientFrameIndex = 26047, waited for 25 msec for frame to retire
04-18 13:54:24.778   720  3465 D audio_hw_primary: adev_get_parameters:snd_device_in
04-18 13:54:24.778   720  3465 D audio_hw_extn: audio_extn_snd_device_in_get_parameters: Current input sound device: 
04-18 13:54:24.778   720  3465 D audio_hw_extn: audio_extn_get_parameters: returns snd_device_in=
04-18 13:54:24.779   720  3465 D audio_hw_primary: adev_get_parameters: exit: returns - snd_device_in=
04-18 13:54:24.779   720  3465 D audio_hw_primary: adev_get_parameters:snd_device_out
04-18 13:54:24.779   720  3465 D audio_hw_extn: audio_extn_snd_device_out_get_parameters: Current output sound device: voice-speaker-2
04-18 13:54:24.779   720  3465 D audio_hw_extn: audio_extn_get_parameters: returns snd_device_out=voice-speaker-2
04-18 13:54:24.779   720  3465 D audio_hw_primary: adev_get_parameters: exit: returns - snd_device_out=voice-speaker-2
04-18 13:54:24.807  7351  7471 W VrApi   : FrameIndex = 26051, RetiredClientFrameIndex = 26048, waited for 25 msec for frame to retire
04-18 13:54:24.905  7351  7471 W VrApi   : FrameIndex = 26054, RetiredClientFrameIndex = 26051, waited for 25 msec for frame to retire
04-18 13:54:24.946  7351  7471 W VrApi   : FrameIndex = 26055, RetiredClientFrameIndex = 26052, waited for 25 msec for frame to retire
04-18 13:54:24.988  7351  7471 W VrApi   : FrameIndex = 26056, RetiredClientFrameIndex = 26053, waited for 25 msec for frame to retire
04-18 13:54:25.086  7351  7471 W VrApi   : FrameIndex = 26059, RetiredClientFrameIndex = 26056, waited for 25 msec for frame to retire
04-18 13:54:25.086  3301  3408 D xrstreaming: receive ping: org 0 recv 0 xmt 245559805669900 (received at 4029611563670), offset divergence -5860
04-18 13:54:25.123   828  7785 I [CT]    : VIPER:MAP_MANAGER: State: TrackingPersistent, UUID=45b9b569-7edd-c4f9-026b-eee8a448615e, Num. Persistent maps = 3,  Persistent maps:d29636d4-dc34-e0ce-153c-c97c1f3cba6a,45b9b569-7edd-c4f9-026b-eee8a448615e,9d3b66b5-88f7-7370-9f9f-9f33a95d19d9,
04-18 13:54:25.183  7351  7471 W VrApi   : FrameIndex = 26062, RetiredClientFrameIndex = 26059, waited for 25 msec for frame to retire
04-18 13:54:25.308  7351  7471 W VrApi   : FrameIndex = 26066, RetiredClientFrameIndex = 26063, waited for 25 msec for frame to retire
04-18 13:54:25.434  7351  7471 W VrApi   : FrameIndex = 26070, RetiredClientFrameIndex = 26067, waited for 25 msec for frame to retire
04-18 13:54:25.531  7351  7471 W VrApi   : FrameIndex = 26073, RetiredClientFrameIndex = 26070, waited for 25 msec for frame to retire
04-18 13:54:25.546  1935  2401 I ServiceInputManager: system button SetHomeButtonDownState 4030.07
04-18 13:54:25.546  1935  2401 I ServiceInputManager: system button down, should reset recenter timer
04-18 13:54:25.546  1935  2401 I ServiceInputManager: HOME BUTTON shared state changed:  hardware ID 7382792510399099519  UpdateCount: 9 
04-18 13:54:25.546  1935  2401 I RecenterTimer: UpdateTimerData(4030.57 4031.07)
04-18 13:54:25.629  7351  7471 W VrApi   : FrameIndex = 26076, RetiredClientFrameIndex = 26073, waited for 25 msec for frame to retire
04-18 13:54:25.713  1935  2401 I ServiceInputManager: system button SetHomeButtonUpState 4030.24
04-18 13:54:25.713  1935  2401 I ServiceInputManager: HOME BUTTON shared state changed:  hardware ID 7382792510399099519  UpdateCount: 10 
04-18 13:54:25.713  1935  2401 I RecenterTimer: UpdateTimerData(-1.00 -1.00)
04-18 13:54:25.716  7351  7912 I VrApi   : FPS=26/72,Prd=55ms,Tear=0,Early=0,Stale=72,VSnc=1,Lat=1,Fov=0,CPU4/GPU=4/5,2304/710MHz,OC=FF,TA=0/E0/E0,SP=N/F/F,Mem=1804MHz,Free=593MB,PLS=0,Temp=35.0C/0.0C,TW=2.90ms,App=32.14ms,GD=0.16ms,CPU&GPU=91.82ms,LCnt=2,GPU%=0.91,CPU%=0.19(W0.27),DSF=1.00
04-18 13:54:25.754  7351  7471 W VrApi   : FrameIndex = 26080, RetiredClientFrameIndex = 26077, waited for 25 msec for frame to retire
04-18 13:54:25.851  7351  7471 W VrApi   : FrameIndex = 26083, RetiredClientFrameIndex = 26080, waited for 25 msec for frame to retire
04-18 13:54:25.949  7351  7471 W VrApi   : FrameIndex = 26086, RetiredClientFrameIndex = 26083, waited for 25 msec for frame to retire
04-18 13:54:25.964  1935  2401 W OsSdk   : failed to extrapolate controller tracking state.
04-18 13:54:25.964  1935  2401 I ServiceInputManager: short system button press 4030.489347
04-18 13:54:25.964  1935  2401 I ServiceInputManager: system event from short press 4030.489347
04-18 13:54:25.964  1935  2401 I ServiceInputManager: ServiceInputManager::FireSystemButtonEvent queueing launch intent from service
04-18 13:54:25.964  1935  2401 I ServiceInputManager: ServiceInputManager::FireSystemButtonEvent 'com.YourCompany.IDLT' Transition Type: 1
04-18 13:54:25.964  1935  2401 I RecenterTimer: UpdateTimerData(-1.00 -1.00)
04-18 13:54:25.978  1935  2401 I ServiceInputManager: ServiceInputManager::ProcessSystemButtonEvent launching intent from service 'com.YourCompany.IDLT' 1
04-18 13:54:25.978  1935  2401 I ServiceInputManager: ServiceInputManager::ProcessSystemButtonEvent transitioning with a memory of the app name
04-18 13:54:25.978  1935  2401 I SystemUtils_Internal: ovrSystemUtils::StartAnytimeUI: confirmQuit
04-18 13:54:25.978  1935  2401 D SystemUtils: sendBroadcastIntent - action: 'com.oculus.vrshell.intent.action.LAUNCH' data: 'systemux://dialog/exit'intent_pkg: com.YourCompany.IDLT
04-18 13:54:25.979  1935  2401 D SystemUtils: VR Shell isn't running.
04-18 13:54:25.980  1935  2401 I ServiceInputManager: ServiceInputManager::ProcessSystemButtonEvent transition result is 1, AppHadSwitchTransition is 0
04-18 13:54:26.007  1029  1048 D OLOLO   : Message:29 vlpb=2
04-18 13:54:26.019  7351  7471 W VrApi   : FrameIndex = 26088, RetiredClientFrameIndex = 26085, waited for 25 msec for frame to retire
04-18 13:54:26.046  1508  2772 I [CT]    : MIXEDREALITY: MrServiceView: renderIteration: (every 10 seconds), screen is: ON, PT is: OFF, ID is: OFF
04-18 13:54:26.066  1508  2772 I [CT]    : MIXEDREALITY: MrServiceModel: commitLayerState: (every 10 seconds), ImagesAndCompute: false, ImagesOnly: false, NoRequirement: true.
04-18 13:54:26.066  1029  4324 E WindowManager: App trying to use insecure INPUT_FEATURE_NO_INPUT_CHANNEL flag. Ignoring
04-18 13:54:26.072  1935  1935 I ClientMgr: FocusedWindowChanged: found matching overlay client: 1180387435
04-18 13:54:26.072  1935  1935 I ClientMgr: FocusedClient changed.
04-18 13:54:26.072  1935  1935 I ClientMgr: ClientMgr::SetFocusedClient: 2107:com.oculus.vrshell type 1
04-18 13:54:26.072  1935  1935 I ClientMgr: SetFocusedPackageName - packageName com.oculus.vrshell processName com.oculus.vrshell:Overlay clientId 1180387435 clientPid 2107
04-18 13:54:26.072  1935  1935 I VrRuntimeService: RuntimeIPC: SendFocusChangeEventToAllClients: PostClientEvent SUCCESS: com.YourCompany.IDLT:com.YourCompany.IDLT:7351, com.oculus.vrshell, com.oculus.vrshell:Overlay
04-18 13:54:26.072  1935  1935 I VrRuntimeService: RuntimeIPC: SendFocusChangeEventToAllClients: PostClientEvent SUCCESS: com.oculus.xrstreamingclient:com.oculus.xrstreamingclient:3301, com.oculus.vrshell, com.oculus.vrshell:Overlay
04-18 13:54:26.072  1935  1935 I VrRuntimeService: RuntimeIPC: SendFocusChangeEventToAllClients: PostClientEvent SUCCESS: com.oculus.mrservice:com.oculus.mrservice:1508, com.oculus.vrshell, com.oculus.vrshell:Overlay
04-18 13:54:26.072  1935  1935 I VrRuntimeService: RuntimeIPC: SendFocusChangeEventToAllClients: PostClientEvent SUCCESS: com.oculus.guardian:com.oculus.vrguardianservice:2534, com.oculus.vrshell, com.oculus.vrshell:Overlay
04-18 13:54:26.072  1935  1935 I VrRuntimeService: RuntimeIPC: SendFocusChangeEventToAllClients: PostClientEvent SUCCESS: com.oculus.vrshell:com.oculus.vrshell:Overlay:2107, com.oculus.vrshell, com.oculus.vrshell:Overlay
04-18 13:54:26.072  1935  1935 I VrRuntimeService: RuntimeIPC: SendFocusChangeEventToAllClients: PostClientEvent SUCCESS: com.oculus.shellenv:com.oculus.shellenv:1716, com.oculus.vrshell, com.oculus.vrshell:Overlay
04-18 13:54:26.072  1935  1935 I VrRuntimeService: RuntimeIPC: SendFocusChangeEventToAllClients: PostClientEvent SUCCESS: com.oculus.vrshell:com.oculus.vrshell:1775, com.oculus.vrshell, com.oculus.vrshell:Overlay
04-18 13:54:26.078  1935  2503 I VrRuntimeService: RuntimeServiceSDKServer::EnableRendering: 0x0, 0, com.oculus.vrshell:Overlay
04-18 13:54:26.078  1935  2503 I ClientMgr: EnableRendering2: invalid clientWindow, testing uid/pid
04-18 13:54:26.078  1935  2503 I ClientMgr: EnableRendering2: matched uid: 10031 and pid: 2107 
04-18 13:54:26.078  1935  2503 I ClientMgr: EnableRendering2: Calling SetFocusedClient: 1180387435
04-18 13:54:26.078  1935  2503 I ClientMgr: ClientMgr::SetFocusedClient: 2107:com.oculus.vrshell type 1
04-18 13:54:26.078  1935  2503 I ClientMgr: SetFocusedPackageName - packageName com.oculus.vrshell processName com.oculus.vrshell:Overlay clientId 1180387435 clientPid 2107
04-18 13:54:26.078  1935  2503 I ClientMgr: ClientMgr::EnableRendering 2107:com.oculus.vrshell : type 1 comp-id 6: enable
04-18 13:54:26.078  1935  2503 I TimeWarpClientMgr: Enable client 6
04-18 13:54:26.078  1935  2503 I VrRuntimeServer: EnableCompositorClient client(6): layer placement(2147483647) flags(0) sm(0x72380cc010)
04-18 13:54:26.078  1935  2503 I TimeWarp: CheckDebuggerConnected: debugger 0
04-18 13:54:26.078  1935  2503 I VrRuntimeServer: SysProp debug mode is disabled on Server side
04-18 13:54:26.083  7351  7922 I VrRuntimeClient: Client has lost focus.
04-18 13:54:26.088   736   736 W sensors@1.0-ser: type=1400 audit(0.0:15233): avc: denied { getattr } for path="/proc/826" dev="proc" ino=197066 scontext=u:r:hal_oculus_sensors_default:s0 tcontext=u:r:mrsystemservice:s0 tclass=dir permissive=0
04-18 13:54:26.089   828   828 E TrackingService: attachClient: found client in attached list
04-18 13:54:26.090   828   828 D TrackingService: getSharedMemory: com.oculus.guardian, Controller
04-18 13:54:26.096  2117  2252 W LibraryProvider: Cannot find entitlement for com.oculus.vrshell
04-18 13:54:26.096  3301  3408 D xrstreaming: receive ping: org 0 recv 0 xmt 245560815889600 (received at 4030621738721), offset divergence -5860
04-18 13:54:26.097  1694  1694 W OVRLibrary: null cursor received for query content://com.oculus.ocms.library/apps/com.oculus.vrshell
04-18 13:54:26.097  1935  2503 I UnifiedTelemetryWrapper: Started UT session render:com.oculus.vrshell:Overlay
04-18 13:54:26.097   828  1566 E TrackingService: attachClient: found client in attached list
04-18 13:54:26.099   828  1566 D TrackingService: getSharedMemory: com.oculus.systemdriver, Controller
04-18 13:54:26.101  1508  3152 I [CT]    : MIXEDREALITY: MrFeatureStatus: Client status changed from Paused to Started.
04-18 13:54:26.101  1508  3152 I [CT]    : MIXEDREALITY: MrFeatureStatus: Target status Started, CurrentStatus: Paused
04-18 13:54:26.101  1508  3152 I [CT]    : MIXEDREALITY: MrFeatureStatus: Operation chain: Start
04-18 13:54:26.101  1508  3152 I [CT]    : MIXEDREALITY: MrFeatureStatus: Global status changed from Paused to Started.
04-18 13:54:26.101  1508  3152 I [CT]    : MIXEDREALITY: MrServiceController: Queuing command linked to operation Start for feature 0
04-18 13:54:26.101  1508  2772 I [CT]    : MIXEDREALITY: MrServiceController: Executing passthroughStart on model
04-18 13:54:26.101  1508  2772 I [CT]    : MIXEDREALITY: MrServiceModel: passthroughStart()
04-18 13:54:26.101  1508  2772 I [CT]    : MIXEDREALITY: MrServiceModel: passthroughStart: Started Passthrough
04-18 13:54:26.101  1508  2772 I [CT]    : MIXEDREALITY: MrServiceView: renderIteration: Rendering resuming.
04-18 13:54:26.101  1508  2772 I [CT]    : MIXEDREALITY: MrRuntimeImpl: onResume: Starting telemetry. Target device 0.
04-18 13:54:26.102   736   736 E libosutils: failed to get real path of file /proc/826/cmdline, err: Permission denied
04-18 13:54:26.106   736   736 I FrameSetDispatcher: [HEADSET] Client thread started
04-18 13:54:26.108   736   736 I CameraClientManager: [HEADSET] Added client - started clients: 3
04-18 13:54:26.108   826  2911 I [CT]    : MIXEDREALITY: MrRuntimeCompute: onResume: Starting telemetry. Target device 0.
04-18 13:54:26.108   826  2911 I [CT]    : MIXEDREALITY: MrRuntimeCompute: onResume: Resuming Stereo Pipeline.
04-18 13:54:26.108   826  2911 I [CT]    : BOLTDEPTH: MotionVectorDisparityPipeline: onResume: No-op for MV disparity pipeline
04-18 13:54:26.108  1508  2772 I [CT]    : MIXEDREALITY: MrRuntimeImpl: setSessionInitTime: Session initialization timer was set to 4030.633955961 ns.
04-18 13:54:26.108  1508  2772 I [CT]    : MIXEDREALITY: MrRuntimeImpl: setSessionInitTime: Reset session duration timer after 6.844464789 seconds.
04-18 13:54:26.109   826  8591 I [CT]    : MIXEDREALITY: ServiceLogic: Successfully set cpu affinity for thread 8591 to gold (4)
04-18 13:54:26.109   826  8591 I [CT]    : MIXEDREALITY: ServiceLogic: Successfully set cpu affinity for thread 2916 to gold (4)
04-18 13:54:26.109   826  8591 I [CT]    : MIXEDREALITY: ServiceLogic: Successfully set cpu affinity for thread 2911 to gold (4)
04-18 13:54:26.109   826  8591 I [CT]    : MIXEDREALITY: ServiceLogic: Successfully set cpu affinity for thread 889 to gold (4)
04-18 13:54:26.111   828  1566 E TrackingService: attachClient: found client in attached list
04-18 13:54:26.113   828  1566 D TrackingService: getSharedMemory: /system/bin/mrsystemservice, Controller
04-18 13:54:26.115   826  8591 W OsSdk   : failed to extrapolate controller tracking state.
04-18 13:54:26.116  7351  7471 W VrApi   : FrameIndex = 26091, RetiredClientFrameIndex = 26088, waited for 25 msec for frame to retire
04-18 13:54:26.117  1935  2401 I ServiceInputManager: InhibitHandleHomeKey has changed on the service. New value: 1
04-18 13:54:26.119   720  3465 D audio_hw_primary: adev_get_parameters:vr_audio_mode_on
04-18 13:54:26.121   720  3465 I audio_hw_primary: getting vr mode to 0
04-18 13:54:26.121   720  3465 D audio_hw_primary: adev_get_parameters: exit: returns - vr_audio_mode_on=false
04-18 13:54:26.121   602  3451 I AudioPolicyManagerCustom: VR mode is 0, switch to primary output if request is for fast|raw
04-18 13:54:26.123   602  3451 W AudioFlinger: createTrack_l(): mismatch between requested flags (00000104) and output flags (00000006)
04-18 13:54:26.123   602  3451 D AudioFlinger: Client defaulted notificationFrames to 192 for frameCount 384
04-18 13:54:26.125   828  6777 I [CT]    : VIPER: InternalAnchorHealthMonitor: Anchors: 1 | Persistent anchors: 1 | Anchors never observed: 0
04-18 13:54:26.125   828  6777 I [CT]    :   (min/avg/max) Anchor landmarks: (27|27.0|27) | Covisible keyframes: (45|45.0|45) | Times since observation: (0.0|0.0|0.0)
04-18 13:54:26.127   602  3451 D AF::TrackHandle: OpPlayAudio: track:85 uid:10031 pkg:com.oculus.vrshell usage:1 not muted
04-18 13:54:26.140  1232  1232 V AvrcpMediaPlayerList: onPlaybackConfigChanged(): Configs list size=8
04-18 13:54:26.152  2117  2252 W LibraryProvider: Cannot find entitlement for com.YourCompany.IDLT
04-18 13:54:26.153  1694  1694 W OVRLibrary: null cursor received for query content://com.oculus.ocms.library/apps/com.YourCompany.IDLT
04-18 13:54:26.169  2117  2243 W LibraryProvider: Cannot find entitlement for com.YourCompany.IDLT
04-18 13:54:26.170  1694  1694 W OVRLibrary: null cursor received for query content://com.oculus.ocms.library/apps/com.YourCompany.IDLT
04-18 13:54:26.182  2107  8593 I chatty  : uid=10031(com.oculus.vrshell) ShellOverlayMai expire 2 lines
04-18 13:54:26.184  1232  1232 V AvrcpMediaPlayerList: onPlaybackConfigChanged(): Configs list size=8
04-18 13:54:26.184  1232  1232 V AvrcpMediaPlayerList: onPlaybackConfigChanged(): Configs list size=8
04-18 13:54:26.186  7351  7471 W VrApi   : FrameIndex = 26093, RetiredClientFrameIndex = 26090, waited for 25 msec for frame to retire
04-18 13:54:26.203  7351  7397 D UE4     : [2022.04.18-11.54.26:203][114]LogAndroid: Case APP_CMD_LOST_FOCUS
04-18 13:54:26.203  7351  7397 D UE4     : LogAndroidEvents::EnqueueAppEvent : 10, [width=-1, height=-1], tid = 7397, APP_EVENT_STATE_WINDOW_LOST_FOCUS
04-18 13:54:26.222  7351  7396 D UE4     : [2022.04.18-11.54.26:222][114]LogAndroidEvents: Display: LogAndroidEvents::DequeueAppEvent : 10, [width=-1, height=-1], APP_EVENT_STATE_WINDOW_LOST_FOCUS
04-18 13:54:26.223  7351  7396 D UE4     : FAppEventManager::Tick processing, 10
04-18 13:54:26.226  1437  1437 D OculusNotificationListenerService: Notification posted: 0|android|0|com.android.server.wm.AlertWindowNotification - com.oculus.vrshell|1000
04-18 13:54:26.237  2107  8588 I chatty  : uid=10031(com.oculus.vrshell) ShellOverlayMai expire 4 lines
04-18 13:54:26.255  7351  7471 W VrApi   : FrameIndex = 26095, RetiredClientFrameIndex = 26092, waited for 25 msec for frame to retire
04-18 13:54:26.272  2200  2806 W REFLECT : RuntimeIPC: !IsClientValid: MarkerPoint
04-18 13:54:26.272  2200  2806 E QplClient: (com.oculus.socialplatform) MarkerPoint failed!
04-18 13:54:26.272  1694  1694 E OVRMediaServiceManager: LivestreamingManager Not initialized
04-18 13:54:26.272  2200  2200 W com.oculus.processhelper.ProcessHelper: Current process name is: com.oculus.socialplatform
04-18 13:54:26.298   828  1566 E TrackingService: attachClient: found client in attached list
04-18 13:54:26.300   828  1566 D TrackingService: getSharedMemory: com.oculus.vrshell, Controller
04-18 13:54:26.300  2200  2806 W REFLECT : RuntimeIPC: !IsClientValid: MarkerPoint
04-18 13:54:26.300  2200  2806 E QplClient: (com.oculus.socialplatform) MarkerPoint failed!
04-18 13:54:26.300  2200  2200 W VRLifecycleManager: onHeadsetMounted
04-18 13:54:26.300  2200  2806 W REFLECT : RuntimeIPC: !IsClientValid: MarkerPoint
04-18 13:54:26.300  2200  2806 E QplClient: (com.oculus.socialplatform) MarkerPoint failed!
04-18 13:54:26.337  1935  2503 I VrRuntimeService: RuntimeServiceSDKServer::SetPerformanceIdealFeatureState
04-18 13:54:26.340  2107  8596 I chatty  : uid=10031(com.oculus.vrshell) ShellOverlayMai expire 1 line
04-18 13:54:26.343  2534  2988 I VrGuardianService: GuardianSDKServer::SetGuardianHitDialog 0
04-18 13:54:26.353  7351  7471 W VrApi   : FrameIndex = 26098, RetiredClientFrameIndex = 26095, waited for 25 msec for frame to retire
04-18 13:54:26.369  2534  2988 I VrGuardianService: GuardianSDKServer::SetGuardianHitDialog 1
04-18 13:54:26.379  2117  2243 W LibraryProvider: Cannot find entitlement for com.YourCompany.IDLT
04-18 13:54:26.407  2117  2243 W LibraryProvider: Cannot find entitlement for com.YourCompany.IDLT
04-18 13:54:26.422  7351  7471 W VrApi   : FrameIndex = 26100, RetiredClientFrameIndex = 26097, waited for 25 msec for frame to retire
04-18 13:54:26.456  2200  2806 W REFLECT : RuntimeIPC: !IsClientValid: MarkerAnnotation
04-18 13:54:26.456  2200  2806 E QplClient: (com.oculus.socialplatform) MarkerAnnotation failed!
04-18 13:54:26.456  2200  2806 W REFLECT : RuntimeIPC: !IsClientValid: MarkerEnd
04-18 13:54:26.456  2200  2806 E QplClient: (com.oculus.socialplatform) MarkerEnd failed!
04-18 13:54:26.456  2200  2806 W REFLECT : RuntimeIPC: !IsClientValid: MarkerEnd
04-18 13:54:26.456  2200  2806 E QplClient: (com.oculus.socialplatform) MarkerEnd failed!
04-18 13:54:26.456  2200  2806 W REFLECT : RuntimeIPC: !IsClientValid: MarkerStart
04-18 13:54:26.456  2200  2806 E QplClient: (com.oculus.socialplatform) MarkerStart failed!
04-18 13:54:26.456  2200  2806 W REFLECT : RuntimeIPC: !IsClientValid: MarkerAnnotation
04-18 13:54:26.456  2200  2806 E QplClient: (com.oculus.socialplatform) MarkerAnnotation failed!
04-18 13:54:26.456  2200  2806 W REFLECT : RuntimeIPC: !IsClientValid: MarkerAnnotation
04-18 13:54:26.456  2200  2806 E QplClient: (com.oculus.socialplatform) MarkerAnnotation failed!
04-18 13:54:26.456  2200  2806 W REFLECT : RuntimeIPC: !IsClientValid: MarkerAnnotation
04-18 13:54:26.456  2200  2806 E QplClient: (com.oculus.socialplatform) MarkerAnnotation failed!
04-18 13:54:26.456  2200  2806 W REFLECT : RuntimeIPC: !IsClientValid: MarkerAnnotation
04-18 13:54:26.456  2200  2806 E QplClient: (com.oculus.socialplatform) MarkerAnnotation failed!
04-18 13:54:26.460  2200  2200 W PartyNativeModuleManager: Calling nativeTearDown but native code wasn't initialized. Noop.
04-18 13:54:26.464  7351  7471 W VrApi   : FrameIndex = 26101, RetiredClientFrameIndex = 26098, waited for 25 msec for frame to retire
04-18 13:54:26.467  2200  2806 W REFLECT : RuntimeIPC: !IsClientValid: MarkerAnnotation
04-18 13:54:26.467  2200  2806 E QplClient: (com.oculus.socialplatform) MarkerAnnotation failed!
04-18 13:54:26.467  2200  2806 W REFLECT : RuntimeIPC: !IsClientValid: MarkerEnd
04-18 13:54:26.467  2200  2806 E QplClient: (com.oculus.socialplatform) MarkerEnd failed!
04-18 13:54:26.467  2200  2806 W REFLECT : RuntimeIPC: !IsClientValid: MarkerEnd
04-18 13:54:26.467  2200  2806 E QplClient: (com.oculus.socialplatform) MarkerEnd failed!
04-18 13:54:26.467  2200  2806 W REFLECT : RuntimeIPC: !IsClientValid: MarkerStart
04-18 13:54:26.467  2200  2806 E QplClient: (com.oculus.socialplatform) MarkerStart failed!
04-18 13:54:26.467  2200  2806 W REFLECT : RuntimeIPC: !IsClientValid: MarkerAnnotation
04-18 13:54:26.467  2200  2806 E QplClient: (com.oculus.socialplatform) MarkerAnnotation failed!
04-18 13:54:26.467  2200  2806 W REFLECT : RuntimeIPC: !IsClientValid: MarkerAnnotation
04-18 13:54:26.467  2200  2806 E QplClient: (com.oculus.socialplatform) MarkerAnnotation failed!
04-18 13:54:26.467  2200  2806 W REFLECT : RuntimeIPC: !IsClientValid: MarkerAnnotation
04-18 13:54:26.467  2200  2806 E QplClient: (com.oculus.socialplatform) MarkerAnnotation failed!
04-18 13:54:26.467  2200  2806 W REFLECT : RuntimeIPC: !IsClientValid: MarkerAnnotation
04-18 13:54:26.467  2200  2806 E QplClient: (com.oculus.socialplatform) MarkerAnnotation failed!
04-18 13:54:26.467  2200  2200 W PartyNativeModuleManager: Calling nativeTearDown but native code wasn't initialized. Noop.
04-18 13:54:26.506  7351  7471 W VrApi   : FrameIndex = 26102, RetiredClientFrameIndex = 26099, waited for 25 msec for frame to retire
04-18 13:54:26.569  2534  2675 W OsSdk   : failed to extrapolate controller tracking state.
04-18 13:54:26.575  7351  7471 W VrApi   : FrameIndex = 26104, RetiredClientFrameIndex = 26101, waited for 25 msec for frame to retire
04-18 13:54:26.659  7351  7471 W VrApi   : FrameIndex = 26106, RetiredClientFrameIndex = 26103, waited for 25 msec for frame to retire
04-18 13:54:26.715  7351  7471 W VrApi   : FrameIndex = 26107, RetiredClientFrameIndex = 26104, waited for 25 msec for frame to retire
04-18 13:54:26.715  7351  7912 I VrApi   : FPS=32/72,Prd=55ms,Tear=0,Early=0,Stale=72,VSnc=1,Lat=1,Fov=0,CPU4/GPU=4/5,2304/710MHz,OC=FF,TA=0/E0/E0,SP=N/F/F,Mem=1804MHz,Free=594MB,PLS=0,Temp=35.0C/0.0C,TW=3.01ms,App=33.89ms,GD=0.17ms,CPU&GPU=63.77ms,LCnt=2,GPU%=0.92,CPU%=0.21(W0.26),DSF=1.00
04-18 13:54:26.756  7351  7471 W VrApi   : FrameIndex = 26108, RetiredClientFrameIndex = 26105, waited for 25 msec for frame to retire
04-18 13:54:26.784   720   720 D audio_hw_primary: adev_get_parameters:snd_device_in
04-18 13:54:26.784   720   720 D audio_hw_extn: audio_extn_snd_device_in_get_parameters: Current input sound device: 
04-18 13:54:26.784   720   720 D audio_hw_extn: audio_extn_get_parameters: returns snd_device_in=
04-18 13:54:26.784   720   720 D audio_hw_primary: adev_get_parameters: exit: returns - snd_device_in=
04-18 13:54:26.784   720   720 D audio_hw_primary: adev_get_parameters:snd_device_out
04-18 13:54:26.784   720   720 D audio_hw_extn: audio_extn_snd_device_out_get_parameters: Current output sound device: voice-speaker-2
04-18 13:54:26.784   720   720 D audio_hw_extn: audio_extn_get_parameters: returns snd_device_out=voice-speaker-2
04-18 13:54:26.784   720   720 D audio_hw_primary: adev_get_parameters: exit: returns - snd_device_out=voice-speaker-2
04-18 13:54:26.798  7351  7471 W VrApi   : FrameIndex = 26109, RetiredClientFrameIndex = 26106, waited for 25 msec for frame to retire
04-18 13:54:26.840  7351  7471 W VrApi   : FrameIndex = 26110, RetiredClientFrameIndex = 26107, waited for 25 msec for frame to retire
04-18 13:54:26.882  7351  7471 W VrApi   : FrameIndex = 26111, RetiredClientFrameIndex = 26108, waited for 25 msec for frame to retire
04-18 13:54:26.908   826  8591 I [CT]    : MIXEDREALITY: MrSystemService: FramesetHealth: valid: 450/450, stereo/depth/color: avail:  450/   0/   0, accepted %: 100.0/  0.0/  0.0, dropped %:   0.0/  0.0/  0.0, valid %: 100.0/  0.0/  0.0, textured %: 100.0/  0.0/  0.0.
04-18 13:54:26.908   826  8591 I [CT]    : MIXEDREALITY: MrSystemService: FramesetHealth: timeouts stereo/color: compute side: 0/0, render side: 0/0, egl: 0.
04-18 13:54:26.937  7351  7471 W VrApi   : FrameIndex = 26112, RetiredClientFrameIndex = 26109, waited for 25 msec for frame to retire
04-18 13:54:26.988   826  2916 W [CT]    : BOLTDEPTH: BoltDepthSystem: Invalid Bolt depth system state for core depth computation: PAUSED
04-18 13:54:26.988   826  2916 W [CT]    : MIXEDREALITY: StereoPipeline: computeCoreDepth: Core stereo computation failed.
04-18 13:54:27.007  7351  7471 W VrApi   : FrameIndex = 26114, RetiredClientFrameIndex = 26111, waited for 25 msec for frame to retire
04-18 13:54:27.049  7351  7471 W VrApi   : FrameIndex = 26115, RetiredClientFrameIndex = 26112, waited for 25 msec for frame to retire
04-18 13:54:27.091  7351  7471 W VrApi   : FrameIndex = 26116, RetiredClientFrameIndex = 26113, waited for 25 msec for frame to retire
04-18 13:54:27.096  3301  3408 D xrstreaming: receive ping: org 0 recv 0 xmt 245561815911000 (received at 4031621800023), offset divergence -5860
04-18 13:54:27.124   828  7785 I [CT]    : VIPER: Mode=Vega,Status=6DoF,TRACKING,KF=-1,Inl=312,Pts=0,Mem=51.9,Jit=0.0mm,Issues(Cam/min=0.0,IMU/min=0.7),Exp=(3.3ms,g=2.0,I=103,Ir=15850.1)(1.5ms,g=1.0,I=75,Ir=50127.2)(3.3ms,g=2.0,I=46,Ir=7097.7)(2.9ms,g=2.0,I=74,Ir=12882.1)
04-18 13:54:27.132  7351  7471 W VrApi   : FrameIndex = 26117, RetiredClientFrameIndex = 26114, waited for 25 msec for frame to retire
04-18 13:54:27.174  7351  7471 W VrApi   : FrameIndex = 26118, RetiredClientFrameIndex = 26115, waited for 25 msec for frame to retire
04-18 13:54:27.230  7351  7471 W VrApi   : FrameIndex = 26119, RetiredClientFrameIndex = 26116, waited for 25 msec for frame to retire
04-18 13:54:27.272  7351  7471 W VrApi   : FrameIndex = 26120, RetiredClientFrameIndex = 26117, waited for 25 msec for frame to retire
04-18 13:54:27.313  7351  7471 W VrApi   : FrameIndex = 26121, RetiredClientFrameIndex = 26118, waited for 25 msec for frame to retire
04-18 13:54:27.355  7351  7471 W VrApi   : FrameIndex = 26122, RetiredClientFrameIndex = 26119, waited for 25 msec for frame to retire
04-18 13:54:27.397  7351  7471 W VrApi   : FrameIndex = 26123, RetiredClientFrameIndex = 26120, waited for 25 msec for frame to retire
04-18 13:54:27.445  7351  7372 V UE4     : [NetworkChangedManager] Network Capabilities changed, has Internet: true
04-18 13:54:27.451  7351  8602 V UE4     : [NetworkChangedManager] Verifying internet connection with host: https://google.com/
04-18 13:54:27.481  7351  7471 W VrApi   : FrameIndex = 26125, RetiredClientFrameIndex = 26122, waited for 25 msec for frame to retire
04-18 13:54:27.535  7351  8602 V UE4     : [NetworkChangedManager] Connectivity hasn't changed. Current state: CONNECTION_AVAILABLE
04-18 13:54:27.535  7351  8602 V UE4     : [NetworkChangedManager] Full network check complete. State: CONNECTION_AVAILABLE
04-18 13:54:27.536  7351  7471 W VrApi   : FrameIndex = 26126, RetiredClientFrameIndex = 26123, waited for 25 msec for frame to retire
04-18 13:54:27.578  7351  7471 W VrApi   : FrameIndex = 26127, RetiredClientFrameIndex = 26124, waited for 25 msec for frame to retire
04-18 13:54:27.620  7351  7471 W VrApi   : FrameIndex = 26128, RetiredClientFrameIndex = 26125, waited for 25 msec for frame to retire
04-18 13:54:27.662  7351  7471 W VrApi   : FrameIndex = 26129, RetiredClientFrameIndex = 26126, waited for 25 msec for frame to retire
04-18 13:54:27.703  7351  7471 W VrApi   : FrameIndex = 26130, RetiredClientFrameIndex = 26127, waited for 25 msec for frame to retire
04-18 13:54:27.719  7351  7912 I Telemetry: App memory usage: PSS=337MB DalvikPSS=1 MB
04-18 13:54:27.721  7351  7912 I VrApi   : FPS=27/72,Prd=54ms,Tear=0,Early=0,Stale=72,VSnc=1,Lat=1,Fov=0,CPU4/GPU=4/5,2304/710MHz,OC=FF,TA=0/E0/E0,SP=N/F/F,Mem=1804MHz,Free=592MB,PLS=0,Temp=35.0C/0.0C,TW=4.35ms,App=40.85ms,GD=0.16ms,CPU&GPU=62.78ms,LCnt=2,GPU%=0.87,CPU%=0.18(W0.19),DSF=1.00
04-18 13:54:27.745  7351  7471 W VrApi   : FrameIndex = 26131, RetiredClientFrameIndex = 26128, waited for 25 msec for frame to retire
04-18 13:54:27.768  2534  2675 I GuardianInput: RightTrigger down
04-18 13:54:27.787  7351  7471 W VrApi   : FrameIndex = 26132, RetiredClientFrameIndex = 26129, waited for 25 msec for frame to retire
04-18 13:54:27.870  7351  7471 W VrApi   : FrameIndex = 26134, RetiredClientFrameIndex = 26131, waited for 25 msec for frame to retire
04-18 13:54:27.886  3301  3418 I xrstreamingclient: AudioPlayer: NetworkMetrics: [0.241,28.758]9.876
04-18 13:54:27.912  7351  7471 W VrApi   : FrameIndex = 26135, RetiredClientFrameIndex = 26132, waited for 25 msec for frame to retire
04-18 13:54:27.969  1935  2401 W OsSdk   : failed to extrapolate controller tracking state.
04-18 13:54:27.996  7351  7471 W VrApi   : FrameIndex = 26137, RetiredClientFrameIndex = 26134, waited for 25 msec for frame to retire
04-18 13:54:28.037  7351  7471 W VrApi   : FrameIndex = 26138, RetiredClientFrameIndex = 26135, waited for 25 msec for frame to retire
04-18 13:54:28.046  2534  2675 I GuardianInput: RightTrigger up
04-18 13:54:28.089  7351  7400 D UE4     : [GameActivity] Used memory: 345341 (VmRSS:	  733032 kB)
04-18 13:54:28.096  3301  3408 D xrstreaming: receive ping: org 0 recv 0 xmt 245562815979500 (received at 4032621877523), offset divergence -5860
04-18 13:54:28.121  7351  7471 W VrApi   : FrameIndex = 26140, RetiredClientFrameIndex = 26137, waited for 25 msec for frame to retire
04-18 13:54:28.148   826  8591 W OsSdk   : failed to extrapolate controller tracking state.
04-18 13:54:28.188   826  2916 W [CT]    : BOLTDEPTH: BoltDepthSystem: Invalid Bolt depth system state for core depth computation: PAUSED
04-18 13:54:28.205  7351  7471 W VrApi   : FrameIndex = 26142, RetiredClientFrameIndex = 26139, waited for 25 msec for frame to retire
04-18 13:54:28.235   828  6762 I [CT]    : boltlib: DSP utilization: 13.28 % (664 / 5002 ms)
04-18 13:54:28.246  7351  7471 W VrApi   : FrameIndex = 26143, RetiredClientFrameIndex = 26140, waited for 25 msec for frame to retire
04-18 13:54:28.267  1029  3085 I ActivityTaskManager: START u0 {act=android.intent.action.MAIN cat=[android.intent.category.INFO] flg=0x10010000 pkg=com.oculus.vrshell cmp=com.oculus.vrshell/.MainActivity (has extras)} from uid 10031
04-18 13:54:28.273  1029  3085 D ActivityTaskManager: Using main display for VR activity ActivityRecord{1cbf763 u0 com.oculus.vrshell/.MainActivity t-1}
04-18 13:54:28.274  1029  3085 I chatty  : uid=1000(system) Binder:1029_E identical 1 line
04-18 13:54:28.274  1029  3085 D ActivityTaskManager: Using main display for VR activity ActivityRecord{1cbf763 u0 com.oculus.vrshell/.MainActivity t-1}
04-18 13:54:28.302  7351  7471 W VrApi   : FrameIndex = 26144, RetiredClientFrameIndex = 26141, waited for 25 msec for frame to retire
04-18 13:54:28.304  7351  7351 D UE4     : [GameActivity] onPause: stop memory reporter runnable
04-18 13:54:28.304  7351  7397 D UE4     : Case APP_CMD_PAUSE
04-18 13:54:28.304  7351  7351 D UE4     : [GameActivity] ==============> GameActive.onPause complete!
04-18 13:54:28.304  7351  7397 D UE4     : [2022.04.18-11.54.28:304][164]LogAndroid: Case APP_CMD_PAUSE
04-18 13:54:28.304  7351  7397 D UE4     : LogAndroidEvents::EnqueueAppEvent : 6, [width=-1, height=-1], tid = 7397, APP_EVENT_STATE_ON_PAUSE
04-18 13:54:28.304  7351  7397 D UE4     : [2022.04.18-11.54.28:304][164]LogAndroid: event thread, suspending app, acquiring HW window lock.
04-18 13:54:28.304  7351  7397 D UE4     : LogAndroidEvents::EnqueueAppEvent : 15, [width=-1, height=-1], tid = 7397, APP_EVENT_RUN_CALLBACK
04-18 13:54:28.304  7351  7397 D UE4     : [2022.04.18-11.54.28:304][164]LogAndroid: AndroidEGL::  SuspendApp_EventThread, waiting for event manager to process. tid: 7397
04-18 13:54:28.305  2534  2988 I VrGuardianService: GuardianSDKServer::GuardianCmd: 14
04-18 13:54:28.305  2534  2988 I GuardianSystem: GuardianSystem::GuardianCmd CMD_CLEAR_RETURN_PACKAGE
04-18 13:54:28.305  1029  4324 W InputReader: Device has associated, but no associated display id.
04-18 13:54:28.312  2534  2675 I GuardianJSONHelper: GuardianJSONHelper::WriteGuardianSettings()
04-18 13:54:28.312  2534  2675 V VrGuardianService: VrGuardianService: for user: 0 run: writeUserJSONFile
04-18 13:54:28.313  2534  2675 D VrGuardianUserService: getGuardianFilesDir() /data/user/0/com.oculus.guardian/files/guardian/
04-18 13:54:28.313  2534  2675 D VrGuardianUserService: VrGuardianService: saveUserFile() /data/user/0/com.oculus.guardian/files/guardian/guardian_settings.json
04-18 13:54:28.316  7351  7396 D UE4     : [2022.04.18-11.54.28:316][164]LogAndroidEvents: Display: LogAndroidEvents::DequeueAppEvent : 6, [width=-1, height=-1], APP_EVENT_STATE_ON_PAUSE
04-18 13:54:28.316  7351  7396 D UE4     : FAppEventManager::Tick processing, 6
04-18 13:54:28.316  7351  7396 D UE4     : [2022.04.18-11.54.28:316][164]LogAndroidEvents: Display: LogAndroidEvents::DequeueAppEvent : 15, [width=-1, height=-1], APP_EVENT_RUN_CALLBACK
04-18 13:54:28.316  7351  7396 D UE4     : FAppEventManager::Tick processing, 15
04-18 13:54:28.316  7351  7396 D UE4     : [2022.04.18-11.54.28:316][164]LogAndroidEvents: Display: Event thread callback running.
04-18 13:54:28.316  7351  7396 D UE4     : [2022.04.18-11.54.28:316][164]LogAndroid: performing app backgrounding callback. 0x7182ed3be0
04-18 13:54:28.326  7351  7351 D SystemActivitiesReceiver: SystemActivityReceiver.onReceive intent:Intent { act=com.oculus.system_activity flg=0x10 pkg=com.YourCompany.IDLT (has extras) }
04-18 13:54:28.329   602  3451 D AF::RecordHandle: OpRecordAudio: track:83 uid:10053 pkg:com.oculus.horizon usage:0 not muted
04-18 13:54:28.331  7351  7351 D SystemActivitiesReceiver: fromPackageName: 'com.oculus.vrshell'
04-18 13:54:28.331  7351  7351 D SystemActivitiesReceiver: command: '{"Command":"exitToHome","PlatformUIVersion":4,"ToPackage":"com.YourCompany.IDLT"}'
04-18 13:54:28.331  7351  7351 D SystemActivitiesReceiver: uri: ''
04-18 13:54:28.337  1935  1935 D VrRuntimeService: onForegroundActivitiesChanged: pid=1775, uid=10031, hasForegroundActivities=true
04-18 13:54:28.337   602   602 D AF::RecordHandle: OpRecordAudio: track:78 uid:10054 pkg:com.oculus.xrstreamingclient usage:0 muted
04-18 13:54:28.340   736  7767 E FrameSetDispatcher: [HEADSET] Client pid=828 (828): Failed to read from receive FMQ for 6 packets in 5000ms.
04-18 13:54:28.340   736  7767 E FrameSetDispatcher: This probably means this client is taking more than 33 ms to process the frame.
04-18 13:54:28.340   736  7767 E FrameSetDispatcher: Retrying.
04-18 13:54:28.344   828  7785 W [CT]    : VIPER: Frame Tracking [0.035919636 [sec]s] exceeded camera sampling time [0.033333333 [sec]s].
04-18 13:54:28.344   602  7882 D AF::RecordHandle: OpRecordAudio: track:78 uid:10054 pkg:com.oculus.xrstreamingclient usage:0 muted
04-18 13:54:28.344   602  3912 D AF::TrackHandle: OpPlayAudio: track:56 uid:10022 pkg:com.oculus.shellenv usage:1 muted
04-18 13:54:28.345   602  6774 D AF::TrackHandle: OpPlayAudio: track:79 uid:10087 pkg:com.YourCompany.IDLT usage:1 muted
04-18 13:54:28.345   602  1242 D AF::RecordHandle: OpRecordAudio: track:83 uid:10053 pkg:com.oculus.horizon usage:0 not muted
04-18 13:54:28.346   602   945 D AF::TrackHandle: OpPlayAudio: track:60 uid:10054 pkg:com.oculus.xrstreamingclient usage:1 muted
04-18 13:54:28.347   602  6401 D AF::TrackHandle: OpPlayAudio: track:57 uid:1000 pkg:com.android.networkstack.inprocess usage:13 not muted
04-18 13:54:28.349   602   602 D AF::TrackHandle: OpPlayAudio: track:85 uid:10031 pkg:com.oculus.vrshell usage:1 not muted
04-18 13:54:28.351  7351  7351 D TrustedSignatureVerifier: Checking app signature for com.oculus.vrshell
04-18 13:54:28.359  7351  7351 D SystemActivitiesReceiver: App is trusted
04-18 13:54:28.359  7351  7351 I SystemActivitiesEvents: nativeSystemActivityIntent in 'com.YourCompany.IDLT': 'com.oculus.vrshell' '{"Command":"exitToHome","PlatformUIVersion":4,"ToPackage":"com.YourCompany.IDLT"}' ''
04-18 13:54:28.367  7351  7351 I SystemActivitiesEvents: SYSTEM_ACTIVITY_EVENT_EXIT_TO_HOME: finish() - exit to Home
04-18 13:54:28.367  7351  7351 W ourCompany.IDL: Attempt to remove non-JNI local reference, dumping thread
04-18 13:54:28.367  7351  7351 I chatty  : uid=10087(com.YourCompany.IDLT) identical 2 lines
04-18 13:54:28.367  7351  7351 W ourCompany.IDL: Attempt to remove non-JNI local reference, dumping thread
04-18 13:54:28.369  1029  3040 I ActivityTaskManager: START u0 {act=android.intent.action.MAIN cat=[android.intent.category.LAUNCHER] flg=0x14000000 pkg=com.oculus.shellenv cmp=com.oculus.shellenv/.ShellEnvActivity (has extras)} from uid 10031
04-18 13:54:28.371  7351  7351 D SystemActivitiesReceiver: SystemActivityReceiver.onReceive intent:Intent { act=com.oculus.system_activity flg=0x10 pkg=com.YourCompany.IDLT (has extras) }
04-18 13:54:28.372  7351  7471 W VrApi   : FrameIndex = 26146, RetiredClientFrameIndex = 26143, waited for 25 msec for frame to retire
04-18 13:54:28.372  7351  7351 D SystemActivitiesReceiver: fromPackageName: 'com.oculus.vrshell'
04-18 13:54:28.372  7351  7351 D SystemActivitiesReceiver: command: '{"Command":"returnToLauncher","PlatformUIVersion":4,"ToPackage":"com.YourCompany.IDLT"}'
