--------- beginning of system
04-18 13:47:12.251  1029  1380 I ActivityTaskManager: START u0 {flg=0x10000000 cmp=com.YourCompany.IDLT/com.epicgames.ue4.GameActivity} from uid 2000
04-18 13:47:12.255  1029  1380 D ActivityTaskManager: Using main display for VR activity ActivityRecord{c0475f9 u0 com.YourCompany.IDLT/com.epicgames.ue4.GameActivity t-1}
04-18 13:47:12.255  1029  1380 I chatty  : uid=1000(system) Binder:1029_7 identical 1 line
04-18 13:47:12.263  1029  1380 D ActivityTaskManager: Using main display for VR activity ActivityRecord{c0475f9 u0 com.YourCompany.IDLT/com.epicgames.ue4.GameActivity t-1}
--------- beginning of tracking
04-18 13:47:12.312   736  7001 I FrameSetDispatcher: [HEADSET] Client thread stopping
04-18 13:47:12.312   736   736 I FrameSetDispatcher: [HEADSET] Client thread joined
04-18 13:47:12.313   736   736 I CameraClientManager: [HEADSET] Removed client - started clients: 2
04-18 13:47:12.339   828  3459 I TrackingService: Unregistering client by ITrackingService.unregisterClient
04-18 13:47:12.339   828  3459 I TrackingService: Failed to unregister client because client not found in registered list
04-18 13:47:12.339   828  3459 I chatty  : uid=1000(system) Binder:828_5 identical 2 lines
04-18 13:47:12.339   828  3459 I TrackingService: Failed to unregister client because client not found in registered list
04-18 13:47:12.339   828  3459 D TrackingService: unregister: com.oculus.xrstreamingclient#3301
04-18 13:47:12.393  1029  1057 W ActivityManager: Slow operation: 69ms so far, now at startProcess: returned from zygote!
04-18 13:47:12.394  1029  1057 W ActivityManager: Slow operation: 70ms so far, now at startProcess: done updating battery stats
04-18 13:47:12.415  1029  1057 W ActivityManager: Slow operation: 92ms so far, now at startProcess: building log message
04-18 13:47:12.415  1029  1057 I ActivityManager: Start proc 7351:com.YourCompany.IDLT/u0a87 for activity {com.YourCompany.IDLT/com.epicgames.ue4.GameActivity}
04-18 13:47:12.416  1029  1057 W ActivityManager: Slow operation: 92ms so far, now at startProcess: starting to update pids map
04-18 13:47:12.416  1029  1057 W ActivityManager: Slow operation: 92ms so far, now at startProcess: done updating pids map
04-18 13:47:12.589  1029  3040 W ActivityManager: Package for pid 826: no process record found
04-18 13:47:12.845   828  6790 D TrackingService: [HANDTRACKING] Controller 6674f2ac28c0b27f in hand: N, valid: Y
04-18 13:47:14.132   736  6809 E FrameSetDispatcher: [HEADSET] Client pid=828 (828): Failed to read from receive FMQ for 3 packets in 5000ms.
04-18 13:47:14.132   736  6809 E FrameSetDispatcher: This probably means this client is taking more than 33 ms to process the frame.
04-18 13:47:14.132   736  6809 E FrameSetDispatcher: Retrying.
04-18 13:47:15.683  1029  1063 W ProcessCpuTracker: Failed to stat(/proc/7393): android.system.ErrnoException: stat failed: ENOENT (No such file or directory)
04-18 13:47:15.684  1029  1063 W ProcessCpuTracker: Skipping unknown process pid 7393
04-18 13:47:15.698  1029  1060 E BatteryExternalStatsWorker: no controller energy info supplied for telephony
04-18 13:47:16.207   828  6790 D TrackingService: [HANDTRACKING] Controller 30fd261ebec0859d in hand: N, valid: Y
04-18 13:47:16.841   736  6779 W SensorService: Unknown packet type (20) received
04-18 13:47:17.062  1029  1238 E WindowManager: App trying to use insecure INPUT_FEATURE_NO_INPUT_CHANNEL flag. Ignoring
04-18 13:47:21.705  1029  1380 E AppOps  : startOperation
04-18 13:47:21.705  1029  1380 E AppOps  : java.lang.SecurityException: Specified package wifitelemetry under uid 1000 but it is really -1
04-18 13:47:21.705  1029  1380 E AppOps  : 	at com.android.server.appop.AppOpsService.verifyAndGetIsPrivileged(AppOpsService.java:2654)
04-18 13:47:21.705  1029  1380 E AppOps  : 	at com.android.server.appop.AppOpsService.startOperation(AppOpsService.java:2235)
04-18 13:47:21.705  1029  1380 E AppOps  : 	at android.app.AppOpsManager.startOpNoThrow(AppOpsManager.java:5440)
04-18 13:47:21.705  1029  1380 E AppOps  : 	at android.app.AppOpsManager.startOpNoThrow(AppOpsManager.java:5421)
04-18 13:47:21.705  1029  1380 E AppOps  : 	at com.android.server.power.Notifier.onWakeLockAcquired(Notifier.java:224)
04-18 13:47:21.705  1029  1380 E AppOps  : 	at com.android.server.power.PowerManagerService.notifyWakeLockAcquiredLocked(PowerManagerService.java:1270)
04-18 13:47:21.705  1029  1380 E AppOps  : 	at com.android.server.power.PowerManagerService.acquireWakeLockInternal(PowerManagerService.java:1105)
04-18 13:47:21.705  1029  1380 E AppOps  : 	at com.android.server.power.PowerManagerService.access$3900(PowerManagerService.java:116)
04-18 13:47:21.705  1029  1380 E AppOps  : 	at com.android.server.power.PowerManagerService$BinderService.acquireWakeLock(PowerManagerService.java:4333)
04-18 13:47:21.705  1029  1380 E AppOps  : 	at android.os.IPowerManager$Stub.onTransact(IPowerManager.java:350)
04-18 13:47:21.705  1029  1380 E AppOps  : 	at android.os.Binder.execTransactInternal(Binder.java:1021)
04-18 13:47:21.705  1029  1380 E AppOps  : 	at android.os.Binder.execTransact(Binder.java:994)
04-18 13:47:21.841   736  6779 W SensorService: Unknown packet type (20) received
04-18 13:47:22.585   736  6778 I SyncBossFW: 3601154 [info   ] {PERF}: cpu load cur=0.37 min=0.04 max=0.38 avg=0.18
04-18 13:47:24.942   818   818 I wificond: Received external scan result notification from kernel.
04-18 13:47:25.388  1029  1380 E AppOps  : Cannot finishOperation
04-18 13:47:25.388  1029  1380 E AppOps  : java.lang.SecurityException: Specified package wifitelemetry under uid 1000 but it is really -1
04-18 13:47:25.388  1029  1380 E AppOps  : 	at com.android.server.appop.AppOpsService.verifyAndGetIsPrivileged(AppOpsService.java:2654)
04-18 13:47:25.388  1029  1380 E AppOps  : 	at com.android.server.appop.AppOpsService.finishOperation(AppOpsService.java:2329)
04-18 13:47:25.388  1029  1380 E AppOps  : 	at android.app.AppOpsManager.finishOp(AppOpsManager.java:5456)
04-18 13:47:25.388  1029  1380 E AppOps  : 	at com.android.server.power.Notifier.onWakeLockReleased(Notifier.java:334)
04-18 13:47:25.388  1029  1380 E AppOps  : 	at com.android.server.power.PowerManagerService.notifyWakeLockReleasedLocked(PowerManagerService.java:1327)
04-18 13:47:25.388  1029  1380 E AppOps  : 	at com.android.server.power.PowerManagerService.removeWakeLockLocked(PowerManagerService.java:1211)
04-18 13:47:25.388  1029  1380 E AppOps  : 	at com.android.server.power.PowerManagerService.releaseWakeLockInternal(PowerManagerService.java:1183)
04-18 13:47:25.388  1029  1380 E AppOps  : 	at com.android.server.power.PowerManagerService.access$4000(PowerManagerService.java:116)
04-18 13:47:25.388  1029  1380 E AppOps  : 	at com.android.server.power.PowerManagerService$BinderService.releaseWakeLock(PowerManagerService.java:4349)
04-18 13:47:25.388  1029  1380 E AppOps  : 	at android.os.IPowerManager$Stub.onTransact(IPowerManager.java:378)
04-18 13:47:25.388  1029  1380 E AppOps  : 	at android.os.Binder.execTransactInternal(Binder.java:1021)
04-18 13:47:25.388  1029  1380 E AppOps  : 	at android.os.Binder.execTransact(Binder.java:994)
04-18 13:47:26.202  1417  7467 W ContextImpl: Calling a method in the system process without a qualified user: android.app.ContextImpl.sendBroadcast:1057 android.content.ContextWrapper.sendBroadcast:448 X.o8.A00:143 X.oO.A00:17 X.oO.handleMessage:90 
04-18 13:47:26.843   736  6779 W SensorService: Unknown packet type (20) received
04-18 13:47:27.492   736  6809 E FrameSetDispatcher: [HEADSET] Client pid=828 (828): Failed to read from receive FMQ for 1 packets in 5000ms.
04-18 13:47:27.492   736  6809 E FrameSetDispatcher: This probably means this client is taking more than 33 ms to process the frame.
04-18 13:47:27.492   736  6809 E FrameSetDispatcher: Retrying.
04-18 13:47:28.911   736  6779 E SensorService: HMD IMU samples delayed: 4.428ms between sample arrivals (expected 1.000ms)
04-18 13:47:29.242   828   828 D TrackingService: getSharedMemory: com.YourCompany.IDLT, HeadTracker
04-18 13:47:29.304   828  1566 D TrackingService: getSharedMemory: com.YourCompany.IDLT, Controller
04-18 13:47:30.405  1029  1055 W VoiceInteractionManagerService: no available voice interaction services found for user 0
04-18 13:47:31.844   736  6779 W SensorService: Unknown packet type (20) received
04-18 13:47:32.601   828  6790 D TrackingService: [HANDTRACKING] Controller 6674f2ac28c0b27f in hand: Y, valid: Y
04-18 13:47:34.645   828  6790 D TrackingService: [HANDTRACKING] Controller 6674f2ac28c0b27f in hand: N, valid: Y
04-18 13:47:36.692   736  6779 I SyncBossHAL: [info   ] syncboss_hal_input_controller.c(63): 30fd261exxxxxxxx: 11 missed/180011 expected (PER 0.01%)
04-18 13:47:36.844   736  6779 W SensorService: Unknown packet type (20) received
04-18 13:47:37.093   736  6779 I SyncBossHAL: [info   ] syncboss_hal_input_controller.c(63): 6674f2acxxxxxxxx: 10 missed/180010 expected (PER 0.01%)
04-18 13:47:41.844   736  6779 W SensorService: Unknown packet type (20) received
04-18 13:47:44.987  1029  1238 I DropBoxManagerService: add tag=system_server_wtf isTagEnabled=true flags=0x2
04-18 13:47:45.053  1029  3040 I DropBoxManagerService: add tag=system_server_wtf isTagEnabled=true flags=0x2
04-18 13:47:47.934  1417  7566 W ContextImpl: Calling a method in the system process without a qualified user: android.app.ContextImpl.sendBroadcast:1057 android.content.ContextWrapper.sendBroadcast:448 X.o8.A00:143 X.oO.A00:17 X.oO.handleMessage:90 
04-18 13:47:54.594  1029  1111 W ActivityManager: Background start not allowed: service Intent { act=com.android.providers.tv.intent.CLEAN_UP_EPG_DATA flg=0x4 cmp=com.android.providers.tv/.EpgDataCleanupService (has extras) } to com.android.providers.tv/.EpgDataCleanupService from pid=-1 uid=10063 pkg=com.android.providers.tv startFg?=false
04-18 13:47:51.846   736  6779 I chatty  : uid=1000(system) SBEventHandler identical 2 lines
04-18 13:47:56.846   736  6779 W SensorService: Unknown packet type (20) received
04-18 13:47:59.482   828  6790 D TrackingService: [HANDTRACKING] Controller 6674f2ac28c0b27f in hand: Y, valid: Y
04-18 13:47:59.770   736  6779 E SensorService: HMD IMU samples delayed: 11.183ms between sample arrivals (expected 1.000ms)
04-18 13:48:01.605   828  6790 D TrackingService: [HANDTRACKING] Controller 6674f2ac28c0b27f in hand: N, valid: Y
04-18 13:48:01.847   736  6779 W SensorService: Unknown packet type (20) received
04-18 13:48:06.848   736  6779 W SensorService: Unknown packet type (20) received
04-18 13:48:08.053   736  6809 E FrameSetDispatcher: [HEADSET] Client pid=828 (828): Failed to read from receive FMQ for 2 packets in 5000ms.
04-18 13:48:08.053   736  6809 E FrameSetDispatcher: This probably means this client is taking more than 33 ms to process the frame.
04-18 13:48:08.053   736  6809 E FrameSetDispatcher: Retrying.
04-18 13:48:11.848   736  6779 W SensorService: Unknown packet type (20) received
04-18 13:48:13.823   736  6779 I SyncBossHAL: [info   ] syncboss_hal_input_controller.c(183): Controller 30fd261exxxxxxxx state change: asleep 0 -> 1
04-18 13:48:13.827   736  6791 D SensorService: stateChangeNotifierFunc(): Reporting controller info. Change token: 15
04-18 13:48:13.828   736   736 W SensorService: Attempt to adjust transmit power. Should boost:N. Function not implemented in syncboss HAL yet.
04-18 13:48:13.828   828  6793 E TrackingService: Failed to set transmit power adjustment. Should boost:N, Controller addr:30fd261ebec0859d
04-18 13:48:13.872   736  6779 I SyncBossInput: [info   ] [lcon ( left) 30fd261exxxxxxxx]: 10587602 [info   ] {THDG}: active_connected -> inactive_connected
04-18 13:48:15.063   736  6779 I SyncBossHAL: [info   ] syncboss_hal_input_controller.c(183): Controller 6674f2acxxxxxxxx state change: asleep 0 -> 1
04-18 13:48:15.068   736  6791 D SensorService: stateChangeNotifierFunc(): Reporting controller info. Change token: 16
04-18 13:48:15.068   736   736 W SensorService: Attempt to adjust transmit power. Should boost:N. Function not implemented in syncboss HAL yet.
04-18 13:48:15.068   828  6793 E TrackingService: Failed to set transmit power adjustment. Should boost:N, Controller addr:6674f2ac28c0b27f
04-18 13:48:15.132   736  6779 I SyncBossInput: [info   ] [lcon (right) 6674f2acxxxxxxxx]: 10586260 [info   ] {THDG}: active_connected -> inactive_connected
04-18 13:48:22.593   736  6778 I SyncBossFW: 3661160 [info   ] {PERF}: cpu load cur=0.25 min=0.04 max=0.38 avg=0.18
04-18 13:48:50.469   736   885 I SyncBossHAL: [info   ] syncboss_hal_powerstate.c(63): Reporting powerstate event: prox_off
04-18 13:48:50.473   828  1566 D SensorClientUtils: Received transition request to STANDBY current is RUNNING
04-18 13:48:50.473   828  1566 D SensorClientUtils: Executing transition from RUNNING to STANDBY
04-18 13:48:50.500  1029  5860 I DropBoxManagerService: add tag=system_server_wtf isTagEnabled=true flags=0x2
04-18 13:48:50.515  1029  3040 I DropBoxManagerService: add tag=system_server_wtf isTagEnabled=true flags=0x2
04-18 13:48:51.585  1029  1055 W VoiceInteractionManagerService: no available voice interaction services found for user 0
04-18 13:49:05.477  1029  1029 I PowerManagerService: Going to sleep due to application (uid 1000)...
04-18 13:49:05.478  1029  1029 W UsageStatsService: Event reported without a package name, eventType:16
04-18 13:49:05.479  1029  1064 I PowerManagerService: Sleeping (uid 1000)...
04-18 13:49:05.479  1029  1064 I DisplayPowerController: Blocking screen off
04-18 13:49:05.479  1029  1064 I DisplayPowerController: Unblocked screen off after 0 ms
04-18 13:49:05.480  1029  1064 D ActivityTaskManager: Top Process State changed to PROCESS_STATE_TOP_SLEEPING
04-18 13:49:05.500  1029  1064 V DisplayPowerController: Brightness [0] reason changing to: 'screen_off', previous reason: 'manual'.
04-18 13:49:05.526  1029  1050 I DisplayManagerService: Display device changed state: "Built-in Screen", OFF
04-18 13:49:05.741  1417  7713 W ContextImpl: Calling a method in the system process without a qualified user: android.app.ContextImpl.sendBroadcast:1057 android.content.ContextWrapper.sendBroadcast:448 X.o8.A00:143 X.oO.A00:17 X.oO.handleMessage:90 
04-18 13:49:05.841   828  1566 D SensorClientUtils: Received transition request to SLEEP current is STANDBY
04-18 13:49:05.841   828  1566 D SensorClientUtils: Executing transition from STANDBY to SLEEP
04-18 13:49:05.841   828  1566 D SensorClientUtils: Setting power state to STANDBY
04-18 13:49:05.841   828   988 I TrackingService: [     controller] RUNNING -> STANDBY transition time: 0 ms
04-18 13:49:05.841   828   988 I TrackingService: [     controller] RUNNING -> STANDBY transition time: 0 ms
04-18 13:49:05.842   736  6842 I FrameSetDispatcher: [HEADSET] Client thread stopping
04-18 13:49:05.842   736   736 I FrameSetDispatcher: [HEADSET] Client thread joined
04-18 13:49:05.842   736   736 I CameraClientManager: [HEADSET] Removed client - started clients: 1
04-18 13:49:05.842   828   988 I TrackingService: [         object] RUNNING -> STANDBY transition time: 1 ms
04-18 13:49:05.842   828   988 I TrackingService: [           hand] RUNNING -> STANDBY transition time: 0 ms
04-18 13:49:05.843   736  6836 I FrameSetDispatcher: [CONTROLLER] Client thread stopping
04-18 13:49:05.843   736   736 I FrameSetDispatcher: [CONTROLLER] Client thread joined
04-18 13:49:05.843   736   736 I CameraClientManager: [CONTROLLER] Removed client - started clients: 0
04-18 13:49:05.843   828   988 I TrackingService: [  constellation] RUNNING -> STANDBY transition time: 1 ms
04-18 13:49:05.847  1029  1238 W ContextImpl: Calling a method in the system process without a qualified user: android.app.ContextImpl.sendBroadcast:1057 com.android.server.audio.AudioService.setMicrophoneMuteNoCallerCheck:2891 com.android.server.audio.AudioService.setMicrophoneMute:2877 android.media.IAudioService$Stub.onTransact:1113 android.os.Binder.execTransactInternal:1021 
04-18 13:49:05.950  1029  1029 W Looper  : Slow dispatch took 109ms main h=oculus.internal.VrPowerManagerService$3 c=null m=2
04-18 13:49:06.006   736  6809 I FrameSetDispatcher: [HEADSET] Client thread stopping
04-18 13:49:06.006   736   736 I FrameSetDispatcher: [HEADSET] Client thread joined
04-18 13:49:06.007   736   736 I CameraClientManager: [HEADSET] Removed client - started clients: 0
04-18 13:49:06.020   736  6821 E MontereyCameraProvider: Frame marked invalid by frame set generator
04-18 13:49:06.097   828   988 I TrackingService: [            iot] RUNNING -> STANDBY transition time: 253 ms
04-18 13:49:06.097   828   988 I TrackingService: [           bolt] RUNNING -> STANDBY transition time: 0 ms
04-18 13:49:06.098   828   988 I TrackingService: [            iad] RUNNING -> STANDBY transition time: 0 ms
04-18 13:49:06.098   828   988 I TrackingService: [ vision_manager] RUNNING -> STANDBY transition time: 0 ms
04-18 13:49:06.098   828  1566 D TrackingService: setPowerState: STANDBY
04-18 13:49:06.098   828  1566 D SensorClientUtils: Scheduling delayed transition to SLEEP in 120000ms
04-18 13:49:08.474   828  1566 I TrackingService: Unregistering client by ITrackingService.unregisterClient
04-18 13:49:08.474   828  1566 I TrackingService: Failed to unregister client because client not found in registered list
04-18 13:49:08.474   828  1566 I chatty  : uid=1000(system) Binder:828_3 identical 2 lines
04-18 13:49:08.474   828  1566 I TrackingService: Failed to unregister client because client not found in registered list
04-18 13:49:08.474   828  1566 D TrackingService: unregister: com.YourCompany.IDLT
04-18 13:49:19.345   736  6779 I SyncBossHAL: [info   ] syncboss_hal_input_controller.c(183): Controller 6674f2acxxxxxxxx state change: asleep 1 -> 0
04-18 13:49:19.349   736  6791 D SensorService: stateChangeNotifierFunc(): Reporting controller info. Change token: 17
04-18 13:49:19.350   736   736 W SensorService: Attempt to adjust transmit power. Should boost:N. Function not implemented in syncboss HAL yet.
04-18 13:49:19.350   828  6793 E TrackingService: Failed to set transmit power adjustment. Should boost:N, Controller addr:6674f2ac28c0b27f
04-18 13:49:19.376   736  6779 E SyncBossHAL: [error  ] syncboss_hal_input_controller.c(113): 6674f2acxxxxxxxx: IMU corrupt: cur = 3717939912, last = 3653643605, delta = 64296307, a = {771, 107, -556}, g = {-17, -3, -5}
04-18 13:49:19.376   736  6779 W SensorService: Unknown packet type (20) received
04-18 13:49:19.397   736  6779 I SyncBossInput: [info   ] [lcon (right) 6674f2acxxxxxxxx]: 10650525 [info   ] {THDG}: inactive_connected -> active_connected
04-18 13:49:22.452   736   885 I SyncBossHAL: [info   ] syncboss_hal_powerstate.c(63): Reporting powerstate event: prox_on
04-18 13:49:22.454  1029  1029 I PowerManagerService: Waking up from Asleep (uid=1000, reason=WAKE_REASON_UNKNOWN, details=VrPwMng:leave-standby)...
04-18 13:49:22.460  1029  1064 I DisplayPowerController: Blocking screen on until initial contents have been drawn.
04-18 13:49:22.460  1029  1064 D ActivityTaskManager: Top Process State changed to PROCESS_STATE_TOP
04-18 13:49:22.464   828  1566 D SensorClientUtils: Cancelling delayed transition to SLEEP
04-18 13:49:22.466   828  1566 D SensorClientUtils: Received transition request to RUNNING current is SLEEP
04-18 13:49:22.466   828  1566 D SensorClientUtils: Executing transition from SLEEP to STANDBY
04-18 13:49:22.466   828  1566 D SensorClientUtils: Executing transition from STANDBY to RUNNING
04-18 13:49:22.466   828  1566 D SensorClientUtils: Setting power state to RUNNING
04-18 13:49:22.466   828   988 I TrackingService: [ vision_manager] STANDBY -> RUNNING transition time: 0 ms
04-18 13:49:22.467   828   988 I TrackingService: [            iad] STANDBY -> RUNNING transition time: 0 ms
04-18 13:49:22.467   828   988 I TrackingService: [           bolt] STANDBY -> RUNNING transition time: 0 ms
04-18 13:49:22.471   828   988 I TrackingService: Setting initial exposure: 0.005000, initial gain: 3.000000
04-18 13:49:22.478  1029  1375 W ContextImpl: Calling a method in the system process without a qualified user: android.app.ContextImpl.sendBroadcast:1057 com.android.server.audio.AudioService.setMicrophoneMuteNoCallerCheck:2891 com.android.server.audio.AudioService.setMicrophoneMute:2877 android.media.IAudioService$Stub.onTransact:1113 android.os.Binder.execTransactInternal:1021 
04-18 13:49:22.480   736   736 I FrameSetDispatcher: [HEADSET] Client thread started
04-18 13:49:22.480   736   736 I CameraClientManager: [HEADSET] Added client - started clients: 1
04-18 13:49:22.487  1029  1064 V DisplayPowerController: Brightness [255] reason changing to: 'manual', previous reason: 'screen_off'.
04-18 13:49:22.503  1029  1050 I DisplayManagerService: Display device changed state: "Built-in Screen", ON
04-18 13:49:22.514  1029  1064 I DisplayPowerController: Unblocked screen on after 54 ms
04-18 13:49:22.520  1029  1029 W UsageStatsService: Event reported without a package name, eventType:15
04-18 13:49:22.596   736  6778 I SyncBossFW: 3721163 [info   ] {APPI}: cams_found=0xf
04-18 13:49:22.603   736  6778 I SyncBossFW: 3721166 [info   ] {PERF}: cpu load cur=0.30 min=0.04 max=0.38 avg=0.18
04-18 13:49:22.626   736   736 I SyncBossHAL: [info   ] syncboss_hal_impl_camera.c(245): Changing camera frame period to 40000 (status=0)
04-18 13:49:22.628   736   874 I SyncBossHAL: [info   ] pulsar_manager.c(772): Setting controller LED config to period: 40000us, on-time: 19us
04-18 13:49:22.680  1029  3081 W ActivityManager: Package for pid 826: no process record found
04-18 13:49:22.682   828  3459 D TrackingService: getSharedMemory: com.YourCompany.IDLT, HeadTracker
04-18 13:49:22.710   736  7781 E SensorService: Frame associated with stale frame sync: sync seqId: 8, frame seqId: 9
04-18 13:49:22.710   736  7782 E SensorService: Frame associated with stale frame sync: sync seqId: 8, frame seqId: 9
04-18 13:49:22.710   736  7781 E SensorService: Frame is either too old or is arriving before frame sync
04-18 13:49:22.710   736  7782 E SensorService: Frame is either too old or is arriving before frame sync
04-18 13:49:22.710   736  7783 E SensorService: Frame associated with stale frame sync: sync seqId: 8, frame seqId: 9
04-18 13:49:22.710   736  7783 E SensorService: Frame is either too old or is arriving before frame sync
04-18 13:49:22.710   736  7784 E SensorService: Frame associated with stale frame sync: sync seqId: 8, frame seqId: 9
04-18 13:49:22.710   736  7784 E SensorService: Frame is either too old or is arriving before frame sync
04-18 13:49:22.710   736  7781 E MontereyCameraProvider: Frame marked invalid by frame generator
04-18 13:49:22.718   828   988 I TrackingService: [            iot] STANDBY -> RUNNING transition time: 250 ms
04-18 13:49:22.721   736   736 I FrameSetDispatcher: [CONTROLLER] Client thread started
04-18 13:49:22.721   736   736 I CameraClientManager: [CONTROLLER] Added client - started clients: 1
04-18 13:49:22.723   828   988 I TrackingService: ConstellationTrackingGlue: setEnableExtendedDeadreckoning to false
04-18 13:49:22.723   828   988 I TrackingService: [  constellation] STANDBY -> RUNNING transition time: 4 ms
04-18 13:49:22.723   828   988 I TrackingService: [           hand] STANDBY -> RUNNING transition time: 0 ms
04-18 13:49:22.727   736   736 I FrameSetDispatcher: [HEADSET] Client thread started
04-18 13:49:22.727   736   736 I CameraClientManager: [HEADSET] Added client - started clients: 2
04-18 13:49:22.727   828   988 I TrackingService: [         object] STANDBY -> RUNNING transition time: 4 ms
04-18 13:49:22.728   828   988 I TrackingService: [     controller] STANDBY -> RUNNING transition time: 0 ms
04-18 13:49:22.728   828   988 I TrackingService: [     controller] STANDBY -> RUNNING transition time: 0 ms
04-18 13:49:22.728   828  1566 D TrackingService: setPowerState: RUNNING
04-18 13:49:22.742   736  7782 W SensorService: frameset capture timestamp out of spec by -3721259.53 ms. FrameType=HEADSET, observed=3721299532000 expected=a40000000. FrameSyncPeriod is: 40.00 ms
04-18 13:49:22.771  1029  1064 W PowerManagerService: Screen on took 317 ms
04-18 13:49:22.806  1417  7798 W ContextImpl: Calling a method in the system process without a qualified user: android.app.ContextImpl.sendBroadcast:1057 android.content.ContextWrapper.sendBroadcast:448 X.o8.A00:143 X.oO.A00:17 X.oO.handleMessage:90 
04-18 13:49:22.815   736  7767 E FrameSetDispatcher: [HEADSET] Client pid=828 (828): Failed to read from receive FMQ for 1 packets in 5000ms.
04-18 13:49:22.815   736  7767 E FrameSetDispatcher: This probably means this client is taking more than 33 ms to process the frame.
04-18 13:49:22.815   736  7767 E FrameSetDispatcher: Retrying.
04-18 13:49:23.347   828  1566 D TrackingService: getSharedMemory: com.YourCompany.IDLT, Controller
04-18 13:49:23.373  1029  1397 E WindowManager: App trying to use insecure INPUT_FEATURE_NO_INPUT_CHANNEL flag. Ignoring
04-18 13:49:23.387   828  3459 E TrackingService: attachClient: found client in attached list
04-18 13:49:23.387   828  1566 E TrackingService: attachClient: found client in attached list
04-18 13:49:23.388   828  3459 D TrackingService: getSharedMemory: com.oculus.guardian, Controller
04-18 13:49:23.389   828  1566 D TrackingService: getSharedMemory: com.oculus.systemdriver, Controller
04-18 13:49:23.393   828  1566 E TrackingService: attachClient: found client in attached list
04-18 13:49:23.395   828  3459 E TrackingService: attachClient: found client in attached list
04-18 13:49:23.396   828  3459 I chatty  : uid=1000(system) Binder:828_5 identical 1 line
04-18 13:49:23.399   828  3459 E TrackingService: attachClient: found client in attached list
04-18 13:49:23.446   736   736 I FrameSetDispatcher: [HEADSET] Client thread started
04-18 13:49:23.446   736   736 I CameraClientManager: [HEADSET] Added client - started clients: 3
04-18 13:49:23.465  1029  1375 W ActivityManager: Package for pid 826: no process record found
04-18 13:49:23.470   828  3459 E TrackingService: attachClient: found client in attached list
04-18 13:49:23.486   828  3459 D TrackingService: getSharedMemory: /system/bin/mrsystemservice, Controller
04-18 13:49:23.583  1029  1123 I ActivityTaskManager: START u0 {act=android.intent.action.MAIN cmp=com.oculus.os.clearactivity/.ClearActivity (has extras)} from uid 10031
04-18 13:49:23.591  1029  1123 W ActivityTaskManager: startActivity called from non-Activity context; forcing Intent.FLAG_ACTIVITY_NEW_TASK for: Intent { act=android.intent.action.MAIN flg=0x800000 cmp=com.oculus.os.clearactivity/.ClearActivity (has extras) }
04-18 13:49:23.615   828  3459 E TrackingService: attachClient: found client in attached list
04-18 13:49:23.617   828  3459 D TrackingService: getSharedMemory: com.oculus.vrshell, HeadTracker
04-18 13:49:23.619   828  3459 E TrackingService: attachClient: found client in attached list
04-18 13:49:23.620   828  3459 D TrackingService: getSharedMemory: com.oculus.vrshell, Controller
04-18 13:49:23.673  1029  1055 W VoiceInteractionManagerService: no available voice interaction services found for user 0
04-18 13:49:23.715  1029  1057 W ActivityManager: Slow operation: 72ms so far, now at startProcess: returned from zygote!
04-18 13:49:23.716  1029  1057 W ActivityManager: Slow operation: 74ms so far, now at startProcess: done updating battery stats
04-18 13:49:23.720  1029  1057 W ActivityManager: Slow operation: 77ms so far, now at startProcess: building log message
04-18 13:49:23.720  1029  1057 I ActivityManager: Start proc 7844:com.oculus.os.clearactivity/u0a66 for activity {com.oculus.os.clearactivity/com.oculus.os.clearactivity.ClearActivity}
04-18 13:49:23.720  1029  1057 W ActivityManager: Slow operation: 77ms so far, now at startProcess: starting to update pids map
04-18 13:49:23.720  1029  1057 W ActivityManager: Slow operation: 77ms so far, now at startProcess: done updating pids map
04-18 13:49:23.923  1029  1238 E WindowManager: App trying to use insecure INPUT_FEATURE_NO_INPUT_CHANNEL flag. Ignoring
04-18 13:49:24.116   736  7825 I FrameSetDispatcher: [HEADSET] Client thread stopping
04-18 13:49:24.116   736   736 I FrameSetDispatcher: [HEADSET] Client thread joined
04-18 13:49:24.116   736   736 I CameraClientManager: [HEADSET] Removed client - started clients: 2
04-18 13:49:24.122   828  6790 D TrackingService: [HANDTRACKING] Controller 6674f2ac28c0b27f in hand: Y, valid: Y
04-18 13:49:24.370  1417  7850 W ContextImpl: Calling a method in the system process without a qualified user: android.app.ContextImpl.sendBroadcast:1057 android.content.ContextWrapper.sendBroadcast:448 X.o8.A00:143 X.oO.A00:17 X.oO.handleMessage:90 
04-18 13:49:24.377   736  6779 W SensorService: Unknown packet type (20) received
04-18 13:49:24.573  1029  3081 I ActivityTaskManager: START u0 {act=com.oculus.os.clearactivity.FINISH cmp=com.oculus.os.clearactivity/.ClearActivity (has extras)} from uid 10031
04-18 13:49:24.574  1029  3081 D ActivityTaskManager: Preferred display for non-VR activity ActivityRecord{14c8434 u0 com.oculus.os.clearactivity/.ClearActivity t-1}: 0
04-18 13:49:24.575  1029  3081 W ActivityTaskManager: startActivity called from non-Activity context; forcing Intent.FLAG_ACTIVITY_NEW_TASK for: Intent { act=com.oculus.os.clearactivity.FINISH flg=0x800000 cmp=com.oculus.os.clearactivity/.ClearActivity (has extras) }
04-18 13:49:24.575  1029  3081 D ActivityTaskManager: Preferred display for non-VR activity ActivityRecord{14c8434 u0 com.oculus.os.clearactivity/.ClearActivity t-1}: 0
04-18 13:49:25.452   828  1199 I TrackingService: Unregistering client by ITrackingService.unregisterClient
04-18 13:49:25.452   828  1199 I TrackingService: Failed to unregister client because client not found in registered list
04-18 13:49:25.452   828  1199 I chatty  : uid=1000(system) Binder:828_1 identical 2 lines
04-18 13:49:25.452   828  1199 I TrackingService: Failed to unregister client because client not found in registered list
04-18 13:49:25.452   828  1199 D TrackingService: unregister: com.YourCompany.IDLT
04-18 13:49:25.504  1029  3081 D WindowManager: relayoutVisibleWindow: Window{600e5a u0 com.YourCompany.IDLT/com.epicgames.ue4.GameActivity EXITING} mAnimatingExit=true, mRemoveOnExit=false, mDestroying=false
04-18 13:49:25.529  1029  4672 I ActivityTaskManager: Activity reported stop, but no longer stopping: ActivityRecord{c0475f9 u0 com.YourCompany.IDLT/com.epicgames.ue4.GameActivity t97}
04-18 13:49:25.616   828  1199 D TrackingService: getSharedMemory: com.YourCompany.IDLT, HeadTracker
04-18 13:49:25.700   828  1199 D TrackingService: getSharedMemory: com.YourCompany.IDLT, Controller
04-18 13:49:26.721   828  6790 D TrackingService: [HANDTRACKING] Controller 6674f2ac28c0b27f in hand: N, valid: Y
04-18 13:49:26.727  1029  1055 W VoiceInteractionManagerService: no available voice interaction services found for user 0
04-18 13:49:29.379   736  6779 W SensorService: Unknown packet type (20) received
04-18 13:49:59.700  1417  7996 W ContextImpl: Calling a method in the system process without a qualified user: android.app.ContextImpl.sendBroadcast:1057 android.content.ContextWrapper.sendBroadcast:448 X.o8.A00:143 X.oO.A00:17 X.oO.handleMessage:90 
04-18 13:50:04.390   736  6779 I chatty  : uid=1000(system) SBEventHandler identical 7 lines
04-18 13:50:09.390   736  6779 W SensorService: Unknown packet type (20) received
04-18 13:50:13.324   828  6790 D TrackingService: [HANDTRACKING] Controller 6674f2ac28c0b27f in hand: Y, valid: Y
04-18 13:50:14.392   736  6779 W SensorService: Unknown packet type (20) received
04-18 13:50:15.645   828  6790 D TrackingService: [HANDTRACKING] Controller 6674f2ac28c0b27f in hand: N, valid: Y
04-18 13:50:19.392   736  6779 W SensorService: Unknown packet type (20) received
04-18 13:50:22.606   736  6778 I SyncBossFW: 3781171 [info   ] {PERF}: cpu load cur=0.31 min=0.04 max=0.38 avg=0.19
04-18 13:50:24.393   736  6779 W SensorService: Unknown packet type (20) received
04-18 13:50:29.394   736  6779 W SensorService: Unknown packet type (20) received
04-18 13:50:34.359   736  6779 W SensorService: Arrival timestamp too late
04-18 13:50:34.359   736  6779 E SensorService: HMD IMU samples delayed: 6.436ms between sample arrivals (expected 1.000ms)
04-18 13:50:34.393   736  6779 W SensorService: Arrival timestamp too early
04-18 13:50:34.395   736  6779 W SensorService: Unknown packet type (20) received
04-18 13:51:14.403   736  6779 I chatty  : uid=1000(system) SBEventHandler identical 8 lines
04-18 13:51:19.404   736  6779 W SensorService: Unknown packet type (20) received
04-18 13:51:22.612   736  6778 I SyncBossFW: 3841176 [info   ] {PERF}: cpu load cur=0.31 min=0.04 max=0.38 avg=0.19
04-18 13:51:22.798  1417  8153 W ContextImpl: Calling a method in the system process without a qualified user: android.app.ContextImpl.sendBroadcast:1057 android.content.ContextWrapper.sendBroadcast:448 X.o8.A00:143 X.oO.A00:17 X.oO.handleMessage:90 
04-18 13:51:23.885   828  6790 D TrackingService: [HANDTRACKING] Controller 6674f2ac28c0b27f in hand: Y, valid: Y
04-18 13:51:24.406   736  6779 W SensorService: Unknown packet type (20) received
04-18 13:51:26.128   828  6790 D TrackingService: [HANDTRACKING] Controller 6674f2ac28c0b27f in hand: N, valid: Y
04-18 13:51:29.406   736  6779 W SensorService: Unknown packet type (20) received
04-18 13:51:34.408   736  6779 I chatty  : uid=1000(system) SBEventHandler identical 1 line
04-18 13:51:39.410   736  6779 W SensorService: Unknown packet type (20) received
04-18 13:51:41.534   736  6779 I SyncBossHAL: [info   ] syncboss_hal_input_controller.c(63): 6674f2acxxxxxxxx: 11 missed/270011 expected (PER 0.00%)
04-18 13:51:44.410   736  6779 W SensorService: Unknown packet type (20) received
04-18 13:51:48.207   828  6790 D TrackingService: [HANDTRACKING] Controller 6674f2ac28c0b27f in hand: Y, valid: Y
04-18 13:51:49.412   736  6779 W SensorService: Unknown packet type (20) received
04-18 13:51:54.414   736  6779 W SensorService: Unknown packet type (20) received
04-18 13:51:55.207   828  6790 D TrackingService: [HANDTRACKING] Controller 6674f2ac28c0b27f in hand: N, valid: Y
04-18 13:51:59.416   736  6779 W SensorService: Unknown packet type (20) received
04-18 13:52:04.416   736  6779 W SensorService: Unknown packet type (20) received
04-18 13:52:07.606   828  6790 D TrackingService: [HANDTRACKING] Controller 6674f2ac28c0b27f in hand: Y, valid: Y
04-18 13:52:09.416   736  6779 W SensorService: Unknown packet type (20) received
04-18 13:52:13.847   828  6790 D TrackingService: [HANDTRACKING] Controller 6674f2ac28c0b27f in hand: N, valid: Y
04-18 13:52:14.417   736  6779 W SensorService: Unknown packet type (20) received
04-18 13:52:19.418   736  6779 W SensorService: Unknown packet type (20) received
04-18 13:52:19.761   736  6779 E SensorService: HMD IMU samples delayed: 7.273ms between sample arrivals (expected 1.000ms)
04-18 13:52:19.761   736  6779 W SensorService: Arrival timestamp too late
04-18 13:52:19.795   736  6779 W SensorService: Arrival timestamp too early
04-18 13:52:22.618   736  6778 I SyncBossFW: 3901182 [info   ] {PERF}: cpu load cur=0.31 min=0.04 max=0.38 avg=0.19
04-18 13:52:24.419   736  6779 W SensorService: Unknown packet type (20) received
04-18 13:52:33.083  1417  8299 W ContextImpl: Calling a method in the system process without a qualified user: android.app.ContextImpl.sendBroadcast:1057 android.content.ContextWrapper.sendBroadcast:448 X.o8.A00:143 X.oO.A00:17 X.oO.handleMessage:90 
04-18 13:53:09.428   736  6779 I chatty  : uid=1000(system) SBEventHandler identical 9 lines
04-18 13:53:14.430   736  6779 W SensorService: Unknown packet type (20) received
04-18 13:53:18.246   828  6790 D TrackingService: [HANDTRACKING] Controller 6674f2ac28c0b27f in hand: Y, valid: Y
04-18 13:53:19.430   736  6779 W SensorService: Unknown packet type (20) received
04-18 13:53:22.625   736  6778 I SyncBossFW: 3961187 [info   ] {PERF}: cpu load cur=0.31 min=0.04 max=0.38 avg=0.19
04-18 13:53:24.430   736  6779 W SensorService: Unknown packet type (20) received
04-18 13:53:25.968   828  6790 D TrackingService: [HANDTRACKING] Controller 6674f2ac28c0b27f in hand: N, valid: Y
04-18 13:53:29.432   736  6779 W SensorService: Unknown packet type (20) received
04-18 13:53:29.808   828  6790 D TrackingService: [HANDTRACKING] Controller 6674f2ac28c0b27f in hand: Y, valid: Y
04-18 13:53:34.432   736  6779 W SensorService: Unknown packet type (20) received
04-18 13:53:37.927   828  6790 D TrackingService: [HANDTRACKING] Controller 6674f2ac28c0b27f in hand: N, valid: Y
04-18 13:53:39.433   736  6779 W SensorService: Unknown packet type (20) received
04-18 13:53:40.567   828  6790 D TrackingService: [HANDTRACKING] Controller 6674f2ac28c0b27f in hand: Y, valid: Y
04-18 13:53:42.297   736   885 I SyncBossHAL: [info   ] syncboss_hal_powerstate.c(63): Reporting powerstate event: prox_off
04-18 13:53:42.300   828  1199 D SensorClientUtils: Received transition request to STANDBY current is RUNNING
04-18 13:53:42.300   828  1199 D SensorClientUtils: Executing transition from RUNNING to STANDBY
04-18 13:53:42.335  1029  1414 I DropBoxManagerService: add tag=system_server_wtf isTagEnabled=true flags=0x2
04-18 13:53:42.354  1029  1414 I DropBoxManagerService: add tag=system_server_wtf isTagEnabled=true flags=0x2
04-18 13:53:43.460  1029  1055 W VoiceInteractionManagerService: no available voice interaction services found for user 0
04-18 13:53:44.433   736   885 I SyncBossHAL: [info   ] syncboss_hal_powerstate.c(63): Reporting powerstate event: prox_on
04-18 13:53:44.434   828  1199 D SensorClientUtils: Received transition request to RUNNING current is STANDBY
04-18 13:53:44.435   736  6779 W SensorService: Unknown packet type (20) received
04-18 13:53:44.435   828  1199 D SensorClientUtils: Executing transition from STANDBY to RUNNING
--------- beginning of main
04-18 13:53:45.976  2534  2675 I GuardianSystem: Stop pushing black after mount. Show Guardian.
04-18 13:53:45.976  2534  2675 I GuardianSystem: Stop showing dots after not pushing black.
04-18 13:53:45.978  2534  2675 I GuardianSystem: UpdateGuardianSystemState: Flags changed: 524288, 532480, SYSTEM_GUARDIAN_VALID to SYSTEM_GUARDIAN_VISIBLE,SYSTEM_GUARDIAN_VALID
04-18 13:53:45.978  2534  2675 I GuardianSystem: UpdateGuardianSystemState: Flags2 changed: 51, 3, SYSTEM_2_DIRECTIONAL_PASSTHROUGH_ENABLED,SYSTEM_2_STATIONARY_GUARDIAN_V2_ENABLED,SYSTEM_2_LOADING_DOTS,SYSTEM_2_SHOULD_PUSH_BLACK to SYSTEM_2_DIRECTIONAL_PASSTHROUGH_ENABLED,SYSTEM_2_STATIONARY_GUARDIAN_V2_ENABLED
04-18 13:53:45.989  1935  2401 I chatty  : uid=10028(com.oculus.systemdriver) ClientRequest expire 10 lines
04-18 13:53:45.990  2534  2675 W GuardianOpenXrMgr: @@@ wait frame retry=10 dtWait=0.000001 dtFrame=1.509042 submittedFrameIndex=113596
04-18 13:53:45.994  1508  2772 I [CT]    : MIXEDREALITY: MrServiceView: renderIteration: (every 10 seconds), screen is: ON, PT is: OFF, ID is: OFF
04-18 13:53:45.994  1508  2772 I [CT]    : MIXEDREALITY: MrServiceModel: commitLayerState: (every 10 seconds), ImagesAndCompute: false, ImagesOnly: false, NoRequirement: true.
04-18 13:53:46.321   857   857 D wifisighelper: New 2.4GHz txpower: 40	
04-18 13:53:46.443  2534  2675 W OsSdk   : failed to extrapolate controller tracking state.
04-18 13:53:46.581   720  3465 D audio_hw_primary: adev_get_parameters:snd_device_in
04-18 13:53:46.581   720  3465 D audio_hw_extn: audio_extn_snd_device_in_get_parameters: Current input sound device: 
04-18 13:53:46.581   720  3465 D audio_hw_extn: audio_extn_get_parameters: returns snd_device_in=
04-18 13:53:46.581   720  3465 D audio_hw_primary: adev_get_parameters: exit: returns - snd_device_in=
04-18 13:53:46.584   720  3465 D audio_hw_primary: adev_get_parameters:snd_device_out
04-18 13:53:46.584   720  3465 D audio_hw_extn: audio_extn_snd_device_out_get_parameters: Current output sound device: voice-speaker-2
04-18 13:53:46.584   720  3465 D audio_hw_extn: audio_extn_get_parameters: returns snd_device_out=voice-speaker-2
04-18 13:53:46.584   720  3465 D audio_hw_primary: adev_get_parameters: exit: returns - snd_device_out=voice-speaker-2
04-18 13:53:46.904  3301  3408 D xrstreaming: receive ping: org 0 recv 0 xmt 245521624147400 (received at 3991429612122), offset divergence -5860
04-18 13:53:47.533   828  7785 I [CT]    : VIPER: Mode=Vega,Status=6DoF,TRACKING,KF=-1,Inl=261,Pts=0,Mem=57.1,Jit=0.3mm,Issues(Cam/min=0.0,IMU/min=0.7),Exp=(3.3ms,g=2.0,I=89,Ir=13594.1)(1.3ms,g=1.0,I=74,Ir=55870.1)(3.3ms,g=2.0,I=60,Ir=9179.7)(5.2ms,g=1.0,I=75,Ir=14474.2)
04-18 13:53:47.884  3301  3418 I xrstreamingclient: AudioPlayer: NetworkMetrics: [0.330,20.243]9.867
04-18 13:53:47.906  3301  3408 D xrstreaming: receive ping: org 0 recv 0 xmt 245522625162300 (received at 3992431844153), offset divergence -5860
04-18 13:53:48.153   828  6762 I [CT]    : boltlib: DSP utilization: 21.13 % (1056 / 5000 ms)
04-18 13:53:48.388   828  1199 D TrackingService: haptic socket already exists
04-18 13:53:48.389   828  1199 D TrackingService: getSocket: com.YourCompany.IDLT#7351
04-18 13:53:48.448  2534  2675 W OsSdk   : failed to extrapolate controller tracking state.
04-18 13:53:48.594   720  3465 D audio_hw_primary: adev_get_parameters:snd_device_in
04-18 13:53:48.594   720  3465 D audio_hw_extn: audio_extn_snd_device_in_get_parameters: Current input sound device: 
04-18 13:53:48.594   720  3465 D audio_hw_extn: audio_extn_get_parameters: returns snd_device_in=
04-18 13:53:48.594   720  3465 D audio_hw_primary: adev_get_parameters: exit: returns - snd_device_in=
04-18 13:53:48.595   720  3465 D audio_hw_primary: adev_get_parameters:snd_device_out
04-18 13:53:48.595   720  3465 D audio_hw_extn: audio_extn_snd_device_out_get_parameters: Current output sound device: voice-speaker-2
04-18 13:53:48.595   720  3465 D audio_hw_extn: audio_extn_get_parameters: returns snd_device_out=voice-speaker-2
04-18 13:53:48.595   720  3465 D audio_hw_primary: adev_get_parameters: exit: returns - snd_device_out=voice-speaker-2
04-18 13:53:48.906  3301  3408 D xrstreaming: receive ping: org 0 recv 0 xmt 245523626577300 (received at 3993431975610), offset divergence -5860
04-18 13:53:49.127   828  7785 I [CT]    : VIPER:MAP_MANAGER: State: TrackingPersistent, UUID=45b9b569-7edd-c4f9-026b-eee8a448615e, Num. Persistent maps = 3,  Persistent maps:d29636d4-dc34-e0ce-153c-c97c1f3cba6a,45b9b569-7edd-c4f9-026b-eee8a448615e,9d3b66b5-88f7-7370-9f9f-9f33a95d19d9,
04-18 13:53:49.426   828  6790 I [CT]    : CONSTELLATION:IMU_STATUS: 6674f2ac28c0b27f (R): [FusionTracked=0.693, OutputTracked=0.693, OutputValid=0.693] [AccelSat=0.000, GyroSat=0.000] 
04-18 13:53:49.437   736  6779 W SensorService: Unknown packet type (20) received
04-18 13:53:49.439  1437  1437 D ControllerNotifications: Enabling notifications
04-18 13:53:49.440  1437  1437 I ControllerNotifications: Updating input notifications based on state ConnectedBatteryNormal
04-18 13:53:49.915  3301  3408 D xrstreaming: receive ping: org 0 recv 0 xmt 245524635555600 (received at 3994440991600), offset divergence -5860
04-18 13:53:50.439  2534  2675 I GuardianInput: RightTrigger down
04-18 13:53:50.453  2534  2675 W OsSdk   : failed to extrapolate controller tracking state.
04-18 13:53:50.600   720  3465 D audio_hw_primary: adev_get_parameters:snd_device_in
04-18 13:53:50.600   720  3465 D audio_hw_extn: audio_extn_snd_device_in_get_parameters: Current input sound device: 
04-18 13:53:50.600   720  3465 D audio_hw_extn: audio_extn_get_parameters: returns snd_device_in=
04-18 13:53:50.600   720  3465 D audio_hw_primary: adev_get_parameters: exit: returns - snd_device_in=
04-18 13:53:50.601   720  3465 D audio_hw_primary: adev_get_parameters:snd_device_out
04-18 13:53:50.601   720  3465 D audio_hw_extn: audio_extn_snd_device_out_get_parameters: Current output sound device: voice-speaker-2
04-18 13:53:50.601   720  3465 D audio_hw_extn: audio_extn_get_parameters: returns snd_device_out=voice-speaker-2
04-18 13:53:50.601   720  3465 D audio_hw_primary: adev_get_parameters: exit: returns - snd_device_out=voice-speaker-2
04-18 13:53:50.606  2534  2675 I GuardianInput: RightTrigger up
04-18 13:53:50.678  7351  7922 I chatty  : uid=10087(com.YourCompany.IDLT) expire 9 lines
04-18 13:53:50.915  3301  3408 D xrstreaming: receive ping: org 0 recv 0 xmt 245525635641400 (received at 3995441082485), offset divergence -5860
04-18 13:53:51.033  1694  2078 W DeviceConfigUtil: Try to get config param "oculus_shared_social:oculus_messenger_reauth_removal" before Device Config has subscribed to the service.
04-18 13:53:51.131   828  7785 I [CT]    : VIPER: Mode=Vega,Status=6DoF,TRACKING,KF=-1,Inl=244,Pts=0,Mem=57.3,Jit=0.2mm,Issues(Cam/min=0.0,IMU/min=0.7),Exp=(4.3ms,g=2.0,I=70,Ir=8248.8)(1.3ms,g=1.0,I=74,Ir=54934.7)(4.3ms,g=2.0,I=76,Ir=8899.2)(5.1ms,g=1.0,I=74,Ir=14710.9)
04-18 13:53:45.503  1029  1055 W VoiceInteractionManagerService: no available voice interaction services found for user 0
04-18 13:53:51.684  1417  8459 W ContextImpl: Calling a method in the system process without a qualified user: android.app.ContextImpl.sendBroadcast:1057 android.content.ContextWrapper.sendBroadcast:448 X.o8.A00:143 X.oO.A00:17 X.oO.handleMessage:90 
04-18 13:53:51.916  3301  3408 D xrstreaming: receive ping: org 0 recv 0 xmt 245526635696600 (received at 3996441234516), offset divergence -5860
04-18 13:53:52.029   736  6779 E SensorService: HMD IMU samples delayed: 5.320ms between sample arrivals (expected 1.000ms)
04-18 13:53:52.058  2534  2675 W GuardianOpenXrMgr: @@@ wait frame retry=10 dtWait=0.000000 dtFrame=0.030535 submittedFrameIndex=114030
04-18 13:53:52.457  2534  2675 W OsSdk   : failed to extrapolate controller tracking state.
04-18 13:53:52.615   720  3465 D audio_hw_primary: adev_get_parameters:snd_device_in
04-18 13:53:52.615   720  3465 D audio_hw_extn: audio_extn_snd_device_in_get_parameters: Current input sound device: 
04-18 13:53:52.615   720  3465 D audio_hw_extn: audio_extn_get_parameters: returns snd_device_in=
04-18 13:53:52.615   720  3465 D audio_hw_primary: adev_get_parameters: exit: returns - snd_device_in=
04-18 13:53:52.616   720  3465 D audio_hw_primary: adev_get_parameters:snd_device_out
04-18 13:53:52.616   720  3465 D audio_hw_extn: audio_extn_snd_device_out_get_parameters: Current output sound device: voice-speaker-2
04-18 13:53:52.616   720  3465 D audio_hw_extn: audio_extn_get_parameters: returns snd_device_out=voice-speaker-2
04-18 13:53:52.616   720  3465 D audio_hw_primary: adev_get_parameters: exit: returns - snd_device_out=voice-speaker-2
04-18 13:53:52.641  7351  7396 I chatty  : uid=10087(com.YourCompany.IDLT) expire 37 lines
04-18 13:53:52.727   828  7785 I [CT]    : VIPER:MAP_MANAGER: State: TrackingPersistent, UUID=45b9b569-7edd-c4f9-026b-eee8a448615e, Num. Persistent maps = 3,  Persistent maps:d29636d4-dc34-e0ce-153c-c97c1f3cba6a,45b9b569-7edd-c4f9-026b-eee8a448615e,9d3b66b5-88f7-7370-9f9f-9f33a95d19d9,
04-18 13:53:52.886  3301  3418 I xrstreamingclient: AudioPlayer: NetworkMetrics: [0.307,20.319]9.875
04-18 13:53:52.926  3301  3408 D xrstreaming: receive ping: org 0 recv 0 xmt 245527645702600 (received at 3997451355869), offset divergence -5860
04-18 13:53:52.948   828  7785 I [CT]    : BrightnessPredictor: [Throttled count=374] Current irradiance: 24507.5 (samples: 4).
04-18 13:53:53.020  1508  2905 I Telemetry: App memory usage: PSS=24MB DalvikPSS=7 MB
04-18 13:53:53.154   828  6762 I [CT]    : boltlib: DSP utilization: 21.15 % (1057 / 5000 ms)
04-18 13:53:53.935  3301  3408 D xrstreaming: receive ping: org 0 recv 0 xmt 245528654747300 (received at 3998460264931), offset divergence -5860
04-18 13:53:54.089   828  6790 I [CT]    : INPUT_TRACKING:ControllerMotionModel: not initialized: waiting for reliable pose
04-18 13:53:54.133   828  7795 I [CT]    : CONSTELLATION:VISION_STATUS: 6674f2ac28c0b27f (R): BlobDetection:[#BlobsDetected=(14.08, 7.17)]Matching:[MatchSuccess=1.000, MatchCost=(0.00125, 0.00000), #MatchedBlobs=(10.62, 4.81), #MatchedLeds=(6.22, 0.31), RematchM=0.000, SkipRefine=0.000] MatchMethod:[Prox=1.000, ConstBrute=0.000, UnconstBrute=0.000] MatchResets[AnomBlobSize=0.000, SharedMatch=0.000, DenseReacq=0.000] | Fusion:[FusionError=0.000, ImuFromCamMs=(9.814, 1.694), RematchF=0.044] FusionUpdates:[Successful=1.000, Reliable=1.000, TightFusion=1.000, FullPose=0.000, StaticPrior=0.000, StaticForHandTrans=0.008, PoseUpdateMD=(0.0000, 0.0000)] FusionResets[6DoFReset=0.000, ResetSuccess=0.000] FusionStatus[HasPosition=1.000, HasVelocity=1.000] 
04-18 13:53:54.437   736  6779 W SensorService: Unknown packet type (20) received
04-18 13:53:54.462  2534  2675 W OsSdk   : failed to extrapolate controller tracking state.
04-18 13:53:54.624   720  3465 D audio_hw_primary: adev_get_parameters:snd_device_in
04-18 13:53:54.624   720  3465 D audio_hw_extn: audio_extn_snd_device_in_get_parameters: Current input sound device: 
04-18 13:53:54.624   720  3465 D audio_hw_extn: audio_extn_get_parameters: returns snd_device_in=
04-18 13:53:54.624   720  3465 D audio_hw_primary: adev_get_parameters: exit: returns - snd_device_in=
04-18 13:53:54.625   720  3465 D audio_hw_primary: adev_get_parameters:snd_device_out
04-18 13:53:54.625   720  3465 D audio_hw_extn: audio_extn_snd_device_out_get_parameters: Current output sound device: voice-speaker-2
04-18 13:53:54.625   720  3465 D audio_hw_extn: audio_extn_get_parameters: returns snd_device_out=voice-speaker-2
04-18 13:53:54.625   720  3465 D audio_hw_primary: adev_get_parameters: exit: returns - snd_device_out=voice-speaker-2
04-18 13:53:54.713  7351  7912 I chatty  : uid=10087(com.YourCompany.IDLT) expire 12 lines
