04-18 13:54:28.372  7351  7351 D SystemActivitiesReceiver: uri: ''
04-18 13:54:28.373  7351  7351 I SystemActivitiesEvents: nativeSystemActivityIntent in 'com.YourCompany.IDLT': 'com.oculus.vrshell' '{"Command":"returnToLauncher","PlatformUIVersion":4,"ToPackage":"com.YourCompany.IDLT"}' ''
04-18 13:54:28.373  7351  7351 I SystemActivitiesEvents: ovrSystemActivitiesEvents::AddEvent: queued event '{"Command":"returnToLauncher","PlatformUIVersion":4,"ToPackage":"com.YourCompany.IDLT"}'
04-18 13:54:28.373  7351  7351 W ourCompany.IDL: Attempt to remove non-JNI local reference, dumping thread
04-18 13:54:28.373  7351  7351 W ourCompany.IDL: Attempt to remove non-JNI local reference, dumping thread
04-18 13:54:28.373  7351  7351 D ContextHelper: shouldSkipFinish: activity=com.epicgames.ue4.GameActivity@4259267
04-18 13:54:28.379  7351  7351 W ourCompany.IDL: Accessing hidden method Landroid/app/Activity;->isResumed()Z (greylist, reflection, allowed)
04-18 13:54:28.380  7351  7351 D ContextHelper: activity=com.epicgames.ue4.GameActivity@4259267, resumed=false
04-18 13:54:28.381  7351  7351 D ContextHelper: Calling finish() on com.epicgames.ue4.GameActivity@4259267
04-18 13:54:28.383  1029  3040 D ActivityTaskManager: Using main display for VR activity ActivityRecord{f1b618c u0 com.oculus.shellenv/.ShellEnvActivity t-1}
04-18 13:54:28.383  1029  3040 D ActivityTaskManager: Using main display for VR activity ActivityRecord{f1b618c u0 com.oculus.shellenv/.ShellEnvActivity t-1}
04-18 13:54:28.440  1029  3040 W InputReader: Device has associated, but no associated display id.
04-18 13:54:28.450  1935  1935 D VrRuntimeService: onForegroundActivitiesChanged: pid=1716, uid=10022, hasForegroundActivities=true
04-18 13:54:28.451   602  7882 D AF::RecordHandle: OpRecordAudio: track:78 uid:10054 pkg:com.oculus.xrstreamingclient usage:0 muted
04-18 13:54:28.451   602   945 D AF::TrackHandle: OpPlayAudio: track:85 uid:10031 pkg:com.oculus.vrshell usage:1 not muted
04-18 13:54:28.451   602  6774 D AF::RecordHandle: OpRecordAudio: track:83 uid:10053 pkg:com.oculus.horizon usage:0 not muted
04-18 13:54:28.452   602  3912 D AF::TrackHandle: OpPlayAudio: track:56 uid:10022 pkg:com.oculus.shellenv usage:1 not muted
04-18 13:54:28.452  1935  7800 I TimeWarp: SetSchedFifo( tid=7396, pol=2, pri=0 ) succeeded
04-18 13:54:28.452  1935  7800 I TimeWarp: SetSchedFifo( tid=7471, pol=2, pri=0 ) succeeded
04-18 13:54:28.452   602  1242 D AF::TrackHandle: OpPlayAudio: track:60 uid:10054 pkg:com.oculus.xrstreamingclient usage:1 muted
04-18 13:54:28.452  1935  7800 I TimeWarp: SetSchedFifo( tid=7924, pol=2, pri=0 ) succeeded
04-18 13:54:28.453   602  6774 D AF::RecordHandle: OpRecordAudio: track:83 uid:10053 pkg:com.oculus.horizon usage:0 not muted
04-18 13:54:28.454   602  7882 D AF::RecordHandle: OpRecordAudio: track:78 uid:10054 pkg:com.oculus.xrstreamingclient usage:0 muted
04-18 13:54:28.454   602  6401 D AF::TrackHandle: OpPlayAudio: track:57 uid:1000 pkg:com.android.networkstack.inprocess usage:13 not muted
04-18 13:54:28.465   602   602 D AF::TrackHandle: OpPlayAudio: track:79 uid:10087 pkg:com.YourCompany.IDLT usage:1 muted
04-18 13:54:28.484  1716  1716 D ActivityLifecycleListener: onActivityResumed
04-18 13:54:28.484  1775  2414 I chatty  : uid=10031(com.oculus.vrshell) ShellMainVR expire 57 lines
04-18 13:54:28.485  1716  2846 D ActivityLifecycleListener: activity=com.oculus.shellenv.ShellEnvActivity@ebf1f65, resumed=true
04-18 13:54:28.485  1716  2846 D ActivityLifecycleListener: Activity ready after 0ms
04-18 13:54:28.485  1716  2846 I OpenXR  : nativeOnActivityReady
04-18 13:54:28.510  1716  1794 I Clay    : BaseApp: Hibernate transition Unhibernate
04-18 13:54:28.510  1716  1794 I Clay    : SoundSystem: setPaused(false), m_paused=true
04-18 13:54:28.511  1232  1232 V AvrcpMediaPlayerList: onPlaybackConfigChanged(): Configs list size=8
04-18 13:54:28.517   602   602 W AudioFlinger: moveEffectChain_l() effect chain for session 0 not on source thread 0x71114d6a00
04-18 13:54:28.519  1716  1794 I Clay    : EnvironmentSystem: computed visibility changed from Unload to Visible (reason: <none>)
04-18 13:54:28.520  1716  1794 I OpenXR  : PostSessionStateChange: XR_SESSION_STATE_IDLE -> XR_SESSION_STATE_READY
04-18 13:54:28.520  1716  1794 I Clay    : xrPollEvent: REFERENCE_SPACE_CHANGE_PENDING
04-18 13:54:28.520  1716  1794 I Clay    : xrPollEvent: SESSION_STATE_CHANGED: READY
04-18 13:54:28.520  1716  1794 I Clay    : Entering VR mode: cpu=-1, gpu=-1, perf threads: main=1794, gpu=unset
04-18 13:54:28.520  1716  1794 I OpenXR  : ------------ xrBeginSession [start] -----------
04-18 13:54:28.520  1716  1794 I VrRuntimeClient: Tracing is disabled
04-18 13:54:28.520  1716  1794 I VrRuntimeClient: SysProp debug mode is disabled on Client side
04-18 13:54:28.520   720  2756 D audio_hw_primary: start_output_stream: enter: stream(0xe871c000)usecase(0: deep-buffer-playback) devices(0x2) is_haptic_usecase(0)
04-18 13:54:28.521   720  2756 D audio_hw_primary: select_devices for use case (deep-buffer-playback)
04-18 13:54:28.521   720  2756 D audio_hw_primary: select_devices: changing use case deep-buffer-playback output device from(24: voice-speaker-2, acdb 15) to (2: speaker, acdb 15)
04-18 13:54:28.521   720  2756 I msm8974_platform: platform_check_and_set_codec_backend_cfg:becf: afe: bitwidth 16, samplerate 48000 channels 2, backend_idx 0 usecase = 0 device (speaker)
04-18 13:54:28.521   720  2756 D msm8974_platform: platform_split_snd_device: snd_device(2) num devices(1) new_snd_devices(0)
04-18 13:54:28.521   720  2756 I msm8974_platform: platform_check_and_set_codec_backend_cfg: new_snd_devices[0] is 2
04-18 13:54:28.521   720  2756 I msm8974_platform: platform_check_codec_backend_cfg:becf: afe: bitwidth 16, samplerate 48000 channels 2, backend_idx 0 usecase = 0 device (speaker)
04-18 13:54:28.521   720  2756 D msm8974_platform: platform_check_codec_backend_cfg:napb: (0) - (low-latency-playback)id (1) sr 48000 bw (16) ch (2) device voice-speaker-2
04-18 13:54:28.521   720  2756 E audio_hw_extn: audio_extn_enable_hifi_filter: Could not get ctl for mixer cmd - HiFi Filter, using default control
04-18 13:54:28.521   720  2756 D msm8974_platform: platform_check_codec_backend_cfg:becf: updated afe: bitwidth 16, samplerate 48000 channels 2,backend_idx 0 usecase = 0 device (speaker)
04-18 13:54:28.521   720  2756 D msm8974_platform: platform_check_codec_backend_cfg:becf: afe: playback on codec device not supporting native playback set default Sample Rate(48k)
04-18 13:54:28.521   720  2756 I msm8974_platform: platform_check_codec_backend_cfg:becf: afe: Codec selected backend: 0 updated bit width: 16 and sample rate: 48000
04-18 13:54:28.521   720  2756 D audio_hw_primary: check_usecases_codec_backend:becf: force routing 0
04-18 13:54:28.521   720  2756 D audio_hw_primary: check_usecases_codec_backend:becf: (72) check_usecases curr device: speaker, usecase device:voice-speaker-2 backends match 1
04-18 13:54:28.521   720  2756 D audio_hw_primary: check_usecases_codec_backend:becf: check_usecases (low-latency-playback) is active on (voice-speaker-2) - disabling ..
04-18 13:54:28.522   720  2756 D audio_hw_primary: disable_audio_route: reset and update mixer path: low-latency-playback
04-18 13:54:28.523  1716  1794 D VrApi   : targetSDKVersion 29
04-18 13:54:28.525  1716  1794 I VrRuntimeClient: DEVICE MODEL NUMBER = Quest
04-18 13:54:28.525  1716  1794 I VrRuntimeClient: DEVICE BUILD NAME = user-24721900528300000
04-18 13:54:28.525  1716  1794 I VrRuntimeClient: DEVICE BUILD TYPE = user
04-18 13:54:28.525  1716  1794 I VrRuntimeClient: DEVICE OS VERSION = 10
04-18 13:54:28.525  1716  1794 I VrRuntimeClient: API LOADER VERSION = 1.0.20
04-18 13:54:28.525  1716  1794 I VrRuntimeClient: RUNTIME API VERSION = 1.0.20
04-18 13:54:28.525  1716  1794 I VrRuntimeClient: RUNTIME VERSION = 38.0.0.83.727 Mar  8 2022 12:20:07 RELEASE
04-18 13:54:28.525  1716  1794 I VrRuntimeClient: APP NAME = ShellEnv
04-18 13:54:28.525  1716  1794 I VrRuntimeClient: APP VERSION = 38.0.0.69.715 versionCode 356657912 internalVersionName 38.0.0.69.715.62a2ad76ece3 2022_03_13_20_36
04-18 13:54:28.525  1716  1794 I VrRuntimeClient: APP VR TYPE = vr_only
04-18 13:54:28.525  1716  1794 I VrRuntimeClient: APP MODE TYPE = VR
04-18 13:54:28.525  1716  1794 I VrRuntimeClient: APP PACKAGE NAME = com.oculus.shellenv
04-18 13:54:28.525  1716  1794 I VrRuntimeClient: APP ACTIVITY CLASS = com.oculus.shellenv.ShellEnvActivity
04-18 13:54:28.525  1716  1794 I Sensor  : OSSDKTRACKING Initializing head tracking
04-18 13:54:28.525  1716  1794 I Sensor  : OSSDKTRACKING Head tracker != nullpointer 0x71dcae34a8, 1
04-18 13:54:28.525  1716  1794 I Sensor  : OSSDKTRACKING Initializing controller tracking
04-18 13:54:28.525  1716  1794 I Sensor  : OSSDKTRACKING Controller tracker != nullpointer 0x71bc170800, 1
04-18 13:54:28.525  1716  1794 D BatteryReceiver: Registering battery receiver
04-18 13:54:28.531  1716  1794 D HeadsetReceiver: getCurrentHeadsetState: false
04-18 13:54:28.531  1716  1794 I DeviceStatus: nativeHeadsetEvent(0)
04-18 13:54:28.532  1716  1794 I VrRuntimeClient: SetCompositorClientFeatureFlag ClientFeatureFlag 0 
04-18 13:54:28.532  1716  1794 I LogTimer: CPUTIME: VrRuntimeClient_BeginSession took 12.6829 ms
04-18 13:54:28.533  1716  1794 D InputHooksJava: SetInputRoutingTypeForOverlay: 0
04-18 13:54:28.533  1716  1794 I ClientInputInterface: DEADRECKONING SetControllerTrackingExtendedDeadreckoning 0
04-18 13:54:28.533  1716  1794 I ClientInputSettings: HANDTRACKING package name is com.oculus.shellenv
04-18 13:54:28.534  1716  1794 I ClientInputSettings: HANDTRACKING: Manifest Permission request for com.oculus.shellenv
04-18 13:54:28.534   720  2756 D msm8974_platform: platform_split_snd_device: snd_device(24) num devices(0) new_snd_devices(0)
04-18 13:54:28.534   720  2756 I msm8974_platform: platform_get_custom_mtmx_params: no matching param with id 0 ip_ch 2 op_ch 2 uc_id 1 snd_dev 24
04-18 13:54:28.534   720  2756 E msm8974_platform: platform_check_backends_match: Invalid snd_device = 
04-18 13:54:28.534   720  2756 D audio_hw_primary: check_usecases_codec_backend:becf: (72) check_usecases curr device: speaker, usecase device: backends match 0
04-18 13:54:28.534   720  2756 D audio_hw_primary: check_usecases_codec_backend:becf: check_usecases num.of Usecases to switch 1
04-18 13:54:28.534   720  2756 D msm8974_platform: platform_split_snd_device: snd_device(24) num devices(0) new_snd_devices(0)
04-18 13:54:28.534   720  2756 D hardware_info: hw_info_append_hw_type : device_name = voice-speaker-2
04-18 13:54:28.534   720  2756 D audio_hw_primary: disable_snd_device: snd_device(24: voice-speaker-2)
04-18 13:54:28.534   720  2756 D msm8974_platform: platform_split_snd_device: snd_device(24) num devices(0) new_snd_devices(0)
04-18 13:54:28.534  1716  1794 I ClientInputSettings: HANDTRACKING:  'com.oculus.shellenv' Is hands or controller.
04-18 13:54:28.534  1716  1794 I ClientInputSettings: HANDTRACKING: feature flag set to 2
04-18 13:54:28.534  1716  1794 I ClientInputInterface: HANDTRACKING sethandmanifest 2
04-18 13:54:28.534  1716  1794 I InputHooks_Internal: Enabling Native Input Hooks
04-18 13:54:28.535  1716  1794 I InputDeviceManager: ovrInputDeviceManager::Initialize
04-18 13:54:28.535  1716  1794 I InputDevice_TrackedRemote: OSSDKTRACKING Initializing Haptics
04-18 13:54:28.535  1716  1794 I InputDevice_TrackedRemote: OSSDKTRACKING Haptics != nullpointer 0x71a3e37720, 1
04-18 13:54:28.535  1716  1794 I InputDevice_TrackedRemote: OSSDKTRACKING Initializing Haptics
04-18 13:54:28.535  1716  1794 I InputDevice_TrackedRemote: OSSDKTRACKING Haptics != nullpointer 0x71a3e378d0, 1
04-18 13:54:28.535  1716  1794 I InputDevice_TrackedRemote: OSSDKTRACKING Initializing Haptics
04-18 13:54:28.535  1716  1794 I InputDevice_TrackedRemote: OSSDKTRACKING Haptics != nullpointer 0x71a4044400, 1
04-18 13:54:28.535  1716  1794 I InputDevice_TrackedRemote: OSSDKTRACKING Initializing Haptics
04-18 13:54:28.535  1716  1794 I InputDevice_TrackedRemote: OSSDKTRACKING Haptics != nullpointer 0x71a4044790, 1
04-18 13:54:28.535  1716  1794 I InputDevice_TrackedRemote: REMOTE: Hand=1 IndexAnalog=0.00 GripAnalog=0.00 Buttons=0x00000000
04-18 13:54:28.535  1716  1794 I InputDevice_TrackedRemote: REMOTE: Hand=2 IndexAnalog=0.00 GripAnalog=0.00 Buttons=0x00000000
04-18 13:54:28.535  1716  1794 I InputDeviceManager: HANDTRACKING Pointer filter profile changed to: 0
04-18 13:54:28.535  1716  1794 I InputDeviceManager: HANDTRACKING Pointer filter profile changed to: 0
04-18 13:54:28.535  1716  1794 I PhaseSync: PhaseSync::PhaseSync PaddingLowerLimit 0.350000 StandardDeviations 2.000000 PaddingUpperLimit 0.750000 on instance 5
04-18 13:54:28.535  1716  1794 I VrRuntimeClient: PhaseSync Instance created
04-18 13:54:28.535  1716  1794 D VrRuntimeClient: pokeGuardianUserServiceForThisClient: com.oculus.shellenv:10022
04-18 13:54:28.538  1716  1794 D VrRuntimeClient: VrRuntimeClient: getClientWindow: activity client
04-18 13:54:28.539  1935  2428 I VrRuntimeService: RuntimeServiceSDKServer::EnableRendering: 0x71d8fec480, 1, com.oculus.shellenv
04-18 13:54:28.539  1935  2428 I ClientMgr: ClientMgr::EnableRendering 1716:com.oculus.shellenv : type 0 comp-id 1: enable
04-18 13:54:28.539  1935  2428 I TimeWarp: CheckDebuggerConnected: debugger 0
04-18 13:54:28.539  1935  2428 I VrRuntimeServer: SysProp debug mode is disabled on Server side
04-18 13:54:28.539  1935  2401 I ClientMgr: Non-overlay clients rendering status has changed: prev=31, curr=32, enabled=2
04-18 13:54:28.541  2534  2534 D VrGuardianUserService: onStartCommandIntent { act=FOREGROUND_CLIENT cmp=com.oculus.guardian/com.oculus.vrguardianservice.VrGuardianUserService (has extras) }
04-18 13:54:28.542   720  2756 D msm8974_platform: platform_split_snd_device: snd_device(24) num devices(0) new_snd_devices(0)
04-18 13:54:28.542   720  2756 D hardware_info: hw_info_append_hw_type : device_name = speaker
04-18 13:54:28.542   720  2756 D msm8974_platform: platform_split_snd_device: snd_device(2) num devices(0) new_snd_devices(0)
04-18 13:54:28.542   720  2756 D audio_hw_primary: enable_snd_device: snd_device(2: speaker)
04-18 13:54:28.542   720  2756 D audio_route: Apply path: speaker
04-18 13:54:28.542  2534  2534 D VrGuardianUserService: onStartCommand FOREGROUND_CLIENT user = 0
04-18 13:54:28.543  2534  2534 D VrGuardianService: setCurrentUser() called with: userId = [0]
04-18 13:54:28.543  2534  2534 I VrGuardianService: nativeSetCurrentUser userid = 0
04-18 13:54:28.543  2534  2534 I GuardianSystem: GuardianSystem::SetCurrentUser: 0 
04-18 13:54:28.546   720  2756 D audio_hw_primary: check_usecases_codec_backend:becf: enabling usecase (low-latency-playback) on (speaker)
04-18 13:54:28.546   720  2756 D audio_hw_utils: audio_extn_utils_send_app_type_cfg: usecase->out_snd_device speaker
04-18 13:54:28.546   720  2756 D msm8974_platform: platform_split_snd_device: snd_device(2) num devices(0) new_snd_devices(0)
04-18 13:54:28.546   720  2756 D audio_hw_utils: audio_extn_btsco_get_sample_rate:Not a BT SCO device, need not update sampling rate
04-18 13:54:28.546   720  2756 I audio_hw_utils: send_app_type_cfg_for_device PLAYBACK app_type 69936, acdb_dev_id 15, sample_rate 48000, snd_device_be_idx 43
04-18 13:54:28.546  1935  2428 I UnifiedTelemetryWrapper: Started UT session render:com.oculus.shellenv
04-18 13:54:28.547   720  2756 D msm8974_platform: platform_split_snd_device: snd_device(2) num devices(1) new_snd_devices(0)
04-18 13:54:28.547   720  2756 D audio_hw_utils: audio_extn_btsco_get_sample_rate:Not a BT SCO device, need not update sampling rate
04-18 13:54:28.548  1716  1794 I ScreenCaptureHelper: Advertising com.oculus.shellenv as streamable
04-18 13:54:28.548  1716  1794 I VrApi   : OVR::Stats thread started
04-18 13:54:28.548  1716  1794 I XrRuntimeUtils: XrRuntimeUtils::BeginSession
04-18 13:54:28.548  1716  1794 I XrRuntimeSystem_Client: BeginSession
04-18 13:54:28.549  1716  1794 I OpenXR  : ------------ xrBeginSession [end] -----------
04-18 13:54:28.549  1716  1794 I VrRuntimeClient: Client has lost focus.
04-18 13:54:28.552  1935  2401 I ClientMgr: GetForegroundClientId: Found foreground uid 10022.
04-18 13:54:28.552  1935  2401 I ClientMgr: Primary client determined to be foreground client: com.oculus.shellenv.
04-18 13:54:28.552  1935  2401 I ClientMgr: ClientMgr::SetPrimaryCompositorClient: 1716:com.oculus.shellenv
04-18 13:54:28.552   720  2756 D ACDB-LOADER: ACDB -> send_audio_cal, acdb_id = 15, path = 0, app id = 0x11130, sample rate = 48000
04-18 13:54:28.552   720  2756 D ACDB-LOADER: ACDB -> send_asm_topology
04-18 13:54:28.552  1935  2401 W ClientMgr: ClientMgr::GetClientPermissionFlagsById: Client missing proper permissions: com.oculus.shellenv, 2
04-18 13:54:28.552  1935  2401 I TimeWarpClientMgr: Enable client 1
04-18 13:54:28.552  1935  2401 I VrRuntimeServer: EnableCompositorClient client(1): layer placement(0) flags(1) sm(0x72398f3010)
04-18 13:54:28.552  1935  2401 I ClientMgr: SetPrimaryPackageName - packageName com.oculus.shellenv processName com.oculus.shellenv clientId 969213430 clientPid 1716
04-18 13:54:28.553  1935  2401 I ServiceInputManager: ServiceInputManager::SetPrimaryPackageName 'com.oculus.shellenv' 'com.oculus.shellenv'  updated AnytimeUI processname 0
04-18 13:54:28.553  1935  2401 I VrRuntimeService: RuntimeIPC: SendPrimaryPackageChangeEvent: PostClientEvent SUCCESS: com.YourCompany.IDLT:com.YourCompany.IDLT:7351, com.oculus.shellenv, com.oculus.shellenv
04-18 13:54:28.553  1935  2401 I VrRuntimeService: RuntimeIPC: SendPrimaryPackageChangeEvent: PostClientEvent SUCCESS: com.oculus.xrstreamingclient:com.oculus.xrstreamingclient:3301, com.oculus.shellenv, com.oculus.shellenv
04-18 13:54:28.553  1935  2401 I VrRuntimeService: RuntimeIPC: SendPrimaryPackageChangeEvent: PostClientEvent SUCCESS: com.oculus.mrservice:com.oculus.mrservice:1508, com.oculus.shellenv, com.oculus.shellenv
04-18 13:54:28.553  1935  2401 I VrRuntimeService: RuntimeIPC: SendPrimaryPackageChangeEvent: PostClientEvent SUCCESS: com.oculus.guardian:com.oculus.vrguardianservice:2534, com.oculus.shellenv, com.oculus.shellenv
04-18 13:54:28.553  1935  2401 I VrRuntimeService: RuntimeIPC: SendPrimaryPackageChangeEvent: PostClientEvent SUCCESS: com.oculus.vrshell:com.oculus.vrshell:Overlay:2107, com.oculus.shellenv, com.oculus.shellenv
04-18 13:54:28.553  1935  2401 I VrRuntimeService: RuntimeIPC: SendPrimaryPackageChangeEvent: PostClientEvent SUCCESS: com.oculus.shellenv:com.oculus.shellenv:1716, com.oculus.shellenv, com.oculus.shellenv
04-18 13:54:28.553  1935  2401 I VrRuntimeService: RuntimeIPC: SendPrimaryPackageChangeEvent: PostClientEvent SUCCESS: com.oculus.vrshell:com.oculus.vrshell:1775, com.oculus.shellenv, com.oculus.shellenv
04-18 13:54:28.553  1935  2401 D VrRuntimeService: sendPrimaryPackageChangeBroadcast
04-18 13:54:28.554  1935  2401 I AADT    : SetAADTLutDataX: 0
04-18 13:54:28.554  1935  2401 I AADT    : SetAADTLutDataY: 0
04-18 13:54:28.554  1935  2401 I ServiceInputManager: DEADRECKONING deadReckoning mode on ClientMgr from server is 0
04-18 13:54:28.554  1935  2401 I TimeWarpClientMgr: Enable client 0
04-18 13:54:28.554  1935  2401 I VrRuntimeServer: EnableCompositorClient client(0): layer placement(2147483643) flags(8) sm(0x71e67495a8)
04-18 13:54:28.555  1935  7800 I TimeWarp: LatchWarpClients: Multiple Primary Clients detected. Skipping frames for 11
04-18 13:54:28.556  1935  7800 I TimeWarp: WarpToScreen: Skipping frames for 11
04-18 13:54:28.556   720  2756 D ACDB-LOADER: ACDB -> ACDB_CMD_GET_AUDPROC_STREAM_TOPOLOGY_ID
04-18 13:54:28.556  1716  8611 I FenceChecker: FenceChecker::MainLoop - started
04-18 13:54:28.556   720  2756 D ACDB-LOADER: ACDB -> send_adm_topology
04-18 13:54:28.556   720  2756 D ACDB-LOADER: ACDB -> ACDB_CMD_GET_AUDPROC_COMMON_TOPOLOGY_ID
04-18 13:54:28.557  2534  2675 I GuardianSystem: runtimeServiceSDKClient_.ForceShowGuardianEvent
04-18 13:54:28.557   720  2756 D ACDB-LOADER: ACDB -> send_audtable
04-18 13:54:28.557   720  2756 D ACDB-LOADER: ACDB -> ACDB_CMD_GET_AUDPROC_COMMON_TABLE_SIZE
04-18 13:54:28.557  2534  2675 I GuardianSystem: ForceShowGuardian: false, 0.00
04-18 13:54:28.557   720  2756 D ACDB-LOADER: ACDB -> ACDB_CMD_GET_AUDPROC_COMMON_TABLE
04-18 13:54:28.557  2534  2675 I GuardianSystem: runtimeServiceSDKClient_.PackageChangeEvent: package=[com.oculus.shellenv], process=[com.oculus.shellenv]
04-18 13:54:28.557   720  2756 D ACDB-LOADER: ACDB -> AUDIO_SET_AUDPROC_CAL
04-18 13:54:28.557  2534  2675 I GuardianSystem: SetCurrentProcessName: com.oculus.shellenv, previous ProcessName: com.YourCompany.IDLT
04-18 13:54:28.557   720  2756 D ACDB-LOADER: ACDB -> send_audvoltable
04-18 13:54:28.557   720  2756 D ACDB-LOADER: ACDB -> ACDB_CMD_GET_AUDPROC_VOL_STEP_TABLE_SIZE
04-18 13:54:28.557   720  2756 D ACDB-LOADER: ACDB -> ACDB_CMD_GET_AUDPROC_GAIN_DEP_STEP_TABLE, vol index 1
04-18 13:54:28.557   720  2756 D         : Failed to fetch the lookup information of the device 0000000F 
04-18 13:54:28.557   720  2756 E ACDB-LOADER: Error: ACDB AudProc vol returned = -19
04-18 13:54:28.557   720  2756 D ACDB-LOADER: ACDB -> AUDIO_SET_VOL_CAL cal type = 12
04-18 13:54:28.557   720  2756 D ACDB-LOADER: ACDB -> ACDB_CMD_GET_AUDPROC_STREAM_TABLE_SIZE
04-18 13:54:28.557   720  2756 D ACDB-LOADER: ACDB -> send_audstrmtable
04-18 13:54:28.557   720  2756 D ACDB-LOADER: ACDB -> ACDB_CMD_GET_AUDPROC_STREAM_TABLE_V2
04-18 13:54:28.557   720  2756 D ACDB-LOADER: ACDB -> audstrm_cal->cal_type.cal_data.cal_size = 16
04-18 13:54:28.557   720  2756 D ACDB-LOADER: ACDB -> send_afe_topology
04-18 13:54:28.557   720  2756 D ACDB-LOADER: ACDB -> ACDB_CMD_GET_AFE_TOPOLOGY_ID
04-18 13:54:28.557   720  2756 D ACDB-LOADER: ACDB -> GET_AFE_TOPOLOGY_ID for adcd_id 15, Topology Id 112fc
04-18 13:54:28.557   720  2756 D ACDB-LOADER: ACDB -> send_afe_cal
04-18 13:54:28.557   720  2756 D ACDB-LOADER: ACDB -> ACDB_CMD_GET_AFE_COMMON_TABLE_SIZE
04-18 13:54:28.557   720  2756 D         : Failed to fetch the lookup information of the device 0000000F 
04-18 13:54:28.557   720  2756 E ACDB-LOADER: Error: ACDB_CMD_GET_AFE_COMMON_TABLE_SIZE Returned = -19
04-18 13:54:28.557   720  2756 D ACDB-LOADER: ACDB -> ACDB_CMD_GET_AFE_COMMON_TABLE
04-18 13:54:28.557   720  2756 D         : Failed to fetch the lookup information of the device 0000000F 
04-18 13:54:28.557   720  2756 E ACDB-LOADER: Error: ACDB AFE returned = -19
04-18 13:54:28.557   720  2756 D ACDB-LOADER: ACDB -> AUDIO_SET_AFE_CAL
04-18 13:54:28.557   720  2756 D ACDB-LOADER: ACDB -> send_hw_delay : acdb_id = 15 path = 0
04-18 13:54:28.557   720  2756 D ACDB-LOADER: ACDB -> ACDB_AVSYNC_INFO: ACDB_CMD_GET_DEVICE_PROPERTY
04-18 13:54:28.557   720  2756 D msm8974_platform: platform_split_snd_device: snd_device(2) num devices(0) new_snd_devices(0)
04-18 13:54:28.557   720  2756 I msm8974_platform: platform_get_custom_mtmx_params: no matching param with id 0 ip_ch 2 op_ch 2 uc_id 1 snd_dev 2
04-18 13:54:28.557   720  2756 D audio_hw_primary: enable_audio_route: apply mixer and update path: low-latency-playback speaker
04-18 13:54:28.557   720  2756 D audio_route: Apply path: low-latency-playback speaker
04-18 13:54:28.559  1716  1794 I OpenXR  : PostSessionStateChange: XR_SESSION_STATE_READY -> XR_SESSION_STATE_SYNCHRONIZED
04-18 13:54:28.560  1716  1794 I Clay    : xrPollEvent: SESSION_STATE_CHANGED: SYNCHRONIZED
04-18 13:54:28.560  1716  8609 D VrApi   : targetSDKVersion 29
04-18 13:54:28.561  1716  8609 I JniUtils: ovr_GetCurrentPackageSignature 
04-18 13:54:28.562  1716  8609 I Metrics : device name = Oculus Quest
04-18 13:54:28.564  1935  7800 I TimeWarp: SetSchedFifo( tid=1794, pol=3, pri=0 ) succeeded
04-18 13:54:28.564  1935  7800 I TimeWarp: SetSchedFifo( tid=8611, pol=3, pri=0 ) succeeded
04-18 13:54:28.564  1935  7800 I AADT    : SetAADTLutDataX. Thread. SizeX: 0
04-18 13:54:28.564  1935  7800 I AADT    : SetAADTLutDataY. Thread. SizeY: 0
04-18 13:54:28.565  1029  3040 W AppOps  : Noting op not finished: uid 10031 pkg com.oculus.vrshell code 24 time=1650282868324 duration=-1
04-18 13:54:28.569  1935  7800 I TimeWarp: WarpToScreen: Skipping frames for 11
04-18 13:54:28.570  1029  3040 E WindowManager: App trying to use insecure INPUT_FEATURE_NO_INPUT_CHANNEL flag. Ignoring
04-18 13:54:28.571   720  2756 D hardware_info: hw_info_append_hw_type : device_name = speaker
04-18 13:54:28.571   720  2756 D msm8974_platform: platform_split_snd_device: snd_device(2) num devices(0) new_snd_devices(0)
04-18 13:54:28.571   720  2756 I audio_hw_utils: audio_extn_utils_update_stream_output_app_type_cfg Allowing 24 and above bits playback on speaker ONLY at default sampling rate
04-18 13:54:28.571   720  2756 D audio_hw_utils: audio_extn_utils_send_app_type_cfg: usecase->out_snd_device speaker
04-18 13:54:28.571   720  2756 D msm8974_platform: platform_split_snd_device: snd_device(2) num devices(0) new_snd_devices(0)
04-18 13:54:28.572   720  2756 D audio_hw_utils: audio_extn_btsco_get_sample_rate:Not a BT SCO device, need not update sampling rate
04-18 13:54:28.572   720  2756 I audio_hw_utils: send_app_type_cfg_for_device PLAYBACK app_type 69936, acdb_dev_id 15, sample_rate 48000, snd_device_be_idx 43
04-18 13:54:28.573   720  2756 D msm8974_platform: platform_split_snd_device: snd_device(2) num devices(1) new_snd_devices(0)
04-18 13:54:28.573   720  2756 D audio_hw_utils: audio_extn_btsco_get_sample_rate:Not a BT SCO device, need not update sampling rate
04-18 13:54:28.573   720  2756 D ACDB-LOADER: ACDB -> send_audio_cal, acdb_id = 15, path = 0, app id = 0x11130, sample rate = 48000
04-18 13:54:28.573   720  2756 D ACDB-LOADER: ACDB -> send_asm_topology
04-18 13:54:28.573   720  2756 D ACDB-LOADER: ACDB -> ACDB_CMD_GET_AUDPROC_STREAM_TOPOLOGY_ID
04-18 13:54:28.573   720  2756 D ACDB-LOADER: ACDB -> send_adm_topology
04-18 13:54:28.573   720  2756 D ACDB-LOADER: ACDB -> ACDB_CMD_GET_AUDPROC_COMMON_TOPOLOGY_ID
04-18 13:54:28.573   720  2756 D ACDB-LOADER: ACDB -> send_audtable
04-18 13:54:28.573   720  2756 D ACDB-LOADER: ACDB -> ACDB_CMD_GET_AUDPROC_COMMON_TABLE_SIZE
04-18 13:54:28.573   720  2756 D ACDB-LOADER: ACDB -> ACDB_CMD_GET_AUDPROC_COMMON_TABLE
04-18 13:54:28.573   720  2756 D ACDB-LOADER: ACDB -> AUDIO_SET_AUDPROC_CAL
04-18 13:54:28.573   720  2756 D ACDB-LOADER: ACDB -> send_audvoltable
04-18 13:54:28.573   720  2756 D ACDB-LOADER: ACDB -> ACDB_CMD_GET_AUDPROC_VOL_STEP_TABLE_SIZE
04-18 13:54:28.573   720  2756 D ACDB-LOADER: ACDB -> ACDB_CMD_GET_AUDPROC_GAIN_DEP_STEP_TABLE, vol index 1
04-18 13:54:28.573   720  2756 D         : Failed to fetch the lookup information of the device 0000000F 
04-18 13:54:28.573   720  2756 E ACDB-LOADER: Error: ACDB AudProc vol returned = -19
04-18 13:54:28.573   720  2756 D ACDB-LOADER: ACDB -> AUDIO_SET_VOL_CAL cal type = 12
04-18 13:54:28.573   720  2756 D ACDB-LOADER: ACDB -> ACDB_CMD_GET_AUDPROC_STREAM_TABLE_SIZE
04-18 13:54:28.573   720  2756 D ACDB-LOADER: ACDB -> send_audstrmtable
04-18 13:54:28.573   720  2756 D ACDB-LOADER: ACDB -> ACDB_CMD_GET_AUDPROC_STREAM_TABLE_V2
04-18 13:54:28.573   720  2756 D ACDB-LOADER: ACDB -> audstrm_cal->cal_type.cal_data.cal_size = 16
04-18 13:54:28.573   720  2756 D ACDB-LOADER: ACDB -> send_afe_topology
04-18 13:54:28.573   720  2756 D ACDB-LOADER: ACDB -> ACDB_CMD_GET_AFE_TOPOLOGY_ID
04-18 13:54:28.573   720  2756 D ACDB-LOADER: ACDB -> GET_AFE_TOPOLOGY_ID for adcd_id 15, Topology Id 112fc
04-18 13:54:28.573   720  2756 D ACDB-LOADER: ACDB -> send_afe_cal
04-18 13:54:28.573   720  2756 D ACDB-LOADER: ACDB -> ACDB_CMD_GET_AFE_COMMON_TABLE_SIZE
04-18 13:54:28.573   720  2756 D         : Failed to fetch the lookup information of the device 0000000F 
04-18 13:54:28.573   720  2756 E ACDB-LOADER: Error: ACDB_CMD_GET_AFE_COMMON_TABLE_SIZE Returned = -19
04-18 13:54:28.573   720  2756 D ACDB-LOADER: ACDB -> ACDB_CMD_GET_AFE_COMMON_TABLE
04-18 13:54:28.573   720  2756 D         : Failed to fetch the lookup information of the device 0000000F 
04-18 13:54:28.573   720  2756 E ACDB-LOADER: Error: ACDB AFE returned = -19
04-18 13:54:28.573   720  2756 D ACDB-LOADER: ACDB -> AUDIO_SET_AFE_CAL
04-18 13:54:28.573   720  2756 D ACDB-LOADER: ACDB -> send_hw_delay : acdb_id = 15 path = 0
04-18 13:54:28.573   720  2756 D ACDB-LOADER: ACDB -> ACDB_AVSYNC_INFO: ACDB_CMD_GET_DEVICE_PROPERTY
04-18 13:54:28.573   720  2756 D msm8974_platform: platform_split_snd_device: snd_device(2) num devices(0) new_snd_devices(0)
04-18 13:54:28.573   720  2756 I msm8974_platform: platform_get_custom_mtmx_params: no matching param with id 0 ip_ch 2 op_ch 2 uc_id 0 snd_dev 2
04-18 13:54:28.573   720  2756 D audio_hw_primary: enable_audio_route: apply mixer and update path: deep-buffer-playback speaker
04-18 13:54:28.573   720  2756 D audio_route: Apply path: deep-buffer-playback speaker
04-18 13:54:28.574   720  2756 D audio_hw_primary: select_devices: done
04-18 13:54:28.575  2534  2675 W OsSdk   : failed to extrapolate controller tracking state.
04-18 13:54:28.581  1935  2401 I VrRuntimeServer: DisableCompositorClient: 0
04-18 13:54:28.582  1935  2401 I TimeWarpClientMgr: Disable client 0
04-18 13:54:28.582  1935  2401 I TimeWarpClientMgr: DisableClient: frame flush required: 1
04-18 13:54:28.582  1935  1935 I ClientMgr: FocusedWindowChanged: falling back to client with same uid: 10031, and pid: 1775
04-18 13:54:28.582  1935  1935 I ClientMgr: FocusedClient changed.
04-18 13:54:28.582  1935  1935 I ClientMgr: ClientMgr::SetFocusedClient: 1775:com.oculus.vrshell type 1
04-18 13:54:28.582  1935  1935 I ClientMgr: SetFocusedPackageName - packageName com.oculus.vrshell processName com.oculus.vrshell clientId 3406357433 clientPid 1775
04-18 13:54:28.582  1935  1935 I VrRuntimeService: RuntimeIPC: SendFocusChangeEventToAllClients: PostClientEvent SUCCESS: com.YourCompany.IDLT:com.YourCompany.IDLT:7351, com.oculus.vrshell, com.oculus.vrshell
04-18 13:54:28.582  1935  1935 I VrRuntimeService: RuntimeIPC: SendFocusChangeEventToAllClients: PostClientEvent SUCCESS: com.oculus.xrstreamingclient:com.oculus.xrstreamingclient:3301, com.oculus.vrshell, com.oculus.vrshell
04-18 13:54:28.582  1935  1935 I VrRuntimeService: RuntimeIPC: SendFocusChangeEventToAllClients: PostClientEvent SUCCESS: com.oculus.mrservice:com.oculus.mrservice:1508, com.oculus.vrshell, com.oculus.vrshell
04-18 13:54:28.582  1935  1935 I VrRuntimeService: RuntimeIPC: SendFocusChangeEventToAllClients: PostClientEvent SUCCESS: com.oculus.guardian:com.oculus.vrguardianservice:2534, com.oculus.vrshell, com.oculus.vrshell
04-18 13:54:28.582  1935  1935 I VrRuntimeService: RuntimeIPC: SendFocusChangeEventToAllClients: PostClientEvent SUCCESS: com.oculus.vrshell:com.oculus.vrshell:Overlay:2107, com.oculus.vrshell, com.oculus.vrshell
04-18 13:54:28.582  1935  1935 I VrRuntimeService: RuntimeIPC: SendFocusChangeEventToAllClients: PostClientEvent SUCCESS: com.oculus.shellenv:com.oculus.shellenv:1716, com.oculus.vrshell, com.oculus.vrshell
04-18 13:54:28.582  1935  1935 I VrRuntimeService: RuntimeIPC: SendFocusChangeEventToAllClients: PostClientEvent SUCCESS: com.oculus.vrshell:com.oculus.vrshell:1775, com.oculus.vrshell, com.oculus.vrshell
04-18 13:54:28.583  1935  7800 I TimeWarp: LatchWarpClients: Multiple Primary Clients detected. Skipping frames for 11
04-18 13:54:28.583  1935  7800 I TimeWarp: WarpToScreen: Skipping frames for 11
04-18 13:54:28.584   720  2756 D msm8974_platform: platform_set_channel_map mixer_ctl_name:Playback Channel Map0
04-18 13:54:28.586   720  2756 D msm8974_platform: platform_set_channel_map: set mapping(1 2 0 0 0 0 0 0) for channel:2
04-18 13:54:28.586   720  2756 D audio_hw_primary: start_output_stream: exit
04-18 13:54:28.587   720  2756 D audio_hw_primary: out_write: retry previous failed cal level set
04-18 13:54:28.587   720  2756 D msm8974_platform: platform_split_snd_device: snd_device(2) num devices(1) new_snd_devices(0)
04-18 13:54:28.587   720  2756 D msm8974_platform: platform_split_snd_device: snd_device(2) num devices(1) new_snd_devices(0)
04-18 13:54:28.597  1935  7800 I TimeWarp: WarpToScreen: Skipping frames for 11
04-18 13:54:28.604  1935  2503 I VrRuntimeService: DestroySwapChain: swapchain=239
04-18 13:54:28.604  1935  2079 I SwapChain: DestroyAndroidSurfaceSwapChain: 0x71d37dc000: Destroying SurfaceTexture 0x2976 Surface 0x2986
04-18 13:54:28.604  1935  2503 I VrRuntimeServer: DestroyTextureSwapChain: result destroyswapchain 1
04-18 13:54:28.605  1935  1935 D VrRuntimeService: onForegroundActivitiesChanged: pid=1775, uid=10031, hasForegroundActivities=false
04-18 13:54:28.611  1935  7800 I TimeWarp: WarpToScreen: Skipping frames for 11
04-18 13:54:28.617  1775  2414 I InputDevice_TrackedRemote: OSSDKTRACKING Haptics != nullpointer 0xc2fcf2d0, 1
04-18 13:54:28.617  1775  2414 I InputDevice_TrackedRemote: OSSDKTRACKING Initializing Haptics
04-18 13:54:28.617  1775  2414 I InputDevice_TrackedRemote: OSSDKTRACKING Haptics != nullpointer 0xc2fcf360, 1
04-18 13:54:28.617  1775  2414 I InputDevice_TrackedRemote: OSSDKTRACKING Initializing Haptics
04-18 13:54:28.617  1775  2414 I InputDevice_TrackedRemote: OSSDKTRACKING Haptics != nullpointer 0xc2fcf390, 1
04-18 13:54:28.617  1775  2414 I InputDevice_TrackedRemote: OSSDKTRACKING Initializing Haptics
04-18 13:54:28.618  1775  2414 I InputDevice_TrackedRemote: OSSDKTRACKING Haptics != nullpointer 0xc2fcf3c0, 1
04-18 13:54:28.618  1775  2414 I InputDevice_TrackedRemote: REMOTE: Hand=1 IndexAnalog=0.00 GripAnalog=0.00 Buttons=0x00000000
04-18 13:54:28.618  1775  2414 I InputDevice_TrackedRemote: REMOTE: Hand=2 IndexAnalog=0.00 GripAnalog=0.00 Buttons=0x00000000
04-18 13:54:28.618  1775  2414 I InputDeviceManager: HANDTRACKING Pointer filter profile changed to: 0
04-18 13:54:28.618  1775  2414 I InputDeviceManager: HANDTRACKING Pointer filter profile changed to: 0
04-18 13:54:28.618  1775  2414 I PhaseSync: PhaseSync::PhaseSync PaddingLowerLimit 0.350000 StandardDeviations 2.000000 PaddingUpperLimit 0.750000 on instance 5
04-18 13:54:28.618  1775  2414 I VrRuntimeClient: PhaseSync Instance created
04-18 13:54:28.618  1935  2413 I VrRuntimeService: RuntimeServiceSDKServer::EnableRendering: 0x0, 0, com.oculus.vrshell
04-18 13:54:28.618  1935  2413 I ClientMgr: EnableRendering2: invalid clientWindow, testing uid/pid
04-18 13:54:28.619  1935  2413 I ClientMgr: EnableRendering2: matched uid: 10031 and pid: 1775 
04-18 13:54:28.619  1935  2413 I ClientMgr: EnableRendering2: Calling SetFocusedClient: 3406357433
04-18 13:54:28.619  1935  2413 I ClientMgr: ClientMgr::SetFocusedClient: 1775:com.oculus.vrshell type 1
04-18 13:54:28.619  1935  2413 I ClientMgr: SetFocusedPackageName - packageName com.oculus.vrshell processName com.oculus.vrshell clientId 3406357433 clientPid 1775
04-18 13:54:28.620  2107  2603 I [OAO] SystemTabletController: Reset, reason: 6, taskBarVisibility: 0
04-18 13:54:28.620  2107  2603 I [OAO] SystemDialogController: Reset
04-18 13:54:28.621  2107  2603 I [OAO] DialogControllerManager: Reset resetReason:6
04-18 13:54:28.621  2107  2603 I [OAO] OverlayFlowController: Reset - Resetting lastNonSystemPackageName to empty
04-18 13:54:28.621  2107  2603 I [OAO] OverlayFlowController: OnPrimaryPackageChange Setting lastNonSystemPackageName = com.oculus.shellenv
04-18 13:54:28.621  2107  2603 I [OAO] OverlaySystemUxOsDialogFlow: OverlaySystemUxOsDialogFlow UpdatePrimaryPackage isVrShellPackage1
04-18 13:54:28.621  2107  2603 I [OAO] OverlayGuardianPtodFlow: OverlayGuardianPtodFlow UpdatePrimaryPackage lastNonSystemPackage:com.oculus.shellenv isVrShellPackage1
04-18 13:54:28.621  2107  2603 I [OAO] OverlayGuardianFlow: OverlayGuardianFlow UpdatePrimaryPackage lastNonSystemPackage:com.oculus.shellenv isVrShellPackage1
04-18 13:54:28.622  2107  2603 I VrRuntimeClient: Client has lost focus.
04-18 13:54:28.622  2107  2603 I OpenXR  : PostSessionStateChange: XR_SESSION_STATE_FOCUSED -> XR_SESSION_STATE_VISIBLE
04-18 13:54:28.622  2107  2603 I [OAO] VrPlatformOpenXr: xrPollEvent: received XR_TYPE_EVENT_DATA_SESSION_STATE_CHANGED: 4 for session 0x2 at time 4033.147942
04-18 13:54:28.622  2107  2603 I [OAO] VrPlatformOpenXr: Session state changed XR_SESSION_STATE_VISIBLE
04-18 13:54:28.622  2107  2603 I [OAO] ShellOverlayApp: ResolveInteractionState: change from InputFocus to None
04-18 13:54:28.622  2107  2603 I [OAO] ShellOverlayApp: LeaveVrMode: Interaction state from InputFocus to None
04-18 13:54:28.623  2107  2603 I [OAO] ShellOverlayApp: EmptyFrame: Pushing an empty frame
04-18 13:54:28.624  1935  2413 I ClientMgr: ClientMgr::EnableRendering 1775:com.oculus.vrshell : type 1 comp-id 3: enable
04-18 13:54:28.624  1935  2413 I TimeWarpClientMgr: Enable client 3
04-18 13:54:28.624  1935  2413 I VrRuntimeServer: EnableCompositorClient client(3): layer placement(2147483647) flags(0) sm(0x7237cee010)
04-18 13:54:28.624  1935  2413 I TimeWarp: CheckDebuggerConnected: debugger 0
04-18 13:54:28.624  1935  2413 I VrRuntimeServer: SysProp debug mode is disabled on Server side
04-18 13:54:28.625  1935  7800 I TimeWarp: LatchWarpClients: Multiple Primary Clients detected. Skipping frames for 11
04-18 13:54:28.625  1935  7800 I TimeWarp: WarpToScreen: Skipping frames for 11
04-18 13:54:28.630  2107  2603 I [OAO] VrPlatformOpenXr: VrPlatformOpenXr::SetPropInhibitHandleHomeKey inhibit:0
04-18 13:54:28.630  2107  2603 I OpenXR_DeviceSettings: ------------ xrSetDeviceSettingBooleanFB -----------
04-18 13:54:28.630  2107  2603 I ClientInputSettings: SetInhibitHandleHomeKey = false for com.oculus.vrshell
04-18 13:54:28.630  2107  2603 I ClientInputInterface: SetInhibitHandleHomeKey 0 for process com.oculus.vrshell 2107
04-18 13:54:28.630  2107  2603 I [OAO] VrPlatformOpenXr: VrPlatformOpenXr::SetPropInhibitHandleHomeKey result = 0
04-18 13:54:28.639  1935  7800 I TimeWarp: WarpToScreen: Skipping frames for 11
04-18 13:54:28.639  2107  2603 I [OAO] SwapChainApiOpenXr: Destroying SwapChain:0xe32996e0
04-18 13:54:28.640  1935  2503 I VrRuntimeService: DestroySwapChain: swapchain=240
04-18 13:54:28.645  1935  2413 I UnifiedTelemetryWrapper: Started UT session render:com.oculus.vrshell
04-18 13:54:28.645  2107  2603 I [OAO] DragDropController: OnBackground
04-18 13:54:28.645  1775  2414 I VrApi   : OVR::Stats thread started
04-18 13:54:28.646  1775  2414 I XrRuntimeUtils: XrRuntimeUtils::BeginSession
04-18 13:54:28.646  1775  2414 I XrRuntimeSystem_Client: BeginSession
04-18 13:54:28.646  2107  2603 I [OAO] DesktopPanelControllerAnalytics: DesktopPanelControllerAnalytics flushing telemetry
04-18 13:54:28.646  2107  2603 I [OAO] DesktopPanelControllerAnalytics: FlushPendingDesktopMetrics Multi-app
04-18 13:54:28.646  1775  2414 I OpenXR  : ------------ xrBeginSession [end] -----------
04-18 13:54:28.646  1508  2798 I [CT]    : MIXEDREALITY: MrFeatureStatus: Client status changed from Paused to Started.
04-18 13:54:28.646  1508  2798 I [CT]    : MIXEDREALITY: MrFeatureStatus: Target status Started, CurrentStatus: Started
04-18 13:54:28.646  1775  2414 I [SEO] VrPlatformOpenXr: VrPlatformOpenXr::SetPropInhibitHandleHomeKey inhibit:1
04-18 13:54:28.646  1775  2414 I OpenXR_DeviceSettings: ------------ xrSetDeviceSettingBooleanFB -----------
04-18 13:54:28.646  1775  2414 I ClientInputSettings: SetInhibitHandleHomeKey = true for com.oculus.vrshell
04-18 13:54:28.646  1775  2414 I ClientInputInterface: SetInhibitHandleHomeKey 1 for process com.oculus.vrshell 1775
04-18 13:54:28.646  1775  2414 I [SEO] VrPlatformOpenXr: VrPlatformOpenXr::SetPropInhibitHandleHomeKey result = 0
04-18 13:54:28.646  1775  2414 I [SEO] Compositor: EnterVrMode with eye buffer: 1216x1344 : 3
04-18 13:54:28.646  1775  2414 I [SEO] AudioMixer: Enabling AudioPlayer.
04-18 13:54:28.646  1775  2414 I [SEO] AudioEngine: virtual void AudioLibrary::AudioEngine::EnablePlayer()
04-18 13:54:28.647  2107  2603 I [OAO] VrPlatformOpenXr: SessionEnd state XR_SESSION_STATE_VISIBLE    focused:0
04-18 13:54:28.648  2107  2603 D [OAO] ShellApplication: setOverlayInputFocus: inputFocus=false shouldSupportIME=false
04-18 13:54:28.648  2107  2603 D [OAO] BaseOverlayService: setOverlayInputFocus : entrypoint - inputFocus=false shouldSupportIME=false
04-18 13:54:28.648  2107  2603 I OpenXR  : ------------ RequestExitSession [start] -----------
04-18 13:54:28.648  2107  2603 I OpenXR  : ------------ RequestExitSession [end] -----------
04-18 13:54:28.648  2107  2603 I OpenXR  : PostSessionStateChange: XR_SESSION_STATE_VISIBLE -> XR_SESSION_STATE_SYNCHRONIZED
04-18 13:54:28.649  2107  2603 I [OAO] VrPlatformOpenXr: xrPollEvent: received XR_TYPE_EVENT_DATA_SESSION_STATE_CHANGED: 3 for session 0x2 at time 4033.174047
04-18 13:54:28.649  2107  2603 I [OAO] VrPlatformOpenXr: Session state changed XR_SESSION_STATE_SYNCHRONIZED
04-18 13:54:28.649  2107  2603 I OpenXR  : PostSessionStateChange: XR_SESSION_STATE_SYNCHRONIZED -> XR_SESSION_STATE_STOPPING
04-18 13:54:28.649  2107  2603 I [OAO] VrPlatformOpenXr: xrPollEvent: received XR_TYPE_EVENT_DATA_SESSION_STATE_CHANGED: 6 for session 0x2 at time 4033.174590
04-18 13:54:28.649  2107  2603 I [OAO] VrPlatformOpenXr: Session state changed XR_SESSION_STATE_STOPPING
04-18 13:54:28.649  2107  2603 I [OAO] VrPlatformOpenXr: SessionEnd2 state XR_SESSION_STATE_STOPPING    focused:0
04-18 13:54:28.649  1508  3152 I [CT]    : MIXEDREALITY: MrFeatureStatus: Client status changed from Started to Paused.
04-18 13:54:28.649  1508  3152 I [CT]    : MIXEDREALITY: MrFeatureStatus: Target status Started, CurrentStatus: Started
04-18 13:54:28.649  2107  2603 I OpenXR  : ------------ xrEndSession [start] -----------
04-18 13:54:28.649  2107  2603 I XrRuntimeUtils: XrRuntimeUtils::EndSession
04-18 13:54:28.653  1935  7800 I TimeWarp: WarpToScreen: Skipping frames for 11
04-18 13:54:28.657  2107  2107 D [OAO] BaseOverlayService: detachServiceWindowView
04-18 13:54:28.657  1775  2414 D         : PlayerBase::PlayerBase()
04-18 13:54:28.657  1775  2414 D         : TrackPlayerBase::TrackPlayerBase()
04-18 13:54:28.657  1775  2414 I libOpenSLES: Emulating old channel mask behavior (ignoring positional mask 0x3, using default mask 0x3 based on channel count of 2)
04-18 13:54:28.660   720   720 D audio_hw_primary: adev_get_parameters:vr_audio_mode_on
04-18 13:54:28.660   720   720 I audio_hw_primary: getting vr mode to 0
04-18 13:54:28.660   720   720 D audio_hw_primary: adev_get_parameters: exit: returns - vr_audio_mode_on=false
04-18 13:54:28.660   602  6401 I AudioPolicyManagerCustom: VR mode is 0, switch to primary output if request is for fast|raw
04-18 13:54:28.661   602  6401 W AudioFlinger: createTrack_l(): mismatch between requested flags (00000104) and output flags (00000006)
04-18 13:54:28.661   602  6401 D AudioFlinger: Client defaulted notificationFrames to 192 for frameCount 384
04-18 13:54:28.667  1935  7800 I TimeWarp: WarpToScreen: Skipping frames for 11
04-18 13:54:28.672   602  6401 D AF::TrackHandle: OpPlayAudio: track:86 uid:10031 pkg:com.oculus.vrshell usage:1 not muted
04-18 13:54:28.673  1775  8613 D VrApi   : targetSDKVersion 29
04-18 13:54:28.674  1775  8613 I JniUtils: ovr_GetCurrentPackageSignature 
04-18 13:54:28.677   602  1004 D AudioFlinger: mixer(0x711158e780) throttle end: throttle time(49)
04-18 13:54:28.681  1935  7800 I TimeWarp: WarpToScreen: Skipping frames for 11
04-18 13:54:28.681  1775  8613 I Metrics : device name = Oculus Quest
04-18 13:54:28.687  1437  1437 D OculusNotificationListenerService: Notification posted: 0|android|0|com.android.server.wm.AlertWindowNotification - com.oculus.vrshell|1000
04-18 13:54:28.695  1935  7800 I TimeWarp: WarpToScreen: Skipping frames for 11
04-18 13:54:28.695  1775  2414 I AudioTrack: createTrack_l(0): AUDIO_OUTPUT_FLAG_FAST successful; frameCount 0 -> 384
04-18 13:54:28.701  1232  1232 V AvrcpMediaPlayerList: onPlaybackConfigChanged(): Configs list size=9
04-18 13:54:28.706  1029  1414 E InputDispatcher: Window handle Window{d97f8d7 u0 com.oculus.vrshell} has no registered input channel
04-18 13:54:28.709  1935  7800 I TimeWarp: WarpToScreen: Skipping frames for 11
04-18 13:54:28.710  1775  2414 D [SEO] ShellApplication: requestAudioFocus, transientFocus=false
04-18 13:54:28.712  1775  2414 W AudioManager: Use of stream types is deprecated for operations other than volume control
04-18 13:54:28.712  1775  2414 W AudioManager: See the documentation of requestAudioFocus() for what to use instead with android.media.AudioAttributes to qualify your playback use case
04-18 13:54:28.713  1029  4324 I MediaFocusControl: requestAudioFocus() from uid/pid 10031/1775 clientId=android.media.AudioManager@6e8112dcom.oculus.vrshell.ShellAudioFocusHandler@bd93662 callingPack=com.oculus.vrshell req=1 flags=0x0 sdk=29
04-18 13:54:28.714  1775  2414 I [SEO] AudioSystem: Got audio focus : 1
04-18 13:54:28.714  1775  2414 I [SEO] SystemUXController: Recentering for launch - None, , 
04-18 13:54:28.714  1775  2414 I [SEO] LocalSpace: ResetNextFrame
04-18 13:54:28.714  1775  2414 I [SEO] GuardianController: auiPanel == nullptr
04-18 13:54:28.714  1775  2414 I [SEO] SystemAssistant: OnModeChanged from ImmersiveAppFocused to FullShell
04-18 13:54:28.715  1775  2414 I [SEO] LocalSpace: EnterVrMode: Setting local pose state.
04-18 13:54:28.715  2929  7029 I chatty  : uid=10030 com.oculus.systemux:SystemUX expire 8 lines
04-18 13:54:28.715  1896  4657 I RuntimeIPCServerMgr: HandleClientDisconnect: Client: com.oculus.systemux:com.oculus.systemux:SystemUX:2929, Server: com.oculus.presence:com.oculus.presence (PubSubServer)
04-18 13:54:28.716  1896  4657 I RuntimeIPCServerMgr: HandleClientDisconnect: Client: com.oculus.systemux:com.oculus.systemux:SystemUX:2929, Server: com.oculus.presence:com.oculus.presence (PresenceServer)
04-18 13:54:28.717  2929  2929 I chatty  : uid=10030 com.oculus.systemux:SystemUX expire 14 lines
04-18 13:54:28.717  2929  2929 D [SUI] BarViewModel: Destroying BarViewModel
04-18 13:54:28.717  2929  2929 D [SUI] AnytimeUIPanelAppBase: Releasing viewModel SettingsViewModel refCount: 0
04-18 13:54:28.717  2929  2929 D [SUI] SettingsViewModel: Destroying ViewModel
04-18 13:54:28.722   828  7785 I [CT]    : VIPER:MAP_MANAGER: State: TrackingPersistent, UUID=45b9b569-7edd-c4f9-026b-eee8a448615e, Num. Persistent maps = 3,  Persistent maps:d29636d4-dc34-e0ce-153c-c97c1f3cba6a,45b9b569-7edd-c4f9-026b-eee8a448615e,9d3b66b5-88f7-7370-9f9f-9f33a95d19d9,
04-18 13:54:28.723  1935  7800 I TimeWarp: WarpToScreen: Skipping frames for 11
04-18 13:54:28.736  1935  7800 I chatty  : uid=10028(com.oculus.systemdriver) OVR::TimeWarp identical 1 line
04-18 13:54:28.750  1935  7800 I TimeWarp: WarpToScreen: Skipping frames for 11
04-18 13:54:28.752  7351  7912 I VrApi   : FPS=27/72,Prd=54ms,Tear=0,Early=0,Stale=72,VSnc=1,Lat=1,Fov=0,CPU4/GPU=4/5,2304/710MHz,OC=FF,TA=0/3/3,SP=N/N/N,Mem=1804MHz,Free=589MB,PLS=0,Temp=35.0C/0.0C,TW=4.35ms,App=40.85ms,GD=0.16ms,CPU&GPU=62.78ms,LCnt=2,GPU%=0.87,CPU%=0.18(W0.19),DSF=1.00
04-18 13:54:28.758  1029  1055 I ActivityTaskManager: Displayed com.oculus.shellenv/.ShellEnvActivity: +300ms
04-18 13:54:28.764  1935  7800 I TimeWarp: WarpToScreen: Skipping frames for 11
04-18 13:54:28.778  1935  7800 I TimeWarp: WarpToScreen: Skipping frames for 11
04-18 13:54:28.780  1775  2414 I OpenXR_Hands: ------------ xrGetHandMeshFB -----------
04-18 13:54:28.780  1775  2414 I OpenXR_Hands: ------------ xrGetHandMeshFB -----------
04-18 13:54:28.780  1775  2414 D VrRuntimeClient: loadDriverResource - resourceName: 'hand_left' 
04-18 13:54:28.782  2117  2243 W LibraryProvider: Cannot find entitlement for com.oculus.shellenv
04-18 13:54:28.784  1775  2414 I OpenXR_Hands: ------------ xrGetHandMeshFB -----------
04-18 13:54:28.784  1775  2414 I OpenXR_Hands: ------------ xrGetHandMeshFB -----------
04-18 13:54:28.784  1775  2414 D VrRuntimeClient: loadDriverResource - resourceName: 'hand_right' 
04-18 13:54:28.784  2507  2655 W OVRLibrary: null cursor received for query content://com.oculus.ocms.library/apps/com.oculus.shellenv
04-18 13:54:28.789  1775  2414 I [SEO] LocalSpace: Reset - initialRawFromLocalPose: quat(-0.021369, 0.076123, 0.019772, 0.996673), translation(-0.096939, 0.145404, -0.023827)
04-18 13:54:28.789  1775  2414 I [SEO] LocalSpace: Applying VRAPI Reorient
04-18 13:54:28.789  1935  2413 I VrRuntimeService: RuntimeServiceSDKServer::RecenterLocalSpace
04-18 13:54:28.789  1935  2413 I VrRuntimeService: RuntimeServiceSDKServer::RecenterLocalSpaceInternal
04-18 13:54:28.789  1935  2413 I VrRuntimeServer: UpdateLocalSpace: Src: 2, Version: 24, VersionUser: 0, RawFloorHeightOld: -1.044920, RawFloorHeightNew: -1.044920
04-18 13:54:28.792  1935  7800 I TimeWarp: WarpToScreen: Skipping frames for 11
04-18 13:54:28.794   828  1566 E TrackingService: attachClient: found client in attached list
04-18 13:54:28.797  2534  2675 I GuardianSystem: UpdateSystem: Responding to local space version number change.
04-18 13:54:28.798  2534  2675 I GuardianSurfaceMgr: ForceShowSurfaceBounds: false, 1.00
04-18 13:54:28.798   828  1566 D TrackingService: getSharedMemory: com.oculus.vrshell, Controller
04-18 13:54:28.798  2534  2675 I GuardianSurfaceMgr: ForceShowSurfaceBounds: Soft fade out: currentTime 4033.32, ForceShowTime 4034.32, ForceShowFadeTime 4035.32
04-18 13:54:28.798  1775  2414 W OsSdk   : failed to extrapolate controller tracking state.
04-18 13:54:28.798  1775  2414 I [SEO] InputManager: Adding controller deviceId = 2
04-18 13:54:28.800  1775  2414 I [SEO] InputManager: Switching Primary controller due to vrapi
04-18 13:54:28.800  1775  2414 I [SEO] GuardianController: Secondary controller active state changed: INACTIVE
04-18 13:54:28.800  2534  2682 I VrGuardianService: GuardianSDKServer::SetSecondaryControllerActive 0
04-18 13:54:28.801  1775  2414 I [SEO] RouteInput: New inputState.cursorTraceSource: 1
04-18 13:54:28.801  1775  2414 I [SEO] SystemTaskBarV2: Create PanelApp
